[backblue.gif]
[fade.gif]
[index.html]
[web/ico/favicon.ico]
[web/png/icon_casopracticofpd.png]
[web/png/caso_personajes_24.png]
[web/jpg/ministerio-de-educacion-y-formacion-profesional-web.jpg]
[web/html/index.html]
[web/jpg/ad03_cont_r02_tabla.jpg]
[web/jpg/ad03_cont_r02_tabla_miniatura.jpg]
[web/gif/icon_autoevaluacionfpd.gif]
[web/jpg/ad03_cont_r03_typemistmach.jpg]
[web/html/1_introduccin.html]
[web/png/caso_personajes_26.png]
[web/png/0_0.png]
[web/png/0_01.png]
[web/png/0_02.png]
[web/html/2_protocolos_de_acceso_a_bases_de_datos.html]
[web/jpg/ad03_cont_r08_drivers.jpg]
[web/jpg/ad03_cont_r08_drivers_miniatura.jpg]
[web/png/icon_parasabermasfpd.png]
[web/html/3_conectores_o_drivers.html]
[web/png/arquitectura_dos_capas.png]
[web/png/arquitectura_tres_capas.png]
[web/html/4_arquitectura_jdbc.html]
[web/jpg/ad03_cont_r09_drivertipo1.jpg]
[web/jpg/ad03_cont_r09_drivertipo1_miniatura.jpg]
[web/jpg/ad03_cont_r10_drivertipo2.jpg]
[web/jpg/ad03_cont_r10_drivertipo2_miniatura.jpg]
[web/html/41_conectores_tipo_1_y_tipo_2.html]
[web/jpg/ad03_cont_r11_drivertipo3.jpg]
[web/jpg/ad03_cont_r11_drivertipo3_miniatura.jpg]
[web/jpg/ad03_cont_r12_drivertipo4.jpg]
[web/jpg/ad03_cont_r12_drivertipo4_miniatura.jpg]
[web/html/42_conectores_tipo_3_y_tipo_4.html]
[web/jpg/ein_ppaa_caso_r08_profesorcuerpo_fot.jpg]
[web/jpg/ad03_cont_r14_databases.jpg]
[web/jpg/ad03_cont_r14_00_codigoconec.jpg]
[web/jpg/ad03_cont_r14_00_codigoconec_miniatura.jpg]
[web/html/5_conexin_a_una_base_de_datos.html]
[web/jpg/caso_personajes_08.jpg]
[web/jpg/ad03_cont_r18_aspirina.jpg]
[web/png/icon_debesconocerfpd.png]
[web/png/icon_recomendacionfpd.png]
[web/html/51_creacin_de_la_base_de_datos.html]
[web/html/52_drivers_de_conexin_oracle_y_mysql.html]
[web/html/53_instalar_el_conector_de_la_base_de_datos.html]
[web/html/54_jdbc_conexin_a_una_base_de_datos.html]
[web/jpg/ad03_cont_r25_dudapollo.jpg]
[web/jpg/jdbc_instrucciones.jpg]
[web/html/55_realizacin_de_consultas.html]
[web/html/56_ejecucin_de_sentencias_dml.html]
[web/jpg/gestora_y_asesora_en_las_areas_de_aprovisionamiento_01.jpg]
[web/jpg/ad03_cont_r27_almacen.jpg]
[web/jpg/ad03_cont_r27_01_codpl.jpg]
[web/jpg/ad03_cont_r27_01_codpl_miniatura.jpg]
[web/html/57_ejecucin_de_procedimientos_almacenados_en_la_base_de_datos.html]
[web/jpg/ad03_cont_r27_03_codigo.jpg]
[web/txt/ad03_cont_r28_creartabla.txt]
[web/txt/ad03_cont_r28_01_rutinainsertarcliente.txt]
[web/zip/ad03_cont_r28_02_inserconprocalma.zip]
[web/html/571_ejecucin_de_procedimientos_almacenados_en_la_base_de_datos_mysql.html]
[web/html/572_ejecucin_de_procedimientos_almacenados_en_la_base_de_datos_oracle.html]
[web/html/58_sentencias_preparadas.html]
[web/html/59_captura_de_errores_y_liberacin_de_recursos.html]
[web/jpg/caso_personajes_03.jpg]
[web/jpg/ad03_cont_r29_americanexpress.jpg]
[web/jpg/ad03_cont_r30_commit.jpg]
[web/html/510_transacciones.html]
[web/html/511_consultas_al_diccionario_de_datos.html]
[web/html/512_recuperacin_y_modificacin_de_valores_de_resultset.html]
[web/jpg/ad03_cont_r15_portatil.jpg]
[web/png/pool_de_conexiones.png]
[web/html/513_pool_de_conexiones.html]
[web/jpg/ad03_cont_r16_computadores.jpg]
[web/png/modelviewcontrollerdiagram.png]
[web/html/5131_ejemplo_de_pool_de_conexiones_mysql.html]
[web/html/5132_ejemplo_de_pool_de_conexiones_oracle.html]
[web/jpg/caso_personajes_04.jpg]
[web/jpg/ad03_cont_r21_interrogante.jpg]
[web/html/6_operaciones_ejecucin_de_consultas.html]
[web/jpg/ad03_cont_r32__capturandoburbujas.jpg]
[web/html/7_excepciones_y_cierre_de_conexiones.html]
[web/gif/ad03_cont_r33_excepcion.gif]
[web/jpg/ad03_cont_r34_estrucexcp.jpg]
[web/jpg/ad03_cont_r34_estrucexcp_miniatura.jpg]
[web/txt/ad03_cont_r35_estrucexp.txt]
[web/html/71_excepciones.html]
[web/jpg/ad03_cont_r36_candado.jpg]
[web/jpg/ad03_cont_r37_cierre.jpg]
[web/jpg/ad03_cont_r37_cierre_miniatura.jpg]
[web/html/72_cierre_de_conexiones.html]
[web/jpg/ad03_cont_r05_mac_anexo.jpg]
[web/jpg/ad03_cont_r14_databases_anexo.jpg]
[web/jpg/ad03_cont_r14_02_mysql_anexo.jpg]
[web/jpg/ad03_cont_r15_portatil_anexo.jpg]
[web/jpg/ad03_cont_r21_interrogante_anexo.jpg]
[web/jpg/ad03_cont_r24_query_anexo.jpg]
[web/jpg/ad03_cont_r25_dudapollo_anexo.jpg]
[web/jpg/ad03_cont_r27_almacen_anexo.jpg]
[web/jpg/ad03_cont_r27_03_codigo_anexo.jpg]
[web/jpg/ad03_cont_r29_americanexpress_anexo.jpg]
[web/jpg/ad03_cont_r32__capturandoburbujas_anexo.jpg]
[web/gif/ad03_cont_r33_excepcion_anexo.gif]
[web/html/anexo_licencias_de_recursos.html]
[web/html/ad03_descripcion_video_instalacion_de_oracle_express_y_creacion_de_tablas.html]
[web/html/ad03_descripcion_video_excepciones_en_java.html]
[web/html/ad03_descripcion_video_base_de_datos_en_java.html]
[web/ico/favicon.ico]
[web/gif/popup_bg.gif]
[web/css/base.css]
[web/jpg/ministerio-de-educacion-y-formacion-profesional-web.jpg]
[web/png/icon_casopracticofpd.png]
[web/png/caso_personajes_24.png]
[web/jpg/ad03_cont_r02_tabla_miniatura.jpg]
[web/jpg/ad03_cont_r02_tabla.jpg]
[web/gif/icon_autoevaluacionfpd.gif]
[web/jpg/ad03_cont_r03_typemistmach.jpg]
[web/png/0_02.png]
[web/png/lupa.png]
[web/png/caso_personajes_26.png]
[web/jpg/ad03_cont_r08_drivers.jpg]
[web/png/0_0.png]
[web/gif/pre_code_bg.gif]
[web/jpg/ad03_cont_r08_drivers_miniatura.jpg]
[web/png/documento.png]
[web/png/pdf.png]
[web/png/hcalculo.png]
[web/png/icon_parasabermasfpd.png]
[web/png/dibujo.png]
[web/png/presentacion.png]
[web/png/imagen.png]
[web/png/audio.png]
[web/png/arquitectura_dos_capas.png]
[web/png/video.png]
[web/png/paquete.png]
[web/png/binario.png]
[web/png/html.png]
[web/png/arquitectura_tres_capas.png]
[web/png/cc-by.png]
[web/png/cc-by-nc.png]
[web/png/cc-by-nd.png]
[web/png/cc-by-sa.png]
[web/jpg/ad03_cont_r09_drivertipo1.jpg]
[web/png/cc-by-nc-nd.png]
[web/jpg/ad03_cont_r09_drivertipo1_miniatura.jpg]
[web/jpg/ad03_cont_r10_drivertipo2.jpg]
[web/jpg/ad03_cont_r11_drivertipo3_miniatura.jpg]
[web/jpg/ad03_cont_r10_drivertipo2_miniatura.jpg]
[web/png/cc-by-nc-sa.png]
[web/jpg/ad03_cont_r11_drivertipo3.jpg]
[web/jpg/ad03_cont_r12_drivertipo4.jpg]
[web/png/cc0.png]
[web/png/glosario.png]
[web/png/postit.png]
[web/png/icon_orientacionesfpd.png]
[web/jpg/ad03_cont_r12_drivertipo4_miniatura.jpg]
[web/png/icon_citasparapensarfpd.png]
[web/jpg/ein_ppaa_caso_r08_profesorcuerpo_fot.jpg]
[web/jpg/ad03_cont_r14_00_codigoconec.jpg]
[web/jpg/caso_personajes_08.jpg]
[web/jpg/ad03_cont_r14_databases.jpg]
[web/jpg/ad03_cont_r14_00_codigoconec_miniatura.jpg]
[web/png/icon_reflexionfpd.png]
[web/jpg/ad03_cont_r18_aspirina.jpg]
[web/png/icon_ejercicioresueltofpd.png]
[web/png/icon_gallery.png]
[web/png/icon_activity.png]
[web/png/icon_preknowledge.png]
[web/png/icon_objectives.png]
[web/png/icon_debesconocerfpd.png]
[web/png/icon_casestudy.png]
[web/png/icon_reading.png]
[web/png/icon_reflection.png]
[web/png/icon_recomendacionfpd.png]
[web/jpg/ad03_cont_r25_dudapollo.jpg]
[web/jpg/jdbc_instrucciones.jpg]
[web/jpg/gestora_y_asesora_en_las_areas_de_aprovisionamiento_01.jpg]
[web/jpg/ad03_cont_r27_01_codpl_miniatura.jpg]
[web/gif/icon_question.gif]
[web/jpg/ad03_cont_r27_01_codpl.jpg]
[web/png/bullet.png]
[web/jpg/ad03_cont_r27_almacen.jpg]
[web/jpg/ad03_cont_r27_03_codigo.jpg]
[web/png/nivel1.png]
[web/png/nivel2.png]
[web/png/nivel3.png]
[web/png/nivel4.png]
[web/txt/ad03_cont_r28_creartabla.txt]
[web/png/nivel5.png]
[web/png/nivel6.png]
[web/css/content.css]
[web/txt/ad03_cont_r28_01_rutinainsertarcliente.txt]
[web/gif/active_bg.gif]
[web/jpg/caso_personajes_03.jpg]
[web/jpg/ad03_cont_r29_americanexpress.jpg]
[web/zip/ad03_cont_r28_02_inserconprocalma.zip]
[web/jpg/ad03_cont_r15_portatil.jpg]
[web/jpg/ad03_cont_r30_commit.jpg]
[web/png/icono-menu.png]
[web/css/nav.css]
[web/js/exe_jquery.js]
[web/png/pool_de_conexiones.png]
[web/js/common_i18n.js]
[web/jpg/ad03_cont_r16_computadores.jpg]
[web/png/modelviewcontrollerdiagram.png]
[web/jpg/ad03_cont_r32__capturandoburbujas.jpg]
[web/jpg/caso_personajes_04.jpg]
[web/jpg/ad03_cont_r21_interrogante.jpg]
[web/gif/ad03_cont_r33_excepcion.gif]
[web/jpg/ad03_cont_r36_candado.jpg]
[web/jpg/ad03_cont_r34_estrucexcp.jpg]
[web/jpg/ad03_cont_r37_cierre.jpg]
[web/txt/ad03_cont_r35_estrucexp.txt]
[web/jpg/ad03_cont_r34_estrucexcp_miniatura.jpg]
[web/jpg/ad03_cont_r37_cierre_miniatura.jpg]
[web/jpg/ad03_cont_r05_mac_anexo.jpg]
[web/jpg/ad03_cont_r14_02_mysql_anexo.jpg]
[web/jpg/ad03_cont_r14_databases_anexo.jpg]
[web/jpg/ad03_cont_r15_portatil_anexo.jpg]
[web/jpg/ad03_cont_r21_interrogante_anexo.jpg]
[web/js/common.js]
[web/js/_fpd_js.js]
[web/jpg/ad03_cont_r27_03_codigo_anexo.jpg]
[web/jpg/ad03_cont_r25_dudapollo_anexo.jpg]
[web/jpg/ad03_cont_r24_query_anexo.jpg]
[web/css/exe_highlighter.css]
[web/js/exe_highlighter.js]
[web/jpg/ad03_cont_r29_americanexpress_anexo.jpg]
[web/html/ad03_descripcion_video_instalacion_de_oracle_express_y_creacion_de_tablas.html]
[web/png/lupa.png]
[web/png/documento.png]
[web/png/pdf.png]
[web/jpg/ad03_cont_r27_almacen_anexo.jpg]
[web/png/dibujo.png]
[web/html/ad03_descripcion_video_excepciones_en_java.html]
[web/png/presentacion.png]
[web/png/imagen.png]
[web/gif/ad03_cont_r33_excepcion_anexo.gif]
[web/html/ad03_descripcion_video_base_de_datos_en_java.html]
[web/png/video.png]
[web/png/paquete.png]
[web/png/binario.png]
[web/png/cc-by.png]
[web/png/cc-by-nc.png]
[web/png/cc0.png]
[web/png/cc-by-nd.png]
[web/png/cc-by-nc-nd.png]
[web/png/glosario.png]
[web/png/postit.png]
[web/png/icon_gallery.png]
[web/png/icon_citasparapensarfpd.png]
[web/png/icon_ejercicioresueltofpd.png]
[web/png/icon_activity.png]
[web/xspf_player5eca.html]
[web/exe_media.html]
[web/exe_media-2.html]
