[backblue.gif]
[fade.gif]
[index.html]
[WEB/ICO/FAVICON.ICO]
[WEB/PNG/ICON_CAS.PNG]
[WEB/JPG/CASO_SOP.JPG]
[WEB/JPG/MINISTER.JPG]
[WEB/HTML/INDEX.HTM]
[WEB/JPG/CASO_PRO.JPG]
[WEB/JPG/PSP04_CO.JPG]
[WEB/JPG/PSP04_-2.JPG]
[WEB/GIF/ICON_AUT.GIF]
[WEB/HTML/1_PARADI.HTM]
[WEB/JPG/PSP04_-3.JPG]
[WEB/HTML/11_CARAC.HTM]
[WEB/JPG/PSP04_-4.JPG]
[WEB/HTML/12_VENTA.HTM]
[WEB/JPG/PSP04_-5.JPG]
[WEB/JPG/PSP04_-6.JPG]
[WEB/HTML/13_MODEL.HTM]
[WEB/PNG/PSP04_CO.PNG]
[WEB/HTML/14_PROGR.HTM]
[WEB/PNG/PSP04_-2.PNG]
[WEB/JPG/PSP04_-7.JPG]
[WEB/HTML/15_EJEMP.HTM]
[WEB/JPG/PSP04_-8.JPG]
[WEB/JPG/PSP04_-9.JPG]
[WEB/JPG/PSP04-10.JPG]
[WEB/HTML/151_EJEM.HTM]
[WEB/JPG/PSP04-11.JPG]
[WEB/HTML/2_OPTIMI.HTM]
[WEB/PNG/PSP04_-3.PNG]
[WEB/PNG/PSP04_-4.PNG]
[WEB/PNG/PSP04_-5.PNG]
[WEB/PNG/PSP04_-6.PNG]
[WEB/PNG/ICON_PAR.PNG]
[WEB/MP4/SOCKET_Y.MP4]
[WEB/HTML/21_ATEND.HTM]
[WEB/HTML/22_THREA.HTM]
[WEB/JPG/PSP04-12.JPG]
[WEB/HTML/23_EJEMP.HTM]
[WEB/JPG/PSP04-13.JPG]
[WEB/HTML/231_EJEM.HTM]
[WEB/JPG/PSP04-14.JPG]
[WEB/JPG/PSP04-15.JPG]
[WEB/JPG/PSP04-16.JPG]
[WEB/JPG/PSP04-17.JPG]
[WEB/HTML/24_PRDID.HTM]
[WEB/JPG/PSP04-18.JPG]
[WEB/JPG/PSP04-19.JPG]
[WEB/HTML/25_TRANS.HTM]
[WEB/JPG/PSP04-20.JPG]
[WEB/HTML/26_EJEMP.HTM]
[WEB/PNG/PSP04_-7.PNG]
[WEB/JPG/PSP04-21.JPG]
[WEB/JPG/PSP04-22.JPG]
[WEB/HTML/27_MONIT.HTM]
[WEB/HTML/28_EJEMP.HTM]
[WEB/PNG/PSP04_-8.PNG]
[WEB/PNG/PSP04_-9.PNG]
[WEB/PNG/PSP04-10.PNG]
[WEB/JPG/PSP04-23.JPG]
[WEB/JPG/PSP04-24.JPG]
[WEB/PNG/PSP04-11.PNG]
[WEB/HTML/ANEXO_LI.HTM]
[WEB/ICO/FAVICON.ICO]
[WEB/GIF/POPUP_BG.GIF]
[WEB/CSS/BASE.CSS]
[WEB/PNG/ICON_CAS.PNG]
[WEB/JPG/CASO_SOP.JPG]
[WEB/PNG/LUPA.PNG]
[WEB/JPG/MINISTER.JPG]
[WEB/JPG/CASO_PRO.JPG]
[WEB/GIF/PRE_CODE.GIF]
[WEB/PNG/DOCUMENT.PNG]
[WEB/PNG/PDF.PNG]
[WEB/PNG/HCALCULO.PNG]
[WEB/JPG/PSP04_CO.JPG]
[WEB/PNG/DIBUJO.PNG]
[WEB/PNG/PRESENTA.PNG]
[WEB/PNG/IMAGEN.PNG]
[WEB/JPG/PSP04_-2.JPG]
[WEB/PNG/AUDIO.PNG]
[WEB/PNG/VIDEO.PNG]
[WEB/PNG/PAQUETE.PNG]
[WEB/PNG/BINARIO.PNG]
[WEB/PNG/HTML.PNG]
[WEB/JPG/PSP04_-3.JPG]
[WEB/PNG/CC_BY.PNG]
[WEB/PNG/CC_BY_NC.PNG]
[WEB/PNG/CC_BY_ND.PNG]
[WEB/JPG/PSP04_-4.JPG]
[WEB/PNG/CC_BY_SA.PNG]
[WEB/PNG/CC_BY_-2.PNG]
[WEB/PNG/CC_BY_-3.PNG]
[WEB/PNG/CC0.PNG]
[WEB/JPG/PSP04_-5.JPG]
[WEB/PNG/GLOSARIO.PNG]
[WEB/PNG/POSTIT.PNG]
[WEB/PNG/ICON_ORI.PNG]
[WEB/PNG/ICON_DEB.PNG]
[WEB/JPG/PSP04_-6.JPG]
[WEB/PNG/ICON_CIT.PNG]
[WEB/PNG/PSP04_CO.PNG]
[WEB/PNG/PSP04_-2.PNG]
[WEB/JPG/PSP04_-9.JPG]
[WEB/JPG/PSP04_-7.JPG]
[WEB/PNG/ICON_REC.PNG]
[WEB/JPG/PSP04_-8.JPG]
[WEB/JPG/PSP04-10.JPG]
[WEB/PNG/ICON_REF.PNG]
[WEB/PNG/ICON_EJE.PNG]
[WEB/PNG/ICON_GAL.PNG]
[WEB/PNG/ICON_ACT.PNG]
[WEB/JPG/PSP04-11.JPG]
[WEB/PNG/ICON_PRE.PNG]
[WEB/PNG/ICON_OBJ.PNG]
[WEB/PNG/ICON_C-2.PNG]
[WEB/PNG/PSP04_-3.PNG]
[WEB/PNG/ICON_REA.PNG]
[WEB/PNG/ICON_R-2.PNG]
[WEB/GIF/ICON_QUE.GIF]
[WEB/PNG/BULLET.PNG]
[WEB/PNG/PSP04_-4.PNG]
[WEB/PNG/NIVEL1.PNG]
[WEB/PNG/NIVEL2.PNG]
[WEB/PNG/NIVEL3.PNG]
[WEB/PNG/NIVEL4.PNG]
[WEB/PNG/PSP04_-5.PNG]
[WEB/PNG/NIVEL5.PNG]
[WEB/PNG/NIVEL6.PNG]
[WEB/CSS/CONTENT.CSS]
[WEB/PNG/ICON_PAR.PNG]
[WEB/GIF/ACTIVE_B.GIF]
[WEB/MP4/SOCKET_Y.MP4]
[WEB/JPG/PSP04-12.JPG]
[WEB/JPG/PSP04-15.JPG]
[WEB/JPG/PSP04-14.JPG]
[WEB/JPG/PSP04-16.JPG]
[WEB/JPG/PSP04-13.JPG]
[WEB/PNG/ICONO_ME.PNG]
[WEB/JPG/PSP04-17.JPG]
[WEB/CSS/NAV.CSS]
[WEB/JPG/PSP04-20.JPG]
[WEB/JS/EXE_JQUE.JS]
[WEB/PNG/PSP04_-7.PNG]
[WEB/JPG/PSP04-18.JPG]
[WEB/JPG/PSP04-19.JPG]
[WEB/JS/COMMON_I.JS]
[WEB/JPG/PSP04-21.JPG]
[WEB/JPG/PSP04-22.JPG]
[WEB/GIF/PRE_CODE.GIF]
[WEB/PNG/PSP04_-9.PNG]
[WEB/PNG/PDF.PNG]
[WEB/PNG/DOCUMENT.PNG]
[WEB/PNG/PSP04-10.PNG]
[WEB/JPG/PSP04-24.JPG]
[WEB/JPG/PSP04-23.JPG]
[WEB/PNG/DIBUJO.PNG]
[WEB/PNG/PRESENTA.PNG]
[WEB/PNG/IMAGEN.PNG]
[WEB/PNG/AUDIO.PNG]
[WEB/PNG/PAQUETE.PNG]
[WEB/JS/COMMON.JS]
[WEB/JS/_FPD_JS.JS]
[WEB/PNG/VIDEO.PNG]
[WEB/PNG/BINARIO.PNG]
[WEB/PNG/CC_BY_SA.PNG]
[WEB/PNG/CC_BY_NC.PNG]
[WEB/PNG/CC_BY.PNG]
[WEB/PNG/CC_BY_-2.PNG]
[WEB/PNG/GLOSARIO.PNG]
[WEB/PNG/CC_BY_-3.PNG]
[WEB/PNG/POSTIT.PNG]
[WEB/PNG/ICON_ORI.PNG]
[WEB/PNG/ICON_GAL.PNG]
[WEB/PNG/ICON_REF.PNG]
[WEB/PNG/ICON_PRE.PNG]
[WEB/PNG/ICON_EJE.PNG]
[WEB/XSPF_PLA.HTM]
[WEB/EXE_MEDI.HTM]
[WEB/EXE_ME-2.HTM]
