[backblue.gif]
[fade.gif]
[index.html]
[web/ico/favicon.ico]
[web/png/icon_casopracticofpd.png]
[web/jpg/psp01_cont_r001_ana.jpg]
[web/jpg/psp01_cont_r002_salaordenadores.jpg]
[web/jpg/ministerio-de-educacion-y-formacion-profesional-web.jpg]
[web/html/index.html]
[web/jpg/psp01_cont_casopersonaje_02.jpg]
[web/png/icon_parasabermasfpd.png]
[web/html/1_recordando_cmo_programar_en_java_y_el_uso_bsico_del_ide_netbeans.html]
[web/png/psp01_cont_r0003_aplicacionejecutableproceso.png]
[web/jpg/psp01_cont_r0003_aplicacionejecutableproceso_miniatura.jpg]
[web/jpg/psp01_cont_r0004_ejecutablebinario.jpg]
[web/gif/icon_autoevaluacionfpd.gif]
[web/html/2_introduccin_aplicaciones_ejecutables_y_procesos.html]
[web/jpg/psp01_cont_r0005_ejecutableinterpretado.jpg]
[web/jpg/psp01_cont_r0006_ejecutablescript.jpg]
[web/mp4/psp01_cont_r007_tiposejecutables.mp4]
[web/html/21_ejecutables_tipos.html]
[web/jpg/psp01_cont_r008_juan.jpg]
[web/html/3_gestin_de_procesos.html]
[web/jpg/psp01_cont_r009_multitarea.jpg]
[web/jpg/psp01_cont_r010_windowsmultitarea.jpg]
[web/jpg/psp01_cont_r010_windowsmultitarea_miniatura.jpg]
[web/jpg/psp01_cont_r011_ubuntumultitarea.jpg]
[web/jpg/psp01_cont_r011_ubuntumultitarea_miniatura.jpg]
[web/html/31_gestin_de_procesos_introduccin.html]
[web/jpg/psp01_cont_r0012_colacpu.jpg]
[web/jpg/psp01_cont_r0012_colacpu_miniatura.jpg]
[web/png/psp01_cont_r0013_transicionesestados.png]
[web/jpg/psp01_cont_r0013_transicionesestados_miniatura.jpg]
[web/html/32_estados_de_un_proceso.html]
[web/jpg/psp01_cont_r0014_pcbyprocesoenmemoria.jpg]
[web/jpg/psp01_cont_r0014_pcbyprocesoenmemoria_miniatura.jpg]
[web/html/33_planificacin_de_procesos_por_el_sistema_operativo.html]
[web/jpg/psp01_cont_r0015_multiplescolas.jpg]
[web/jpg/psp01_cont_r0015_multiplescolas_miniatura.jpg]
[web/png/icon_reflexionfpd.png]
[web/html/331_planificacin_de_procesos_por_el_sistema_operativo_ii.html]
[web/jpg/psp01_cont_r0016_multiplesprocesoscpu.jpg]
[web/jpg/psp01_cont_r0016_multiplesprocesoscpu_miniatura.jpg]
[web/jpg/psp01_cont_r0017_cambiocontextocpu.jpg]
[web/jpg/psp01_cont_r0017_cambiocontextocpu_miniatura.jpg]
[web/html/34_cambio_de_contexto_en_la_cpu.html]
[web/jpg/psp01_cont_r0018_escenajuego.jpg]
[web/jpg/psp01_cont_r0019_servicio.jpg]
[web/jpg/psp01_cont_r0019_servicio_miniatura.jpg]
[web/html/35_servicios_hilos.html]
[web/jpg/psp01_cont_r0020_procesoseditor.jpg]
[web/jpg/psp01_cont_r0020_procesoseditor_miniatura.jpg]
[web/jpg/psp01_cont_r0021_codigocrearprocesos.jpg]
[web/jpg/psp01_cont_r0021_codigocrearprocesos_miniatura.jpg]
[web/txt/psp01_cont_r0022_codigocrearprocesos.txt]
[web/zip/psp01_cont_r024_creacionprocesos.zip]
[web/mp4/psp01_cont_r023_creacionprocesos.mp4]
[web/html/36_creacin_de_procesos.html]
[web/jpg/psp01_cont_r025_terminalescomandos.jpg]
[web/jpg/psp01_cont_r025_terminalescomandos_miniatura.jpg]
[web/jpg/psp01_cont_r026_powershell.jpg]
[web/jpg/psp01_cont_r026_powershell_miniatura.jpg]
[web/html/37_comandos_para_la_gestin_de_procesos.html]
[web/jpg/psp01_cont_r027_herramientasgraficasgestion.jpg]
[web/jpg/psp01_cont_r027_herramientasgraficasgestion_miniatura.jpg]
[web/png/icon_debesconocerfpd.png]
[web/mp4/psp01_cont_r028_herramientasgestionprocesos.mp4]
[web/html/38_herramientas_grficas_para_la_gestin_de_procesos.html]
[web/jpg/psp01_cont_r029_carreraciclista.jpg]
[web/jpg/psp01_cont_r030_msdos.jpg]
[web/html/4_programacin_concurrente.html]
[web/jpg/psp01_cont_r031_cadenamontaje.jpg]
[web/jpg/psp01_cont_r032_interactivo.jpg]
[web/jpg/psp01_cont_r033_modular.jpg]
[web/jpg/psp01_cont_r0034_beneficios.jpg]
[web/png/icon_citasparapensarfpd.png]
[web/html/41_para_qu_concurrencia.html]
[web/jpg/psp01_cont_r0035_productorrecolector.jpg]
[web/jpg/psp01_cont_r0036_crucecaminos.jpg]
[web/jpg/psp01_cont_r0036_crucecaminos_miniatura.jpg]
[web/html/42_condiciones_de_competencia.html]
[web/jpg/psp01_cont_r0037_procesoscomunicacion.jpg]
[web/jpg/psp01_cont_r0037_procesoscomunicacion_miniatura.jpg]
[web/png/psp01_cont_r0038_procesoscomunicacion_camino.png]
[web/jpg/psp01_cont_r0038_procesoscomunicacion_camino_miniatura.jpg]
[web/html/5_comunicacin_entre_procesos.html]
[web/jpg/psp01_cont_r0050_clientesuministrador.jpg]
[web/jpg/psp01_cont_r0039_mecanismosbasicoscomunicacion_miniatura.jpg]
[web/zip/psp01_cont_r041_comunicacionprocesos.zip]
[web/mp4/psp01_cont_r040_comunicacionprocesos.mp4]
[web/html/51_mecanismos_bsicos_de_comunicacin.html]
[web/png/psp01_cont_r0042_elementoscomunicacion.png]
[web/jpg/psp01_cont_r0042_elementoscomunicacion_miniatura.jpg]
[web/png/psp01_cont_r0043_tiposcanalcomunicacion.png]
[web/jpg/psp01_cont_r0043_tiposcanalcomunicacion_miniatura.jpg]
[web/html/52_tipos_de_comunicacin.html]
[web/jpg/psp01_cont_r044_sincronizacion.jpg]
[web/zip/psp01_cont_r046_accesorecursocompartidosinsincro.zip]
[web/mp4/psp01_cont_r045_accesosrecursocompartidosinsincro.mp4]
[web/html/6_sincronizacin_entre_procesos.html]
[web/jpg/psp01_cont_r047_regioncritica.jpg]
[web/zip/psp01_cont_r049_accesosrecursocompartidoconsincro.zip]
[web/mp4/psp01_cont_r048_accesosrecursocompartidoconsincro.mp4]
[web/html/61_regiones_crticas.html]
[web/jpg/psp01_cont_r0050_clientesuministrador_miniatura.jpg]
[web/jpg/psp01_cont_r0053_clientesuministrador_semaforo.jpg]
[web/jpg/psp01_cont_r0051_clientesuministrador_1elemento_miniatura.jpg]
[web/html/611_categora_de_proceso_clientesuministrador.html]
[web/jpg/psp01_cont_r052_semaforo.jpg]
[web/jpg/psp01_cont_r0053_clientesuministrador_semaforo_miniatura.jpg]
[web/html/62_semforos.html]
[web/jpg/psp01_cont_r054_kanguro.jpg]
[web/jpg/psp01_cont_r055_esperando.jpg]
[web/html/63_monitores.html]
[web/jpg/psp01_cont_r058_cadenamontaje.jpg]
[web/zip/psp01_cont_r057_clientesuministrador.zip]
[web/mp4/psp01_cont_r056_clientesuministrador_fichero.mp4]
[web/html/631_monitores_lecturas_y_escrituras_bloqueantes_en_recursos_compartidos.html]
[web/jpg/psp01_cont_r057_01_compartir.jpg]
[web/jpg/psp01_cont_r057_02_ordenado.jpg]
[web/html/64_memoria_compartida.html]
[web/jpg/psp01_cont_r062_mailbox.jpg]
[web/jpg/psp01_cont_r063_relevos.jpg]
[web/html/65_cola_de_mensajes.html]
[web/jpg/psp01_cont_r065_motor.jpg]
[web/html/7_requisitos_seguridad_vivacidad_eficiencia_y_reusabilidad.html]
[web/jpg/psp01_cont_r066_maqueta.jpg]
[web/html/71_arquitecturas_y_patrones_de_diseo.html]
[web/jpg/psp01_cont_r064_moldes.jpg]
[web/jpg/psp01_cont_r066_02_books.jpg]
[web/html/72_documentacin.html]
[web/jpg/psp01_cont_r066_03_bugs.jpg]
[web/jpg/psp01_cont_r067_swim.jpg]
[web/html/73_dificultades_en_la_depuracin.html]
[web/jpg/psp01_cont_r068_supercomputador.jpg]
[web/html/8_programacin_paralela_y_distribuida.html]
[web/jpg/psp01_cont_r069_red.jpg]
[web/jpg/psp01_cont_r072_rubik.jpg]
[web/html/81_conceptos_bsicos.html]
[web/jpg/psp01_cont_r071_puzzle.jpg]
[web/jpg/psp01_cont_r075_micro.jpg]
[web/jpg/psp01_cont_r076_piedras.jpg]
[web/html/82_tipos_de_paralelismo.html]
[web/jpg/psp01_cont_r073_bloques.jpg]
[web/html/83_modelos_de_infraestructura_para_programacin_distribuida.html]
[web/jpg/psp01_cont_r010_windowsmultitarea_anexo.jpg]
[web/jpg/psp01_cont_r011_ubuntumultitarea_anexo.jpg]
[web/jpg/psp01_cont_r0018_escenajuego_anexo.jpg]
[web/jpg/psp01_cont_r0020_procesoseditor_anexo.jpg]
[web/jpg/psp01_cont_r025_terminalescomandos_anexo.jpg]
[web/jpg/psp01_cont_r026_powershell_anexo.jpg]
[web/jpg/psp01_cont_r027_herramientasgraficasgestion_anexo.jpg]
[web/jpg/psp01_cont_r030_msdos_anexo.jpg]
[web/jpg/psp01_cont_r031_cadenamontaje_anexo.jpg]
[web/jpg/psp01_cont_r033_modular_anexo.jpg]
[web/jpg/psp01_cont_r0035_productorrecolector_anexo.jpg]
[web/jpg/psp01_cont_r052_semaforo_anexo.jpg]
[web/jpg/psp01_cont_r054_kanguro_anexo.jpg]
[web/jpg/psp01_cont_r055_esperando_anexo.jpg]
[web/jpg/psp01_cont_r058_cadenamontaje_anexo.jpg]
[web/jpg/psp01_cont_r057_01_compartir_anexo.jpg]
[web/jpg/psp01_cont_r057_02_ordenado_anexo.jpg]
[web/jpg/psp01_cont_r062_mailbox_anexo.jpg]
[web/jpg/psp01_cont_r063_relevos_anexo.jpg]
[web/jpg/psp01_cont_r065_motor_anexo.jpg]
[web/jpg/psp01_cont_r066_maqueta_anexo.jpg]
[web/jpg/psp01_cont_r064_moldes_anexo.jpg]
[web/jpg/psp01_cont_r066_02_books_anexo.jpg]
[web/jpg/psp01_cont_r066_03_bugs_anexo.jpg]
[web/jpg/psp01_cont_r067_swim_anexo.jpg]
[web/jpg/psp01_cont_r068_supercomputador__anexo.jpg]
[web/jpg/psp01_cont_r069_red_anexo.jpg]
[web/jpg/psp01_cont_r072_rubik_anexo.jpg]
[web/jpg/psp01_cont_r071_puzzle_anexo.jpg]
[web/jpg/psp01_cont_r075_micro_anexo.jpg]
[web/jpg/psp01_cont_r076_piedras_anexo.jpg]
[web/jpg/psp01_cont_r073_bloques_anexo.jpg]
[web/html/anexo_licencias_de_recursos.html]
[web/netbeans.html]
[web/html/sps01_descripcion_video_i7_intel.html]
[web/html/sps01_descripcion_video_documentacion_automatica.html]
[web/gif/popup_bg.gif]
[web/css/base.css]
[web/ico/favicon.ico]
[web/png/icon_casopracticofpd.png]
[web/jpg/psp01_cont_r001_ana.jpg]
[web/png/lupa.png]
[web/jpg/psp01_cont_r002_salaordenadores.jpg]
[web/jpg/psp01_cont_casopersonaje_02.jpg]
[web/jpg/ministerio-de-educacion-y-formacion-profesional-web.jpg]
[web/gif/pre_code_bg.gif]
[web/png/icon_parasabermasfpd.png]
[web/png/psp01_cont_r0003_aplicacionejecutableproceso.png]
[web/png/documento.png]
[web/png/pdf.png]
[web/png/hcalculo.png]
[web/png/dibujo.png]
[web/jpg/psp01_cont_r0003_aplicacionejecutableproceso_miniatura.jpg]
[web/png/presentacion.png]
[web/png/imagen.png]
[web/png/audio.png]
[web/png/video.png]
[web/jpg/psp01_cont_r0004_ejecutablebinario.jpg]
[web/png/paquete.png]
[web/png/binario.png]
[web/png/html.png]
[web/png/cc-by.png]
[web/gif/icon_autoevaluacionfpd.gif]
[web/png/cc-by-nc.png]
[web/jpg/psp01_cont_r008_juan.jpg]
[web/jpg/psp01_cont_r009_multitarea.jpg]
[web/jpg/psp01_cont_r0005_ejecutableinterpretado.jpg]
[web/jpg/psp01_cont_r0006_ejecutablescript.jpg]
[web/png/cc-by-nd.png]
[web/mp4/psp01_cont_r007_tiposejecutables.mp4]
[web/jpg/psp01_cont_r010_windowsmultitarea.jpg]
[web/png/cc-by-sa.png]
[web/png/cc-by-nc-nd.png]
[web/png/cc-by-nc-sa.png]
[web/png/cc0.png]
[web/jpg/psp01_cont_r010_windowsmultitarea_miniatura.jpg]
[web/png/glosario.png]
[web/png/postit.png]
[web/png/icon_orientacionesfpd.png]
[web/png/icon_recomendacionfpd.png]
[web/jpg/psp01_cont_r011_ubuntumultitarea.jpg]
[web/png/icon_ejercicioresueltofpd.png]
[web/png/icon_gallery.png]
[web/png/icon_activity.png]
[web/png/icon_preknowledge.png]
[web/jpg/psp01_cont_r011_ubuntumultitarea_miniatura.jpg]
[web/jpg/psp01_cont_r0012_colacpu.jpg]
[web/jpg/psp01_cont_r0012_colacpu_miniatura.jpg]
[web/jpg/psp01_cont_r0013_transicionesestados_miniatura.jpg]
[web/jpg/psp01_cont_r0014_pcbyprocesoenmemoria_miniatura.jpg]
[web/png/icon_objectives.png]
[web/jpg/psp01_cont_r0014_pcbyprocesoenmemoria.jpg]
[web/jpg/psp01_cont_r0015_multiplescolas.jpg]
[web/jpg/psp01_cont_r0015_multiplescolas_miniatura.jpg]
[web/png/psp01_cont_r0013_transicionesestados.png]
[web/png/icon_casestudy.png]
[web/png/icon_reading.png]
[web/png/icon_reflection.png]
[web/gif/icon_question.gif]
[web/png/bullet.png]
[web/png/icon_reflexionfpd.png]
[web/png/nivel1.png]
[web/png/nivel2.png]
[web/png/nivel3.png]
[web/png/nivel4.png]
[web/jpg/psp01_cont_r0016_multiplesprocesoscpu.jpg]
[web/png/nivel5.png]
[web/png/nivel6.png]
[web/css/content.css]
[web/jpg/psp01_cont_r0016_multiplesprocesoscpu_miniatura.jpg]
[web/gif/active_bg.gif]
[web/jpg/psp01_cont_r0017_cambiocontextocpu.jpg]
[web/jpg/psp01_cont_r0017_cambiocontextocpu_miniatura.jpg]
[web/jpg/psp01_cont_r0019_servicio.jpg]
[web/jpg/psp01_cont_r0018_escenajuego.jpg]
[web/png/icono-menu.png]
[web/css/nav.css]
[web/js/exe_jquery.js]
[web/jpg/psp01_cont_r0019_servicio_miniatura.jpg]
[web/js/common_i18n.js]
[web/jpg/psp01_cont_r0020_procesoseditor.jpg]
[web/jpg/psp01_cont_r0020_procesoseditor_miniatura.jpg]
[web/zip/psp01_cont_r024_creacionprocesos.zip]
[web/jpg/psp01_cont_r0021_codigocrearprocesos.jpg]
[web/jpg/psp01_cont_r0021_codigocrearprocesos_miniatura.jpg]
[web/txt/psp01_cont_r0022_codigocrearprocesos.txt]
[web/jpg/psp01_cont_r025_terminalescomandos.jpg]
[web/mp4/psp01_cont_r023_creacionprocesos.mp4]
[web/jpg/psp01_cont_r025_terminalescomandos_miniatura.jpg]
[web/jpg/psp01_cont_r026_powershell_miniatura.jpg]
[web/jpg/psp01_cont_r026_powershell.jpg]
[web/js/common.js]
[web/js/_fpd_js.js]
[web/jpg/psp01_cont_r027_herramientasgraficasgestion_miniatura.jpg]
[web/mp4/psp01_cont_r028_herramientasgestionprocesos.mp4]
[web/jpg/psp01_cont_r027_herramientasgraficasgestion.jpg]
[web/jpg/psp01_cont_r029_carreraciclista.jpg]
[web/jpg/psp01_cont_r031_cadenamontaje.jpg]
[web/jpg/psp01_cont_r030_msdos.jpg]
[web/jpg/psp01_cont_r033_modular.jpg]
[web/netbeans.html]
[web/jpg/psp01_cont_r0034_beneficios.jpg]
[web/jpg/psp01_cont_r032_interactivo.jpg]
[web/jpg/psp01_cont_r0035_productorrecolector.jpg]
[web/png/icon_debesconocerfpd.png]
[web/jpg/psp01_cont_r0036_crucecaminos.jpg]
[web/jpg/psp01_cont_r0037_procesoscomunicacion.jpg]
[web/jpg/psp01_cont_r0036_crucecaminos_miniatura.jpg]
[web/jpg/psp01_cont_r0039_mecanismosbasicoscomunicacion_miniatura.jpg]
[web/jpg/psp01_cont_r0037_procesoscomunicacion_miniatura.jpg]
[web/zip/psp01_cont_r041_comunicacionprocesos.zip]
[web/mp4/psp01_cont_r040_comunicacionprocesos.mp4]
[web/png/psp01_cont_r0042_elementoscomunicacion.png]
[web/png/psp01_cont_r0038_procesoscomunicacion_camino.png]
[web/jpg/psp01_cont_r0038_procesoscomunicacion_camino_miniatura.jpg]
[web/gif/interactive-video-loading.gif]
[web/png/psp01_cont_r0043_tiposcanalcomunicacion.png]
[web/jpg/psp01_cont_r0050_clientesuministrador.jpg]
[web/jpg/psp01_cont_r0042_elementoscomunicacion_miniatura.jpg]
[web/jpg/psp01_cont_r0043_tiposcanalcomunicacion_miniatura.jpg]
[web/jpg/psp01_cont_r044_sincronizacion.jpg]
[web/png/interactive-video-sorter.png]
[web/zip/psp01_cont_r046_accesorecursocompartidosinsincro.zip]
[web/mp4/psp01_cont_r045_accesosrecursocompartidosinsincro.mp4]
[web/gif/interactive-video-more.gif]
[web/gif/interactive-video-less.gif]
[web/gif/interactive-video-bg.gif]
[web/css/interactive-video.css]
[web/jpg/psp01_cont_r047_regioncritica.jpg]
[web/js/jwplayer.js]
[web/zip/psp01_cont_r049_accesosrecursocompartidoconsincro.zip]
[web/mp4/psp01_cont_r048_accesosrecursocompartidoconsincro.mp4]
[web/js/interactive-video.js]
[web/jpg/psp01_cont_r0050_clientesuministrador_miniatura.jpg]
[web/jpg/psp01_cont_r0053_clientesuministrador_semaforo.jpg]
[web/jpg/psp01_cont_r0051_clientesuministrador_1elemento_miniatura.jpg]
[web/jpg/psp01_cont_r052_semaforo.jpg]
[web/jpg/psp01_cont_r054_kanguro.jpg]
[web/html/sps01_descripcion_video_i7_intel.html]
[web/jpg/psp01_cont_r055_esperando.jpg]
[web/jpg/psp01_cont_r058_cadenamontaje.jpg]
[web/jpg/psp01_cont_r0053_clientesuministrador_semaforo_miniatura.jpg]
[web/zip/psp01_cont_r057_clientesuministrador.zip]
[web/jpg/psp01_cont_r066_03_bugs.jpg]
[web/html/sps01_descripcion_video_documentacion_automatica.html]
[web/jpg/psp01_cont_r067_swim.jpg]
[web/jpg/psp01_cont_r068_supercomputador.jpg]
[web/jpg/psp01_cont_r069_red_anexo.jpg]
[web/jpg/psp01_cont_r076_piedras_anexo.jpg]
[web/png/pdf.png]
[web/png/hcalculo.png]
[web/png/cc-by-nc.png]
[web/png/documento.png]
[web/png/paquete.png]
[web/png/glosario.png]
[web/xspf_player5eca.html]
[web/jpg/psp01_cont_r062_mailbox_anexo.jpg]
[web/png/icon_ejercicioresueltofpd.png]
[web/png/nivel5.png]
[web/png/nivel1.png]
[web/png/icon_objectives.png]
[web/png/icono-menu.png]
[web/gif/interactive-video-less.gif]
[web/gif/interactive-video-more.gif]
[web/gif/interactive-video-bg.gif]
[web/js/exe_media.js]
[web/png/exe_media_bigplay.png]
[web/png/exe_media_background.png]
[web/gif/exe_media_loading.gif]
[web/png/exe_media_controls.png]
[web/css/exe_media.css]
[web/index.html]
[web/mediaelement.min.html]
[web/mediaelement-and-player.html]
[web/svg/exe_media_bigplay.svg]
[web/svg/exe_media_controls.svg]
