[backblue.gif]
[fade.gif]
[index.html]
[WEB/ICO/FAVICON.ICO]
[WEB/PNG/ICON_CAS.PNG]
[WEB/JPG/CASO_SOP.JPG]
[WEB/JPG/MINISTER.JPG]
[WEB/HTML/INDEX.HTM]
[WEB/JPG/CASO_PRO.JPG]
[WEB/PNG/PSP06_CO.PNG]
[WEB/GIF/ICON_AUT.GIF]
[WEB/HTML/1_INTROD.HTM]
[WEB/JPG/PSP06_CO.JPG]
[WEB/JPG/PSP06_-2.JPG]
[WEB/HTML/11_AMENA.HTM]
[WEB/PNG/PSP06_-2.PNG]
[WEB/PNG/ICON_PAR.PNG]
[WEB/HTML/12_ATAQU.HTM]
[WEB/PNG/PSP06_-3.PNG]
[WEB/HTML/13_VULNE.HTM]
[WEB/HTML/2_PROGRA.HTM]
[WEB/PNG/PSP06_-4.PNG]
[WEB/PNG/PSP06_-5.PNG]
[WEB/MP4/JAVAEXCE.MP4]
[WEB/HTML/21_EXCEP.HTM]
[WEB/PNG/PSP06_-6.PNG]
[WEB/HTML/211_EXCE.HTM]
[WEB/PNG/PSP06_-7.PNG]
[WEB/HTML/22_EJEMP.HTM]
[WEB/PNG/PSP06_-8.PNG]
[WEB/HTML/23_VALID.HTM]
[WEB/PNG/PSP06_-9.PNG]
[WEB/PNG/PSP06-10.PNG]
[WEB/HTML/24_EJEMP.HTM]
[WEB/PNG/PSP06-11.PNG]
[WEB/HTML/25_FICHE.HTM]
[WEB/PNG/PSP06-12.PNG]
[WEB/PNG/PSP06-13.PNG]
[WEB/HTML/26_EJEMP.HTM]
[WEB/HTML/3_POLTIC.HTM]
[WEB/JPG/PSP06_-3.JPG]
[WEB/JPG/PSP06_-4.JPG]
[WEB/JPG/PSP06_-5.JPG]
[WEB/JPG/PSP06_-6.JPG]
[WEB/JPG/PSP06_-7.JPG]
[WEB/JPG/PSP06_-8.JPG]
[WEB/MP4/PROGRAMA.MP4]
[WEB/HTML/31_MODEL.HTM]
[WEB/PNG/PSP06-14.PNG]
[WEB/PNG/PSP06-15.PNG]
[WEB/PNG/PSP06-16.PNG]
[WEB/PNG/PSP06-17.PNG]
[WEB/HTML/32_ASEGU.HTM]
[WEB/PNG/PSP06-18.PNG]
[WEB/PNG/PSP06-19.PNG]
[WEB/PNG/PSP06-20.PNG]
[WEB/PNG/PSP06-21.PNG]
[WEB/PNG/PSP06-22.PNG]
[WEB/PNG/PSP06-23.PNG]
[WEB/HTML/321_ASEG.HTM]
[WEB/JAVA/GETPROPS.JAV]
[WEB/PNG/PSP06-24.PNG]
[WEB/PNG/PSP06-25.PNG]
[WEB/PNG/PSP06-26.PNG]
[WEB/PNG/PSP06-27.PNG]
[WEB/HTML/33_FIRMA.HTM]
[WEB/PNG/PSP06-28.PNG]
[WEB/PNG/PSP06-29.PNG]
[WEB/PNG/PSP06-30.PNG]
[WEB/HTML/34_UTILI.HTM]
[WEB/PNG/PSP06-31.PNG]
[WEB/PNG/PSP06-32.PNG]
[WEB/PNG/PSP06-33.PNG]
[WEB/HTML/35_HERRA.HTM]
[WEB/HTML/ANEXO_I_.HTM]
[WEB/PNG/PSP06-34.PNG]
[WEB/PNG/PSP06-35.PNG]
[WEB/PNG/PSP06-36.PNG]
[WEB/PNG/PSP06-37.PNG]
[WEB/PNG/PSP06-38.PNG]
[WEB/PNG/PSP06-39.PNG]
[WEB/PNG/PSP06-40.PNG]
[WEB/PNG/PSP06-41.PNG]
[WEB/PNG/PSP06-42.PNG]
[WEB/PNG/PSP06-43.PNG]
[WEB/JPG/GETPROPS.JPG]
[WEB/HTML/ANEXO_LI.HTM]
[WEB/PNG/ICON_CAS.PNG]
[WEB/GIF/POPUP_BG.GIF]
[WEB/CSS/BASE.CSS]
[WEB/JPG/CASO_SOP.JPG]
[WEB/PNG/LUPA.PNG]
[WEB/JPG/MINISTER.JPG]
[WEB/JPG/CASO_PRO.JPG]
[WEB/GIF/PRE_CODE.GIF]
[WEB/PNG/DOCUMENT.PNG]
[WEB/PNG/PDF.PNG]
[WEB/PNG/PSP06_CO.PNG]
[WEB/PNG/HCALCULO.PNG]
[WEB/PNG/DIBUJO.PNG]
[WEB/PNG/PRESENTA.PNG]
[WEB/GIF/ICON_AUT.GIF]
[WEB/PNG/IMAGEN.PNG]
[WEB/PNG/AUDIO.PNG]
[WEB/PNG/VIDEO.PNG]
[WEB/PNG/PAQUETE.PNG]
[WEB/JPG/PSP06_CO.JPG]
[WEB/PNG/BINARIO.PNG]
[WEB/PNG/HTML.PNG]
[WEB/PNG/CC_BY.PNG]
[WEB/PNG/CC_BY_NC.PNG]
[WEB/JPG/PSP06_-2.JPG]
[WEB/PNG/CC_BY_ND.PNG]
[WEB/PNG/CC_BY_SA.PNG]
[WEB/PNG/CC_BY_-2.PNG]
[WEB/PNG/CC_BY_-3.PNG]
[WEB/PNG/PSP06_-2.PNG]
[WEB/PNG/CC0.PNG]
[WEB/PNG/GLOSARIO.PNG]
[WEB/PNG/POSTIT.PNG]
[WEB/PNG/ICON_ORI.PNG]
[WEB/PNG/ICON_PAR.PNG]
[WEB/PNG/ICON_DEB.PNG]
[WEB/PNG/ICON_CIT.PNG]
[WEB/PNG/ICON_REC.PNG]
[WEB/PNG/PSP06_-3.PNG]
[WEB/PNG/ICON_REF.PNG]
[WEB/PNG/ICON_EJE.PNG]
[WEB/PNG/ICON_GAL.PNG]
[WEB/PNG/ICON_ACT.PNG]
[WEB/PNG/ICON_PRE.PNG]
[WEB/PNG/PSP06_-4.PNG]
[WEB/PNG/ICON_OBJ.PNG]
[WEB/PNG/ICON_C-2.PNG]
[WEB/PNG/ICON_REA.PNG]
[WEB/PNG/PSP06_-5.PNG]
[WEB/PNG/ICON_R-2.PNG]
[WEB/GIF/ICON_QUE.GIF]
[WEB/PNG/BULLET.PNG]
[WEB/PNG/NIVEL1.PNG]
[WEB/MP4/JAVAEXCE.MP4]
[WEB/PNG/NIVEL2.PNG]
[WEB/PNG/NIVEL3.PNG]
[WEB/PNG/NIVEL4.PNG]
[WEB/PNG/NIVEL5.PNG]
[WEB/PNG/PSP06_-6.PNG]
[WEB/PNG/NIVEL6.PNG]
[WEB/CSS/CONTENT.CSS]
[WEB/PNG/PSP06_-7.PNG]
[WEB/GIF/ACTIVE_B.GIF]
[WEB/PNG/PSP06_-9.PNG]
[WEB/PNG/PSP06-11.PNG]
[WEB/PNG/PSP06-10.PNG]
[WEB/PNG/PSP06-13.PNG]
[WEB/PNG/PSP06-12.PNG]
[WEB/PNG/ICONO_ME.PNG]
[WEB/CSS/NAV.CSS]
[WEB/JS/EXE_JQUE.JS]
[WEB/JPG/PSP06_-3.JPG]
[WEB/JS/COMMON_I.JS]
[WEB/JPG/PSP06_-4.JPG]
[WEB/JPG/PSP06_-5.JPG]
[WEB/JPG/PSP06_-8.JPG]
[WEB/JPG/PSP06_-6.JPG]
[WEB/MP4/PROGRAMA.MP4]
[WEB/JPG/PSP06_-7.JPG]
[WEB/PNG/PSP06-14.PNG]
[WEB/PNG/PSP06-16.PNG]
[WEB/PNG/PSP06-18.PNG]
[WEB/PNG/PSP06-20.PNG]
[WEB/PNG/PSP06-17.PNG]
[WEB/PNG/PSP06-22.PNG]
[WEB/PNG/PSP06-24.PNG]
[WEB/JAVA/GETPROPS.JAV]
[WEB/PNG/PSP06-21.PNG]
[WEB/PNG/PSP06-25.PNG]
[WEB/PNG/PSP06-26.PNG]
[WEB/PNG/PSP06-27.PNG]
[WEB/PNG/PSP06-30.PNG]
[WEB/PNG/PSP06-28.PNG]
[WEB/PNG/PSP06-32.PNG]
[WEB/PNG/PSP06-29.PNG]
[WEB/PNG/PSP06-31.PNG]
[WEB/PNG/PSP06-33.PNG]
[WEB/PNG/PSP06-36.PNG]
[WEB/PNG/PSP06-35.PNG]
[WEB/JS/COMMON.JS]
[WEB/JS/_FPD_JS.JS]
[WEB/JPG/GETPROPS.JPG]
[WEB/PNG/PSP06-37.PNG]
[WEB/PNG/PSP06-38.PNG]
[WEB/PNG/PSP06-40.PNG]
[WEB/PNG/PSP06-39.PNG]
[WEB/PNG/PSP06-41.PNG]
[WEB/GIF/PRE_CODE.GIF]
[WEB/PNG/DOCUMENT.PNG]
[WEB/PNG/PSP06-42.PNG]
[WEB/PNG/HCALCULO.PNG]
[WEB/PNG/AUDIO.PNG]
[WEB/PNG/IMAGEN.PNG]
[WEB/PNG/DIBUJO.PNG]
[WEB/PNG/VIDEO.PNG]
[WEB/PNG/HTML.PNG]
[WEB/PNG/BINARIO.PNG]
[WEB/PNG/CC_BY.PNG]
[WEB/PNG/CC_BY_NC.PNG]
[WEB/HTML/XSPF_PLA.HTM]
[WEB/HTML/EXE_MEDI.HTM]
[WEB/HTML/EXE_ME-2.HTM]
