[backblue.gif]
[fade.gif]
[index.html]
[web/ico/favicon.ico]
[web/png/icon_casopracticofpd.png]
[web/jpg/ad07_cont_r02_juan.jpeg.jpg]
[web/jpg/ad07_cont_r01_maria.jpeg.jpg]
[web/jpg/ministerio-de-educacion-y-formacion-profesional-web.jpg]
[web/html/index.html]
[web/jpg/ad07_cont_r03_componentes.jpg]
[web/png/icon_citasparapensarfpd.png]
[web/png/icon_reflexionfpd.png]
[web/gif/icon_autoevaluacionfpd.gif]
[web/html/1_concepto_de_componente_caractersticas.html]
[web/jpg/ad07_cont_r04_fuente.jpg]
[web/html/2_propiedades_y_atributos.html]
[web/jpg/ad07_cont_r05_programador.jpeg.jpg]
[web/png/ad07_cont_r05_01_fuente.png]
[web/png/ad07_cont_r05_02_color.png]
[web/png/ad07_cont_r06_personas_direccion.png]
[web/html/3_editores_de_propiedades.html]
[web/png/ad07_cont_r08_esquema.png]
[web/png/ad07_cont_r08_esquema_miniatura.png]
[web/html/4_eventos_asociacin_de_acciones_a_eventos.html]
[web/jpg/ad07_cont_r09_ada.jpeg.jpg]
[web/png/icon_parasabermasfpd.png]
[web/html/5_introspeccin_reflexin.html]
[web/jpg/ad07_cont_r11_pantalla.jpg]
[web/jpg/ad07_cont_r11_pantalla_miniatura.jpg]
[web/jpg/ad07_cont_r12_meter.jpg]
[web/jpg/ad07_cont_r13_salir.jpg]
[web/html/6_persistencia_del_componente.html]
[web/jpg/ad07_cont_r14_propiedad_indexada.jpg]
[web/jpg/ad07_cont_r14_propiedad_indexada_miniatura.jpg]
[web/jpg/ad07_cont_r15_propiedad_indexada.jpg]
[web/jpg/ad07_cont_r15_propiedad_indexada_miniatura.jpg]
[web/html/7_propiedades_simples_e_indexadas.html]
[web/txt/ad07_cont_r16_ejemplo_propiedad_indexada.txt]
[web/jpg/ad07_cont_r17_programa.jpg]
[web/jpg/ad07_cont_r17_programa_miniatura.jpg]
[web/html/8_propiedades_compartidas_y_restringidas.html]
[web/jpg/ad07_cont_r18_candado.jpg]
[web/jpg/ad07_cont_r19_pantalla.jpg]
[web/jpeg/ad07_cont_r20_beanbox.jpeg]
[web/jpg/ad07_cont_r20_beanbox_miniatura.jpg]
[web/jpg/ad07_cont_r21_netbeans.jpg]
[web/html/9_herramientas_para_el_desarrollo_de_componentes_visuales.html]
[web/jpg/ad07_cont_r22_programadora.jpg]
[web/jpg/ad07_cont_r22_01_empaquetado.jpg]
[web/html/10_empaquetado_de_componentes.html]
[web/jpg/ad07_cont_r23_movil.jpg]
[web/jpg/ad07_cont_r24_esquema_mvc.jpg]
[web/jpg/ad07_cont_r24_esquema_mvc_miniatura.jpg]
[web/html/11_elaboracin_de_un_componente_de_ejemplo.html]
[web/jpg/ad07_cont_r25_alumno.jpg]
[web/html/111_modelo_o_base_de_datos.html]
[web/jpg/ad07_cont_r26_grano_cafe.jpg]
[web/html/112_controlador_o_lgica_del_modelo.html]
[web/jpg/ad07_cont_r27_alumnos.jpg]
[web/jpg/ad07_cont_r27_alumnos_miniatura.jpg]
[web/html/113_estructura_del_javabean.html]
[web/jpg/ad07_cont_r28_javabeans.jpg]
[web/jpg/ad07_cont_r28_javabeans_miniatura.jpg]
[web/html/114_creacin_del_componente.html]
[web/jpeg/ad07_cont_r29_agrega.jpeg]
[web/jpg/ad07_cont_r29_agrega_miniatura.jpg]
[web/html/115_aadir_propiedades.html]
[web/jpg/ad07_cont_r30_comportamiento.jpg]
[web/html/116_implementar_el_comportamiento.html]
[web/java/ad07_cont_r31_alumnobean.java]
[web/png/ad07_cont_r32_esquema2.png]
[web/png/ad07_cont_r32_esquema2_miniatura.png]
[web/java/ad07_cont_r33_alumnobean.java]
[web/html/117_gestin_de_eventos.html]
[web/jpg/ad07_cont_r34_paquete.jpg]
[web/html/118_uso_de_componentes_previamente_elaborados_en_netbeans.html]
[web/zip/ad07_cont_r35_proyectos.zip]
[web/jpg/ad07_cont_r03_componentes_anexo.jpg]
[web/jpg/ad07_cont_r05_01_fuente_anexo.jpg]
[web/jpg/ad07_cont_r05_02_color_anexo.jpg]
[web/jpg/ad07_cont_r06_personas_direccion_anexo.jpg]
[web/jpg/ad07_cont_r10_lupa.jpeg_anexo.jpg]
[web/jpg/ad07_cont_r11_pantalla_anexo.jpg]
[web/jpg/ad07_cont_r12_meter_anexo.jpg]
[web/jpg/ad07_cont_r13_salir_anexo.jpg]
[web/jpg/ad07_cont_r19_pantalla_anexo.jpg]
[web/jpeg/ad07_cont_r20_beanbox_anexo.jpeg]
[web/jpg/ad07_cont_r21_netbeans_anexo.jpg]
[web/jpg/ad07_cont_r27_alumnos_anexo.jpg]
[web/jpg/ad07_cont_r28_javabeans_anexo.jpg]
[web/jpeg/ad07_cont_r29_agrega_anexo.jpeg]
[web/jpg/ad07_cont_r30_comportamiento_anexo.jpg]
[web/jpg/ad07_cont_r34_paquete_anexo.jpg]
[web/html/anexo_licencias_de_recursos.html]
[web/html/dam_ad07_descripcion_imagen_asociacion_de_acciones_a_eventos.html]
[web/gif/popup_bg.gif]
[web/css/base.css]
[web/ico/favicon.ico]
[web/png/icon_casopracticofpd.png]
[web/jpg/ad07_cont_r02_juan.jpeg.jpg]
[web/png/lupa.png]
[web/jpg/ad07_cont_r01_maria.jpeg.jpg]
[web/png/icon_citasparapensarfpd.png]
[web/jpg/ministerio-de-educacion-y-formacion-profesional-web.jpg]
[web/gif/pre_code_bg.gif]
[web/jpg/ad07_cont_r03_componentes.jpg]
[web/png/documento.png]
[web/png/icon_reflexionfpd.png]
[web/png/pdf.png]
[web/png/hcalculo.png]
[web/png/dibujo.png]
[web/png/presentacion.png]
[web/gif/icon_autoevaluacionfpd.gif]
[web/png/imagen.png]
[web/png/audio.png]
[web/png/video.png]
[web/png/paquete.png]
[web/jpg/ad07_cont_r04_fuente.jpg]
[web/png/binario.png]
[web/png/html.png]
[web/png/cc-by.png]
[web/jpg/ad07_cont_r05_programador.jpeg.jpg]
[web/png/cc-by-nc.png]
[web/png/ad07_cont_r05_02_color.png]
[web/png/ad07_cont_r06_personas_direccion.png]
[web/jpg/ad07_cont_r09_ada.jpeg.jpg]
[web/png/ad07_cont_r08_esquema_miniatura.png]
[web/png/cc-by-nd.png]
[web/png/ad07_cont_r08_esquema.png]
[web/jpg/ad07_cont_r11_pantalla.jpg]
[web/png/cc-by-sa.png]
[web/png/cc-by-nc-nd.png]
[web/png/cc-by-nc-sa.png]
[web/png/cc0.png]
[web/jpg/ad07_cont_r11_pantalla_miniatura.jpg]
[web/png/glosario.png]
[web/jpg/ad07_cont_r13_salir.jpg]
[web/jpg/ad07_cont_r15_propiedad_indexada.jpg]
[web/jpg/ad07_cont_r12_meter.jpg]
[web/jpg/ad07_cont_r14_propiedad_indexada.jpg]
[web/png/postit.png]
[web/jpg/ad07_cont_r14_propiedad_indexada_miniatura.jpg]
[web/png/icon_orientacionesfpd.png]
[web/jpg/ad07_cont_r15_propiedad_indexada_miniatura.jpg]
[web/png/icon_debesconocerfpd.png]
[web/png/icon_recomendacionfpd.png]
[web/png/icon_ejercicioresueltofpd.png]
[web/txt/ad07_cont_r16_ejemplo_propiedad_indexada.txt]
[web/png/icon_gallery.png]
[web/png/icon_activity.png]
[web/png/icon_preknowledge.png]
[web/png/icon_objectives.png]
[web/jpg/ad07_cont_r17_programa.jpg]
[web/png/icon_casestudy.png]
[web/png/icon_reading.png]
[web/png/icon_reflection.png]
[web/gif/icon_question.gif]
[web/jpg/ad07_cont_r17_programa_miniatura.jpg]
[web/png/bullet.png]
[web/png/nivel1.png]
[web/png/nivel2.png]
[web/jpg/ad07_cont_r18_candado.jpg]
[web/png/nivel3.png]
[web/png/nivel4.png]
[web/png/nivel5.png]
[web/png/nivel6.png]
[web/css/content.css]
[web/jpg/ad07_cont_r19_pantalla.jpg]
[web/gif/active_bg.gif]
[web/jpg/ad07_cont_r20_beanbox_miniatura.jpg]
[web/jpg/ad07_cont_r22_programadora.jpg]
[web/jpeg/ad07_cont_r20_beanbox.jpeg]
[web/jpg/ad07_cont_r21_netbeans.jpg]
[web/jpg/ad07_cont_r22_01_empaquetado.jpg]
[web/png/icono-menu.png]
[web/css/nav.css]
[web/js/exe_jquery.js]
[web/jpg/ad07_cont_r23_movil.jpg]
[web/js/common_i18n.js]
[web/jpg/ad07_cont_r24_esquema_mvc.jpg]
[web/jpg/ad07_cont_r24_esquema_mvc_miniatura.jpg]
[web/jpg/ad07_cont_r25_alumno.jpg]
[web/jpg/ad07_cont_r26_grano_cafe.jpg]
[web/jpg/ad07_cont_r28_javabeans.jpg]
[web/jpg/ad07_cont_r28_javabeans_miniatura.jpg]
[web/jpeg/ad07_cont_r29_agrega.jpeg]
[web/jpg/ad07_cont_r27_alumnos.jpg]
[web/jpg/ad07_cont_r27_alumnos_miniatura.jpg]
[web/jpg/ad07_cont_r29_agrega_miniatura.jpg]
[web/java/ad07_cont_r31_alumnobean.java]
[web/png/ad07_cont_r32_esquema2.png]
[web/js/common.js]
[web/jpg/ad07_cont_r30_comportamiento.jpg]
[web/js/_fpd_js.js]
[web/css/exe_highlighter.css]
[web/jpg/ad07_cont_r34_paquete.jpg]
[web/zip/ad07_cont_r35_proyectos.zip]
[web/js/exe_highlighter.js]
[web/png/ad07_cont_r32_esquema2_miniatura.png]
[web/jpg/ad07_cont_r05_01_fuente_anexo.jpg]
[web/jpg/ad07_cont_r03_componentes_anexo.jpg]
[web/jpg/ad07_cont_r05_02_color_anexo.jpg]
[web/html/dam_ad07_descripcion_imagen_asociacion_de_acciones_a_eventos.html]
[web/jpg/ad07_cont_r10_lupa.jpeg_anexo.jpg]
[web/jpg/ad07_cont_r12_meter_anexo.jpg]
[web/jpg/ad07_cont_r11_pantalla_anexo.jpg]
[web/jpg/ad07_cont_r21_netbeans_anexo.jpg]
[web/jpg/ad07_cont_r06_personas_direccion_anexo.jpg]
[web/jpg/ad07_cont_r13_salir_anexo.jpg]
[web/jpg/ad07_cont_r19_pantalla_anexo.jpg]
[web/jpeg/ad07_cont_r20_beanbox_anexo.jpeg]
[web/jpg/ad07_cont_r27_alumnos_anexo.jpg]
[web/java/ad07_cont_r33_alumnobean.java]
[web/jpg/ad07_cont_r28_javabeans_anexo.jpg]
[web/jpeg/ad07_cont_r29_agrega_anexo.jpeg]
[web/jpg/ad07_cont_r34_paquete_anexo.jpg]
[web/png/pdf.png]
[web/gif/pre_code_bg.gif]
[web/png/hcalculo.png]
[web/png/dibujo.png]
[web/png/imagen.png]
[web/png/audio.png]
[web/png/video.png]
[web/png/binario.png]
[web/png/html.png]
[web/png/cc-by-nc.png]
[web/png/cc-by-sa.png]
[web/xspf_player5eca.html]
[web/exe_media.html]
[web/exe_media-2.html]
