[backblue.gif]
[fade.gif]
[index.html]
[web/ico/favicon.ico]
[web/png/icon_casopracticofpd.png]
[web/jpg/caso_personajes_03.jpg]
[web/jpg/ministerio-de-educacion-y-formacion-profesional-web.jpg]
[web/html/index.html]
[web/jpg/ad02_cont_r02_discoduro.jpg]
[web/gif/icon_autoevaluacionfpd.gif]
[web/html/1_introduccin.html]
[web/jpg/ein_ppaa_caso_r05_juancuerpo_fot.jpg]
[web/jpg/ad02_cont_r05_banderas.jpg]
[web/html/2_clases_asociadas_a_las_operaciones_de_gestin_de_ficheros_y_directorios.html]
[web/html/21_clase_file.html]
[web/jpg/ad02_cont_r07_folders.jpg]
[web/zip/ad02_cont_r07_01_listararchivos.zip]
[web/png/icon_parasabermasfpd.png]
[web/html/211_existencia_y_listado_de_ficheros_y_carpetas.html]
[web/html/212_creacin_y_eliminacin_de_ficheros_y_directorios.html]
[web/jpg/ad02_cont_r08_colador.jpg]
[web/html/22_interface_filenamefilter.html]
[web/jpg/ad02_cont_r08_02_ruta.jpg]
[web/jpg/ad02_cont_r08_03_cod.jpg]
[web/html/23_rutas_de_los_ficheros.html]
[web/jpg/ad02_cont_r08_03_cod_miniatura.jpg]
[web/jpg/ein_ppaa_caso_r06_anacuerpo_fot.jpg]
[web/png/ad02_cont_r11_flujos.png]
[web/jpg/ad02_cont_r11_flujos_miniatura.jpg]
[web/html/3_flujos.html]
[web/jpg/ad02_cont_r12_mario.jpg]
[web/pdf/ad02_cont_r13_escarc.pdf]
[web/html/31_flujos_basados_en_bytes.html]
[web/jpg/ad02_cont_r15_caracteres.jpg]
[web/png/icon_debesconocerfpd.png]
[web/html/32_flujos_basados_en_caracteres.html]
[web/jpg/caso_personajes_08.jpg]
[web/jpg/ad02_cont_r18_tuberias.jpg]
[web/png/icon_citasparapensarfpd.png]
[web/html/4_formas_de_acceso_a_un_fichero.html]
[web/jpg/ad02_cont_r19_discos.jpg]
[web/html/41_operaciones_bsicas_sobre_ficheros_de_acceso_secuencial.html]
[web/jpg/ad02_cont_r26_ruleta.jpg]
[web/html/42_operaciones_bsicas_sobre_ficheros_de_acceso_aleatorio.html]
[web/html/43_enlaces_de_inters_sobre_ficheros.html]
[web/png/jerarquia_de_clases_nio_(1).png]
[web/html/5_java_nio.html]
[web/html/51_java_nio_path.html]
[web/html/52_clases_java_nio_files.html]
[web/html/53_escribir_contenido_en_un_fichero.html]
[web/jpg/caso_personajes_04.jpg]
[web/jpg/ad02_cont_r31_xmlescultura.jpg]
[web/html/6_trabajo_con_ficheros_xml_analizadores_sintcticos_parser_y_vinculacin_binding.html]
[web/jpg/ad02_cont_r32_puzzle.jpg]
[web/html/61_conceptos_previos.html]
[web/jpg/ad02_cont_r33_diccionario.jpg]
[web/html/62_definiciones.html]
[web/html/63_parser_o_analizador_xml.html]
[web/html/64_dom.html]
[web/html/641_la_estructura_dom.html]
[web/html/642_ejemplo_completo.html]
[web/html/643_creacin_de_un_fichero_xml_a_partir_de_un_documento.html]
[web/html/65_sax.html]
[web/html/66_stax.html]
[web/html/661_caractersticas_de_stax.html]
[web/html/662_ejemplo_de_api_cursor.html]
[web/html/663_ejemplo_de_api_event.html]
[web/gif/jaxb-databindingprocess.gif]
[web/html/67_binding.html]
[web/html/671_configuracin_con_anotaciones.html]
[web/html/672_ejemplos_con_anotaciones.html]
[web/jpg/ad02_cont_r36_xml_miniatura.jpg]
[web/html/673_funcionamiento_de_jaxb.html]
[web/html/674_ejemplo_marshall_unmarshall.html]
[web/html/675_generacin_automtica_de_clases_java_a_partir_del_esquema_xsd.html]
[web/jpg/ein_jym_caso_mariayblancahablandoportelefono_fot.jpg]
[web/html/7_libreras_para_conversin_de_documentos_xml_a_otros_formatos.html]
[web/jpg/ad02_cont_r40_balones.jpg]
[web/jpg/ad02_cont_r41_jasper.jpg]
[web/pdf/ad02_cont_r42_descargajasper.pdf]
[web/html/71_introduccin_a_jasperreport.html]
[web/jpg/ad02_cont_r43_opciones.jpg]
[web/jpg/ad02_cont_r43_opciones_miniatura.jpg]
[web/html/72_disear_y_compilar_la_plantilla.html]
[web/jpg/ad02_cont_r44_informe.jpg]
[web/jpg/ad02_cont_r44_informe_miniatura.jpg]
[web/html/73_rellenar_el_informe_con_datos_exportar_el_informe.html]
[web/html/anexo_i_listar_ficheros_de_una_carpeta_filtrando.html]
[web/html/anexo_ii_cdigo_de_separador_de_rutas.html]
[web/html/anexo_iii_cdigo_de_crear_un_fichero.html]
[web/html/anexo_iv_cdigo_de_crear_un_directorio.html]
[web/png/ad02__cont_r03_clases.png]
[web/jpg/ad02_cont_r06_carpetas_miniatura.jpg]
[web/jpg/ad02_cont_r23_buscar.jpg]
[web/html/anexo_v_anexo_de_recursos.html]
[web/html/ad02_descripcion_presentacion_escritura_fichero_binario.html]
[web/html/ad02_descripcion_video__java_io.html]
[web/html/ad02_descripcion_video_parsear.html]
[web/html/ad02_descripcion_presentacion_descarga_jasperreports.html]
[web/ico/favicon.ico]
[web/gif/popup_bg.gif]
[web/jpg/caso_personajes_03.jpg]
[web/css/base.css]
[web/jpg/ministerio-de-educacion-y-formacion-profesional-web.jpg]
[web/jpg/ad02_cont_r02_discoduro.jpg]
[web/png/icon_casopracticofpd.png]
[web/gif/icon_autoevaluacionfpd.gif]
[web/jpg/ein_ppaa_caso_r05_juancuerpo_fot.jpg]
[web/jpg/ad02_cont_r05_banderas.jpg]
[web/png/icon_parasabermasfpd.png]
[web/png/lupa.png]
[web/zip/ad02_cont_r07_01_listararchivos.zip]
[web/jpg/ad02_cont_r08_colador.jpg]
[web/gif/pre_code_bg.gif]
[web/jpg/ad02_cont_r07_folders.jpg]
[web/jpg/ad02_cont_r08_02_ruta.jpg]
[web/png/documento.png]
[web/png/pdf.png]
[web/png/hcalculo.png]
[web/jpg/ad02_cont_r08_03_cod.jpg]
[web/png/dibujo.png]
[web/png/presentacion.png]
[web/png/imagen.png]
[web/png/audio.png]
[web/jpg/ad02_cont_r08_03_cod_miniatura.jpg]
[web/png/video.png]
[web/png/paquete.png]
[web/png/binario.png]
[web/png/html.png]
[web/jpg/ein_ppaa_caso_r06_anacuerpo_fot.jpg]
[web/png/cc-by.png]
[web/jpg/ad02_cont_r11_flujos_miniatura.jpg]
[web/pdf/ad02_cont_r13_escarc.pdf]
[web/jpg/ad02_cont_r12_mario.jpg]
[web/png/cc-by-nc.png]
[web/png/ad02_cont_r11_flujos.png]
[web/jpg/ad02_cont_r15_caracteres.jpg]
[web/png/cc-by-nd.png]
[web/png/cc-by-sa.png]
[web/png/cc-by-nc-nd.png]
[web/png/cc-by-nc-sa.png]
[web/png/icon_debesconocerfpd.png]
[web/png/cc0.png]
[web/png/glosario.png]
[web/png/postit.png]
[web/png/icon_orientacionesfpd.png]
[web/jpg/caso_personajes_08.jpg]
[web/png/icon_recomendacionfpd.png]
[web/png/icon_reflexionfpd.png]
[web/png/icon_ejercicioresueltofpd.png]
[web/jpg/ad02_cont_r18_tuberias.jpg]
[web/png/icon_gallery.png]
[web/png/icon_activity.png]
[web/png/icon_preknowledge.png]
[web/png/icon_objectives.png]
[web/png/icon_casestudy.png]
[web/png/icon_citasparapensarfpd.png]
[web/png/icon_reading.png]
[web/png/icon_reflection.png]
[web/gif/icon_question.gif]
[web/jpg/ad02_cont_r19_discos.jpg]
[web/png/bullet.png]
[web/png/nivel1.png]
[web/png/nivel2.png]
[web/png/nivel3.png]
[web/jpg/ad02_cont_r26_ruleta.jpg]
[web/png/nivel4.png]
[web/png/nivel5.png]
[web/png/nivel6.png]
[web/css/content.css]
[web/png/jerarquia_de_clases_nio_(1).png]
[web/jpg/caso_personajes_04.jpg]
[web/jpg/ad02_cont_r31_xmlescultura.jpg]
[web/jpg/ad02_cont_r32_puzzle.jpg]
[web/gif/jaxb-databindingprocess.gif]
[web/gif/active_bg.gif]
[web/jpg/ad02_cont_r33_diccionario.jpg]
[web/jpg/ad02_cont_r36_xml_miniatura.jpg]
[web/png/icono-menu.png]
[web/css/nav.css]
[web/js/exe_jquery.js]
[web/js/common_i18n.js]
[web/jpg/ein_jym_caso_mariayblancahablandoportelefono_fot.jpg]
[web/jpg/ad02_cont_r40_balones.jpg]
[web/jpg/ad02_cont_r41_jasper.jpg]
[web/pdf/ad02_cont_r42_descargajasper.pdf]
[web/jpg/ad02_cont_r44_informe.jpg]
[web/jpg/ad02_cont_r06_carpetas_miniatura.jpg]
[web/jpg/ad02_cont_r23_buscar.jpg]
[web/jpg/ad02_cont_r43_opciones.jpg]
[web/jpg/ad02_cont_r43_opciones_miniatura.jpg]
[web/jpg/ad02_cont_r44_informe_miniatura.jpg]
[web/png/lupa.png]
[web/png/pdf.png]
[web/png/dibujo.png]
[web/png/documento.png]
[web/png/ad02__cont_r03_clases.png]
[web/png/presentacion.png]
[web/png/video.png]
[web/png/imagen.png]
[web/png/binario.png]
[web/png/paquete.png]
[web/js/common.js]
[web/js/_fpd_js.js]
[web/css/exe_highlighter.css]
[web/png/cc-by.png]
[web/js/exe_highlighter.js]
[web/png/cc-by-nd.png]
[web/png/cc-by-sa.png]
[web/png/cc0.png]
[web/png/cc-by-nc-nd.png]
[web/png/postit.png]
[web/png/glosario.png]
[web/html/ad02_descripcion_presentacion_escritura_fichero_binario.html]
[web/html/ad02_descripcion_video__java_io.html]
[web/png/icon_recomendacionfpd.png]
[web/html/ad02_descripcion_video_parsear.html]
[web/png/icon_reflexionfpd.png]
[web/png/icon_gallery.png]
[web/png/icon_objectives.png]
[web/html/ad02_descripcion_presentacion_descarga_jasperreports.html]
[web/png/icon_activity.png]
[web/png/icon_preknowledge.png]
[web/ad02_cont_r07_folders_anexo.html]
[web/png/icon_ejercicioresueltofpd.png]
[web/png/icon_reading.png]
[web/png/icon_reflection.png]
[web/png/bullet.png]
[web/xspf_player5eca.html]
[web/exe_media.html]
[web/exe_media-2.html]
