[backblue.gif]
[fade.gif]
[index.html]
[WEB/ICO/FAVICON.ICO]
[WEB/PNG/ICON_CAS.PNG]
[WEB/JPG/CASO__SO.JPG]
[WEB/JPG/MINISTER.JPG]
[WEB/HTML/INDEX.HTM]
[WEB/JPG/CASO_PRO.JPG]
[WEB/JPG/PSP03_CO.JPG]
[WEB/HTML/1_CONCEP.HTM]
[WEB/JPG/PSP03_-2.JPG]
[WEB/HTML/11_RECOR.HTM]
[WEB/PNG/PSP03_CO.PNG]
[WEB/PNG/PSP03_-2.PNG]
[WEB/PNG/ICON_DEB.PNG]
[WEB/GIF/ICON_AUT.GIF]
[WEB/PNG/ICON_PAR.PNG]
[WEB/HTML/111_RECO.HTM]
[WEB/JPG/PSP03_-3.JPG]
[WEB/HTML/12_CONEX.HTM]
[WEB/JPG/PSP03_-4.JPG]
[WEB/HTML/13_PUERT.HTM]
[WEB/JPG/PSP03_-5.JPG]
[WEB/HTML/14_NOMBR.HTM]
[WEB/JPG/PSP03_-6.JPG]
[WEB/JPG/PSP03_-7.JPG]
[WEB/JPG/PSP03_-8.JPG]
[WEB/JPG/PSP03_-9.JPG]
[WEB/HTML/15_MODEL.HTM]
[WEB/JPG/PSP03-10.JPG]
[WEB/JPG/PSP03-11.JPG]
[WEB/JPG/PSP03-12.JPG]
[WEB/JPG/PSP03-13.JPG]
[WEB/HTML/2_SOCKET.HTM]
[WEB/PNG/PSP03_-3.PNG]
[WEB/PNG/PSP03_-4.PNG]
[WEB/HTML/21_SERVI.HTM]
[WEB/HTML/22_CLIEN.HTM]
[WEB/JPG/PSP03-14.JPG]
[WEB/HTML/23_FLUJO.HTM]
[WEB/JPG/PSP03-15.JPG]
[WEB/JPG/PSP03-16.JPG]
[WEB/HTML/24_EJEMP.HTM]
[WEB/JPG/PSP03-17.JPG]
[WEB/JPG/PSP03-18.JPG]
[WEB/HTML/241_EJEM.HTM]
[WEB/HTML/3_SOCKET.HTM]
[WEB/JPG/PSP03-19.JPG]
[WEB/HTML/31_RECEP.HTM]
[WEB/JPG/PSP03-20.JPG]
[WEB/HTML/32_EMISO.HTM]
[WEB/JPG/PSP03-21.JPG]
[WEB/HTML/33_EJEMP.HTM]
[WEB/JPG/PSP03-22.JPG]
[WEB/HTML/331_EJEM.HTM]
[WEB/JPG/PSP03-23.JPG]
[WEB/JPG/PSP03-24.JPG]
[WEB/JPG/PSP03-25.JPG]
[WEB/JPG/PSP03-26.JPG]
[WEB/HTML/332_EJEM.HTM]
[WEB/JPG/PSP03-27.JPG]
[WEB/JPG/PSP03-28.JPG]
[WEB/JPG/PSP03-29.JPG]
[WEB/JPG/PSP03-30.JPG]
[WEB/JPG/PSP03-31.JPG]
[WEB/JPG/PSP03-32.JPG]
[WEB/JPG/PSP03-33.JPG]
[WEB/JPG/PSP03-34.JPG]
[WEB/JPG/PSP03-35.JPG]
[WEB/HTML/ANEXO_LI.HTM]
[WEB/HTML/PSP03_DE.HTM]
[WEB/PNG/ICON_CAS.PNG]
[WEB/GIF/POPUP_BG.GIF]
[WEB/JPG/CASO__SO.JPG]
[WEB/CSS/BASE.CSS]
[WEB/JPG/CASO_PRO.JPG]
[WEB/JPG/MINISTER.JPG]
[WEB/JPG/PSP03_-2.JPG]
[WEB/JPG/PSP03_CO.JPG]
[WEB/PNG/PSP03_CO.PNG]
[WEB/GIF/ICON_AUT.GIF]
[WEB/JPG/PSP03_-3.JPG]
[WEB/PNG/LUPA.PNG]
[WEB/PNG/ICON_PAR.PNG]
[WEB/JPG/PSP03_-4.JPG]
[WEB/PNG/PSP03_-2.PNG]
[WEB/GIF/PRE_CODE.GIF]
[WEB/PNG/DOCUMENT.PNG]
[WEB/PNG/PDF.PNG]
[WEB/JPG/PSP03_-5.JPG]
[WEB/PNG/HCALCULO.PNG]
[WEB/PNG/DIBUJO.PNG]
[WEB/PNG/PRESENTA.PNG]
[WEB/JPG/PSP03_-6.JPG]
[WEB/PNG/IMAGEN.PNG]
[WEB/PNG/AUDIO.PNG]
[WEB/PNG/VIDEO.PNG]
[WEB/PNG/PAQUETE.PNG]
[WEB/JPG/PSP03_-7.JPG]
[WEB/PNG/BINARIO.PNG]
[WEB/PNG/HTML.PNG]
[WEB/PNG/CC_BY.PNG]
[WEB/PNG/CC_BY_NC.PNG]
[WEB/JPG/PSP03_-8.JPG]
[WEB/PNG/CC_BY_ND.PNG]
[WEB/PNG/CC_BY_SA.PNG]
[WEB/PNG/CC_BY_-2.PNG]
[WEB/PNG/CC_BY_-3.PNG]
[WEB/JPG/PSP03_-9.JPG]
[WEB/PNG/CC0.PNG]
[WEB/PNG/GLOSARIO.PNG]
[WEB/PNG/POSTIT.PNG]
[WEB/JPG/PSP03-10.JPG]
[WEB/PNG/ICON_ORI.PNG]
[WEB/PNG/ICON_CIT.PNG]
[WEB/PNG/ICON_REC.PNG]
[WEB/PNG/ICON_REF.PNG]
[WEB/JPG/PSP03-11.JPG]
[WEB/PNG/ICON_EJE.PNG]
[WEB/PNG/ICON_GAL.PNG]
[WEB/PNG/ICON_ACT.PNG]
[WEB/PNG/ICON_PRE.PNG]
[WEB/JPG/PSP03-12.JPG]
[WEB/PNG/ICON_OBJ.PNG]
[WEB/PNG/ICON_C-2.PNG]
[WEB/PNG/ICON_REA.PNG]
[WEB/PNG/ICON_R-2.PNG]
[WEB/GIF/ICON_QUE.GIF]
[WEB/JPG/PSP03-13.JPG]
[WEB/PNG/BULLET.PNG]
[WEB/PNG/NIVEL1.PNG]
[WEB/PNG/PSP03_-3.PNG]
[WEB/PNG/NIVEL2.PNG]
[WEB/JPG/PSP03-14.JPG]
[WEB/JPG/PSP03-17.JPG]
[WEB/JPG/PSP03-15.JPG]
[WEB/PNG/NIVEL3.PNG]
[WEB/JPG/PSP03-16.JPG]
[WEB/PNG/NIVEL4.PNG]
[WEB/JPG/PSP03-18.JPG]
[WEB/PNG/NIVEL5.PNG]
[WEB/PNG/NIVEL6.PNG]
[WEB/CSS/CONTENT.CSS]
[WEB/JPG/PSP03-19.JPG]
[WEB/JPG/PSP03-20.JPG]
[WEB/JPG/PSP03-23.JPG]
[WEB/JPG/PSP03-24.JPG]
[WEB/GIF/ACTIVE_B.GIF]
[WEB/JPG/PSP03-21.JPG]
[WEB/JPG/PSP03-22.JPG]
[WEB/PNG/ICONO_ME.PNG]
[WEB/CSS/NAV.CSS]
[WEB/JPG/PSP03-25.JPG]
[WEB/JS/EXE_JQUE.JS]
[WEB/JPG/PSP03-26.JPG]
[WEB/JS/COMMON_I.JS]
[WEB/JPG/PSP03-27.JPG]
[WEB/JPG/PSP03-28.JPG]
[WEB/JPG/PSP03-29.JPG]
[WEB/JPG/PSP03-30.JPG]
[WEB/JPG/PSP03-31.JPG]
[WEB/JPG/PSP03-34.JPG]
[WEB/JPG/PSP03-33.JPG]
[WEB/PNG/LUPA.PNG]
[WEB/JPG/PSP03-35.JPG]
[WEB/GIF/PRE_CODE.GIF]
[WEB/PNG/DOCUMENT.PNG]
[WEB/PNG/HCALCULO.PNG]
[WEB/PNG/DIBUJO.PNG]
[WEB/JS/COMMON.JS]
[WEB/JS/_FPD_JS.JS]
[WEB/HTML/PSP03_DE.HTM]
[WEB/PNG/AUDIO.PNG]
[WEB/PNG/IMAGEN.PNG]
[WEB/PNG/VIDEO.PNG]
[WEB/PNG/BINARIO.PNG]
[WEB/PNG/HTML.PNG]
[WEB/PNG/CC_BY.PNG]
[WEB/PNG/CC_BY_ND.PNG]
[WEB/PNG/CC_BY_SA.PNG]
[WEB/PNG/CC_BY_-2.PNG]
[WEB/PNG/CC0.PNG]
[WEB/PNG/GLOSARIO.PNG]
[WEB/PNG/ICON_ORI.PNG]
[WEB/PNG/ICON_CIT.PNG]
[WEB/PNG/ICON_REC.PNG]
[WEB/PNG/ICON_GAL.PNG]
[WEB/HTML/XSPF_PLA.HTM]
[WEB/HTML/EXE_MEDI.HTM]
[WEB/HTML/EXE_ME-2.HTM]
