[backblue.gif]
[fade.gif]
[index.html]
[web/ico/favicon.ico]
[web/png/icon_casopracticofpd.png]
[web/jpg/personas_reunidas_escribiendo_business_plan.jpg]
[web/jpg/ministerio-de-educacion-y-formacion-profesional-web.jpg]
[web/html/index.html]
[web/png/sge05_cont_r01_esquema.png]
[web/png/sge05_cont_r01_esquema_miniatura.png]
[web/gif/icon_autoevaluacionfpd.gif]
[web/html/1_tcnicas_y_estndares_modelovistacontrolador.html]
[web/png/arquitectura_cliente-servidor_odoo.png]
[web/png/icon_parasabermasfpd.png]
[web/html/11__especificaciones_tcnicas_para_el_desarrollo_de_componentes.html]
[web/png/sge05_cont_r03_nucleo.png]
[web/png/sge05_cont_r03_nucleo_miniatura.png]
[web/html/12__especificaciones_funcionales_para_el_desarrollo_de_componentes.html]
[web/jpg/genericas_caso_115.jpg]
[web/jpg/sge05_cont_r04_datos.jpg]
[web/html/2__tcnicas_de_optimizacin_de_consultas_y_acceso_a_grandes_volmenes_de_informacin.html]
[web/png/sge05_cont_r05_limpiar.png]
[web/png/icon_debesconocerfpd.png]
[web/png/pagina1.png]
[web/png/pagina2.png]
[web/png/pagina3.png]
[web/png/pagina4.png]
[web/png/pagin5.png]
[web/png/pagina6.png]
[web/png/pagina7.png]
[web/html/21__operaciones_de_consulta_herramientas.html]
[web/jpg/sge05_cont_r06_saplogo.jpg]
[web/html/22__sistemas_batch_inputs_generacin_de_programas_de_extraccin_y_procesamiento_de_datos.html]
[web/jpg/caso_personajes_13.jpg]
[web/png/ubuntu-18.04-desktop.png]
[web/file_ubuntu-18.04-desktop.html]
[web/png/icon_reflexionfpd.png]
[web/html/3__lenguaje_proporcionado_por_los_sistemas_erpcrm.html]
[web/jpg/sge05_cont_r08_guido_van_rossum.jpg]
[web/png/pythonholamundo.png]
[web/archivo_guido_van_rossum_oscon_2006.html]
[web/png/pythonholamundoconficheropy.png]
[web/html/31__caractersticas_y_sintaxis_del_lenguaje.html]
[web/jpg/sge05_cont_r09_diccionario.jpg]
[web/html/32__declaracin_de_datos_tipos_bsicos.html]
[web/jpg/sge05_cont_r10_lista.jpg]
[web/html/33__estructuras_de_programacin_colecciones.html]
[web/file_diccionario_de_la_lengua_española,_on_side.html]
[web/jpg/sge05_cont_r11_cafe.jpg]
[web/html/34__sentencias_del_lenguaje.html]
[web/jpg/sge05_cont_r12_funcion.jpg]
[web/html/35__llamadas_a_funciones.html]
[web/jpg/sge05_cont_r13_personas.jpg]
[web/html/36__clases_y_objetos.html]
[web/jpg/sge05_cont_r14_paquete.jpg]
[web/png/icon_ejercicioresueltofpd.png]
[web/zip/sge05_cont_r15_ejercicioresuelto.zip]
[web/png/pagina1.1.png]
[web/png/pagina2.1.png]
[web/png/pagina3.1.png]
[web/png/pagina4.1.png]
[web/html/37__mdulos_y_paquetes.html]
[web/png/sge05_cont_r15_fibonnacci-python.png]
[web/png/sge05_cont_r15_fibonnacci-python_miniatura.png]
[web/html/38__libreras_de_funciones_apis.html]
[web/html/39__insercin_modificacin_y_eliminacin_de_datos_en_objetos.html]
[web/jpg/hombrenegociossentado.jpg]
[web/jpg/sge05_cont_r17_python_logo.jpg]
[web/html/4__entornos_de_desarrollo_y_herramientas_de_desarrollo_en_sistemas_erpcrm.html]
[web/png/idle_de_python_en_mac.png]
[web/png/python's_idle.png]
[web/html/41__depuracin_de_un_programa.html]
[web/png/sge05_cont_r19_error.png]
[web/html/42__manejo_de_errores.html]
[web/jpg/genericas_caso_136.jpg]
[web/html/5_formularios_e_informes_en_sistemas_erpcrm.html]
[web/png/contenido_del_directorio_de_un_modelo.png]
[web/png/contenido_del_fichero_view-xml.png]
[web/html/51_arquitectura_de_formularios_e_informes_elementos.html]
[web/jpg/pila_papeles.jpg]
[web/html/52_herramientas_para_la_creacin_de_formularios_e_informes.html]
[web/ico/favicon.ico]
[web/gif/popup_bg.gif]
[web/css/base.css]
[web/png/icon_casopracticofpd.png]
[web/png/lupa.png]
[web/jpg/personas_reunidas_escribiendo_business_plan.jpg]
[web/jpg/ministerio-de-educacion-y-formacion-profesional-web.jpg]
[web/gif/pre_code_bg.gif]
[web/png/sge05_cont_r01_esquema.png]
[web/png/documento.png]
[web/png/pdf.png]
[web/png/sge05_cont_r01_esquema_miniatura.png]
[web/png/hcalculo.png]
[web/png/dibujo.png]
[web/png/presentacion.png]
[web/png/imagen.png]
[web/gif/icon_autoevaluacionfpd.gif]
[web/png/arquitectura_cliente-servidor_odoo.png]
[web/png/icon_parasabermasfpd.png]
[web/jpg/genericas_caso_115.jpg]
[web/png/audio.png]
[web/png/sge05_cont_r03_nucleo.png]
[web/png/video.png]
[web/jpg/sge05_cont_r04_datos.jpg]
[web/png/sge05_cont_r03_nucleo_miniatura.png]
[web/png/paquete.png]
[web/png/binario.png]
[web/png/html.png]
[web/png/cc-by.png]
[web/png/sge05_cont_r05_limpiar.png]
[web/png/cc-by-nc.png]
[web/png/cc-by-nd.png]
[web/png/cc-by-sa.png]
[web/png/cc-by-nc-nd.png]
[web/png/pagina1.png]
[web/png/cc-by-nc-sa.png]
[web/png/cc0.png]
[web/png/glosario.png]
[web/png/postit.png]
[web/png/pagina2.png]
[web/png/icon_orientacionesfpd.png]
[web/png/icon_citasparapensarfpd.png]
[web/png/icon_recomendacionfpd.png]
[web/png/icon_gallery.png]
[web/png/pagina3.png]
[web/png/icon_activity.png]
[web/png/pagina4.png]
[web/png/pagin5.png]
[web/jpg/sge05_cont_r06_saplogo.jpg]
[web/png/pagina6.png]
[web/png/icon_preknowledge.png]
[web/png/pagina7.png]
[web/jpg/caso_personajes_13.jpg]
[web/png/icon_objectives.png]
[web/png/icon_casestudy.png]
[web/png/icon_reading.png]
[web/png/ubuntu-18.04-desktop.png]
[web/png/icon_reflection.png]
[web/png/icon_reflexionfpd.png]
[web/png/pythonholamundoconficheropy.png]
[web/jpg/sge05_cont_r09_diccionario.jpg]
[web/png/pythonholamundo.png]
[web/gif/icon_question.gif]
[web/jpg/sge05_cont_r08_guido_van_rossum.jpg]
[web/png/bullet.png]
[web/jpg/sge05_cont_r10_lista.jpg]
[web/png/nivel1.png]
[web/png/nivel2.png]
[web/png/nivel3.png]
[web/png/nivel4.png]
[web/png/nivel5.png]
[web/png/nivel6.png]
[web/css/content.css]
[web/jpg/sge05_cont_r11_cafe.jpg]
[web/jpg/sge05_cont_r12_funcion.jpg]
[web/gif/active_bg.gif]
[web/jpg/sge05_cont_r13_personas.jpg]
[web/jpg/sge05_cont_r14_paquete.jpg]
[web/png/icon_ejercicioresueltofpd.png]
[web/zip/sge05_cont_r15_ejercicioresuelto.zip]
[web/png/pagina2.1.png]
[web/png/icono-menu.png]
[web/css/nav.css]
[web/js/exe_jquery.js]
[web/png/pagina3.1.png]
[web/js/common_i18n.js]
[web/png/pagina4.1.png]
[web/jpg/hombrenegociossentado.jpg]
[web/png/idle_de_python_en_mac.png]
[web/png/sge05_cont_r19_error.png]
[web/jpg/sge05_cont_r17_python_logo.jpg]
[web/png/sge05_cont_r15_fibonnacci-python_miniatura.png]
[web/png/python's_idle.png]
[web/jpg/genericas_caso_136.jpg]
[web/png/contenido_del_directorio_de_un_modelo.png]
[web/png/contenido_del_fichero_view-xml.png]
[web/jpg/pila_papeles.jpg]
[web/js/common.js]
[web/js/_fpd_js.js]
[web/png/documento.png]
[web/css/exe_effects.css]
[web/png/hcalculo.png]
[web/png/imagen.png]
[web/png/presentacion.png]
[web/png/dibujo.png]
[web/js/exe_effects.js]
[web/png/audio.png]
[web/png/binario.png]
[web/png/paquete.png]
[web/file_ubuntu-18.04-desktop.html]
[web/archivo_guido_van_rossum_oscon_2006.html]
[web/png/html.png]
[web/file_diccionario_de_la_lengua_española,_on_side.html]
[web/png/cc-by-nc.png]
[web/png/cc-by-nd.png]
[web/png/cc-by-sa.png]
[web/png/cc0.png]
[web/png/cc-by-nc-nd.png]
[web/png/cc-by-nc-sa.png]
[web/png/glosario.png]
[web/png/icon_orientacionesfpd.png]
[web/png/icon_activity.png]
[web/png/icon_citasparapensarfpd.png]
[web/png/icon_recomendacionfpd.png]
[web/png/icon_objectives.png]
[web/png/icon_casestudy.png]
[web/gif/icon_question.gif]
[web/xspf_player5eca.html]
[web/exe_media.html]
[web/exe_media-2.html]
