[backblue.gif]
[fade.gif]
[index.html]
[WEB/ICO/FAVICON.ICO]
[WEB/PNG/ICON_CAS.PNG]
[WEB/JPG/CASO_PER.JPG]
[WEB/JPG/MINISTER.JPG]
[WEB/HTML/INDEX.HTM]
[WEB/JPG/PSP02_CO.JPG]
[WEB/JPG/PSP02_-2.JPG]
[WEB/PNG/ICON_PAR.PNG]
[WEB/GIF/ICON_AUT.GIF]
[WEB/HTML/1_INTROD.HTM]
[WEB/JPG/CASO_P-2.JPG]
[WEB/JPG/PSP02_-3.JPG]
[WEB/JPG/PSP02_-4.JPG]
[WEB/JPG/PSP02_-5.JPG]
[WEB/JPG/PSP02_-6.JPG]
[WEB/HTML/2_CONCEP.HTM]
[WEB/JPG/PSP02_-7.JPG]
[WEB/JPG/PSP02_-8.JPG]
[WEB/JPG/PSP02_-9.JPG]
[WEB/JPG/PSP02-10.JPG]
[WEB/HTML/21_RECUR.HTM]
[WEB/JPG/PSP02-11.JPG]
[WEB/JPG/PSP02-12.JPG]
[WEB/HTML/22_VENTA.HTM]
[WEB/JPG/CASO_P-3.JPG]
[WEB/HTML/3_MULTIH.HTM]
[WEB/JPG/PSP02-13.JPG]
[WEB/HTML/31_UTILI.HTM]
[WEB/JPG/PSP02-14.JPG]
[WEB/PNG/ICON_CIT.PNG]
[WEB/HTML/32_UTILI.HTM]
[WEB/JPG/EIN_PPAA.JPG]
[WEB/JPG/PSP02-15.JPG]
[WEB/JPG/PSP02-16.JPG]
[WEB/ZIP/PSP02_CO.ZIP]
[WEB/HTML/4_CREACI.HTM]
[WEB/JPG/PSP02-17.JPG]
[WEB/JPG/PSP02-18.JPG]
[WEB/JPG/PSP02-19.JPG]
[WEB/TXT/PSP02_CO.TXT]
[WEB/ZIP/PSP02_-2.ZIP]
[WEB/HTML/41_CREAC.HTM]
[WEB/JPG/PSP02-20.JPG]
[WEB/JPG/PSP02-21.JPG]
[WEB/JPG/PSP02-22.JPG]
[WEB/TXT/PSP02_-2.TXT]
[WEB/ZIP/PSP02_-3.ZIP]
[WEB/HTML/42_CREAC.HTM]
[WEB/JPG/PSP02-23.JPG]
[WEB/JPG/PSP02-24.JPG]
[WEB/HTML/5_ESTADO.HTM]
[WEB/JPG/PSP02-25.JPG]
[WEB/ZIP/PSP02_-4.ZIP]
[WEB/MP4/PSP02_CO.MP4]
[WEB/HTML/51_INICI.HTM]
[WEB/JPG/PSP02-26.JPG]
[WEB/JPG/PSP02-27.JPG]
[WEB/HTML/52_DETEN.HTM]
[WEB/JPG/PSP02-28.JPG]
[WEB/ZIP/PSP02_-5.ZIP]
[WEB/HTML/53_FINAL.HTM]
[WEB/JPG/PSP02-29.JPG]
[WEB/ZIP/PSP02_-6.ZIP]
[WEB/MP4/PSP02_-2.MP4]
[WEB/HTML/54_EJEMP.HTM]
[WEB/JPG/EIN_PP-2.JPG]
[WEB/JPG/PSP02-30.JPG]
[WEB/JPG/PSP02-31.JPG]
[WEB/HTML/6_GESTIN.HTM]
[WEB/JPG/PSP02-32.JPG]
[WEB/ZIP/PSP02_-7.ZIP]
[WEB/PNG/ICON_DEB.PNG]
[WEB/HTML/61_PRIOR.HTM]
[WEB/JPG/PSP02-33.JPG]
[WEB/JPG/PSP02-34.JPG]
[WEB/JPG/PSP02-35.JPG]
[WEB/JPG/PSP02-36.JPG]
[WEB/JPG/PSP02-37.JPG]
[WEB/JPG/PSP02-38.JPG]
[WEB/ZIP/PSP02_-8.ZIP]
[WEB/JPG/PSP02-39.JPG]
[WEB/JPG/PSP02-40.JPG]
[WEB/TXT/PSP02_-3.TXT]
[WEB/HTML/62_HILOS.HTM]
[WEB/JPG/CASO_P-4.JPG]
[WEB/HTML/7_SINCRO.HTM]
[WEB/JPG/PSP02-41.JPG]
[WEB/JPG/PSP02-42.JPG]
[WEB/ZIP/PSP02_-9.ZIP]
[WEB/MP4/PSP02_-3.MP4]
[WEB/HTML/71_INFOR.HTM]
[WEB/JPG/PSP02-43.JPG]
[WEB/PDF/PSP02_CO.PDF]
[WEB/JPG/PSP02-44.JPG]
[WEB/JPG/PSP02-45.JPG]
[WEB/ZIP/PSP02-10.ZIP]
[WEB/ZIP/PSP02-11.ZIP]
[WEB/MP4/PSP02_-4.MP4]
[WEB/HTML/72_MONIT.HTM]
[WEB/JPG/PSP02-46.JPG]
[WEB/JPG/PSP02-47.JPG]
[WEB/JPG/PSP02-48.JPG]
[WEB/HTML/73_MONIT.HTM]
[WEB/ZIP/PSP02-12.ZIP]
[WEB/JPG/PSP02-49.JPG]
[WEB/PDF/PSP02_-2.PDF]
[WEB/ZIP/PSP02-13.ZIP]
[WEB/MP4/PSP02_-5.MP4]
[WEB/HTML/74_COMUN.HTM]
[WEB/JPG/PSP02-50.JPG]
[WEB/ZIP/PSP02-14.ZIP]
[WEB/HTML/75_EL_PR.HTM]
[WEB/JPG/PSP02-51.JPG]
[WEB/ZIP/PSP02-15.ZIP]
[WEB/ZIP/PSP02-16.ZIP]
[WEB/HTML/76_LA_CL.HTM]
[WEB/JPG/PSP02-52.JPG]
[WEB/JPG/PSP02-53.JPG]
[WEB/ZIP/PSP02-17.ZIP]
[WEB/HTML/77_LA_CL.HTM]
[WEB/JPG/PSP02-54.JPG]
[WEB/ZIP/PSP02-18.ZIP]
[WEB/HTML/78_LAS_C.HTM]
[WEB/JPG/PSP02-55.JPG]
[WEB/ZIP/PSP02-19.ZIP]
[WEB/HTML/79_LA_CL.HTM]
[WEB/HTML/8_APLICA.HTM]
[WEB/JPG/PSP02-56.JPG]
[WEB/HTML/81_OTRAS.HTM]
[WEB/JPG/PSP02-57.JPG]
[WEB/ZIP/PSP02-20.ZIP]
[WEB/HTML/82_LA_IN.HTM]
[WEB/JPG/PSP02-58.JPG]
[WEB/JPG/PSP02-59.JPG]
[WEB/JPG/PSP02-60.JPG]
[WEB/ZIP/PSP02-21.ZIP]
[WEB/HTML/83_GESTI.HTM]
[WEB/JPG/PSP02-61.JPG]
[WEB/JPG/PSP02-62.JPG]
[WEB/HTML/84_DEPUR.HTM]
[WEB/JPG/PSP02-63.JPG]
[WEB/JPG/PSP02-64.JPG]
[WEB/JPG/PSP02-65.JPG]
[WEB/JPG/PSP02-66.JPG]
[WEB/JPG/PSP02-67.JPG]
[WEB/JPG/PSP02-68.JPG]
[WEB/JPG/PSP02-69.JPG]
[WEB/JPG/PSP02-70.JPG]
[WEB/JPG/PSP02-71.JPG]
[WEB/JPG/PSP02-72.JPG]
[WEB/JPG/PSP02-73.JPG]
[WEB/HTML/ANEXO_LI.HTM]
[WEB/HTML/PSP02_DE.HTM]
[WEB/ICO/FAVICON.ICO]
[WEB/GIF/POPUP_BG.GIF]
[WEB/CSS/BASE.CSS]
[WEB/JPG/CASO_PER.JPG]
[WEB/PNG/ICON_CAS.PNG]
[WEB/JPG/MINISTER.JPG]
[WEB/PNG/ICON_PAR.PNG]
[WEB/JPG/PSP02_CO.JPG]
[WEB/PNG/LUPA.PNG]
[WEB/JPG/PSP02_-3.JPG]
[WEB/JPG/CASO_P-2.JPG]
[WEB/JPG/PSP02_-2.JPG]
[WEB/JPG/PSP02_-4.JPG]
[WEB/GIF/ICON_AUT.GIF]
[WEB/JPG/PSP02_-5.JPG]
[WEB/JPG/PSP02_-8.JPG]
[WEB/JPG/PSP02_-6.JPG]
[WEB/JPG/PSP02_-7.JPG]
[WEB/JPG/PSP02_-9.JPG]
[WEB/GIF/PRE_CODE.GIF]
[WEB/JPG/PSP02-10.JPG]
[WEB/JPG/PSP02-11.JPG]
[WEB/JPG/PSP02-12.JPG]
[WEB/JPG/CASO_P-3.JPG]
[WEB/JPG/PSP02-13.JPG]
[WEB/JPG/PSP02-14.JPG]
[WEB/PNG/DOCUMENT.PNG]
[WEB/PNG/ICON_CIT.PNG]
[WEB/JPG/EIN_PPAA.JPG]
[WEB/JPG/PSP02-15.JPG]
[WEB/JPG/PSP02-16.JPG]
[WEB/ZIP/PSP02_CO.ZIP]
[WEB/PNG/PDF.PNG]
[WEB/JPG/PSP02-17.JPG]
[WEB/PNG/HCALCULO.PNG]
[WEB/JPG/PSP02-18.JPG]
[WEB/TXT/PSP02_CO.TXT]
[WEB/JPG/PSP02-20.JPG]
[WEB/JPG/PSP02-19.JPG]
[WEB/ZIP/PSP02_-2.ZIP]
[WEB/PNG/DIBUJO.PNG]
[WEB/JPG/PSP02-21.JPG]
[WEB/PNG/PRESENTA.PNG]
[WEB/PNG/IMAGEN.PNG]
[WEB/PNG/AUDIO.PNG]
[WEB/PNG/VIDEO.PNG]
[WEB/JPG/PSP02-22.JPG]
[WEB/PNG/PAQUETE.PNG]
[WEB/PNG/BINARIO.PNG]
[WEB/PNG/HTML.PNG]
[WEB/PNG/CC_BY.PNG]
[WEB/ZIP/PSP02_-3.ZIP]
[WEB/JPG/PSP02-24.JPG]
[WEB/TXT/PSP02_-2.TXT]
[WEB/JPG/PSP02-23.JPG]
[WEB/JPG/PSP02-25.JPG]
[WEB/MP4/PSP02_CO.MP4]
[WEB/PNG/CC_BY_NC.PNG]
[WEB/JPG/PSP02-26.JPG]
[WEB/ZIP/PSP02_-4.ZIP]
[WEB/JPG/PSP02-27.JPG]
[WEB/JPG/PSP02-29.JPG]
[WEB/JPG/PSP02-28.JPG]
[WEB/ZIP/PSP02_-5.ZIP]
[WEB/PNG/CC_BY_ND.PNG]
[WEB/MP4/PSP02_-2.MP4]
[WEB/JPG/EIN_PP-2.JPG]
[WEB/JPG/PSP02-30.JPG]
[WEB/JPG/PSP02-31.JPG]
[WEB/ZIP/PSP02_-6.ZIP]
[WEB/JPG/PSP02-32.JPG]
[WEB/PNG/CC_BY_SA.PNG]
[WEB/PNG/CC_BY_-2.PNG]
[WEB/PNG/CC_BY_-3.PNG]
[WEB/ZIP/PSP02_-7.ZIP]
[WEB/PNG/CC0.PNG]
[WEB/PNG/GLOSARIO.PNG]
[WEB/PNG/POSTIT.PNG]
[WEB/PNG/ICON_ORI.PNG]
[WEB/PNG/ICON_DEB.PNG]
[WEB/PNG/ICON_REC.PNG]
[WEB/PNG/ICON_REF.PNG]
[WEB/PNG/ICON_EJE.PNG]
[WEB/PNG/ICON_GAL.PNG]
[WEB/JPG/PSP02-33.JPG]
[WEB/PNG/ICON_ACT.PNG]
[WEB/PNG/ICON_PRE.PNG]
[WEB/PNG/ICON_OBJ.PNG]
[WEB/JPG/PSP02-34.JPG]
[WEB/JPG/PSP02-37.JPG]
[WEB/JPG/PSP02-36.JPG]
[WEB/JPG/PSP02-35.JPG]
[WEB/PNG/ICON_C-2.PNG]
[WEB/JPG/PSP02-38.JPG]
[WEB/ZIP/PSP02_-8.ZIP]
[WEB/JPG/PSP02-40.JPG]
[WEB/JPG/PSP02-39.JPG]
[WEB/PNG/ICON_REA.PNG]
[WEB/TXT/PSP02_-3.TXT]
[WEB/JPG/CASO_P-4.JPG]
[WEB/JPG/PSP02-41.JPG]
[WEB/JPG/PSP02-42.JPG]
[WEB/ZIP/PSP02_-9.ZIP]
[WEB/PNG/ICON_R-2.PNG]
[WEB/MP4/PSP02_-3.MP4]
[WEB/GIF/ICON_QUE.GIF]
[WEB/JPG/PSP02-44.JPG]
[WEB/ZIP/PSP02-10.ZIP]
[WEB/JPG/PSP02-43.JPG]
[WEB/PDF/PSP02_CO.PDF]
[WEB/PNG/BULLET.PNG]
[WEB/JPG/PSP02-45.JPG]
[WEB/ZIP/PSP02-11.ZIP]
[WEB/PNG/NIVEL1.PNG]
[WEB/PNG/NIVEL2.PNG]
[WEB/PNG/NIVEL3.PNG]
[WEB/PNG/NIVEL4.PNG]
[WEB/MP4/PSP02_-4.MP4]
[WEB/PNG/NIVEL5.PNG]
[WEB/PNG/NIVEL6.PNG]
[WEB/CSS/CONTENT.CSS]
[WEB/JPG/PSP02-46.JPG]
[WEB/GIF/ACTIVE_B.GIF]
[WEB/JPG/PSP02-47.JPG]
[WEB/ZIP/PSP02-12.ZIP]
[WEB/JPG/PSP02-48.JPG]
[WEB/JPG/PSP02-49.JPG]
[WEB/PDF/PSP02_-2.PDF]
[WEB/PNG/ICONO_ME.PNG]
[WEB/CSS/NAV.CSS]
[WEB/JS/EXE_JQUE.JS]
[WEB/ZIP/PSP02-13.ZIP]
[WEB/JS/COMMON_I.JS]
[WEB/JPG/PSP02-51.JPG]
[WEB/MP4/PSP02_-5.MP4]
[WEB/JPG/PSP02-53.JPG]
[WEB/JPG/PSP02-52.JPG]
[WEB/JPG/PSP02-50.JPG]
[WEB/ZIP/PSP02-15.ZIP]
[WEB/ZIP/PSP02-17.ZIP]
[WEB/ZIP/PSP02-14.ZIP]
[WEB/ZIP/PSP02-16.ZIP]
[WEB/ZIP/PSP02-18.ZIP]
[WEB/JPG/PSP02-55.JPG]
[WEB/JPG/PSP02-56.JPG]
[WEB/JPG/PSP02-54.JPG]
[WEB/ZIP/PSP02-20.ZIP]
[WEB/JPG/PSP02-57.JPG]
[WEB/JPG/PSP02-59.JPG]
[WEB/ZIP/PSP02-19.ZIP]
[WEB/JPG/PSP02-58.JPG]
[WEB/JPG/PSP02-60.JPG]
[WEB/JS/COMMON.JS]
[WEB/JS/_FPD_JS.JS]
[WEB/CSS/INTERACT.CSS]
[WEB/JS/INTERACT.JS]
[WEB/ZIP/PSP02-21.ZIP]
[WEB/JPG/PSP02-62.JPG]
[WEB/JPG/PSP02-64.JPG]
[WEB/HTML/PSP02_DE.HTM]
[WEB/JPG/PSP02-66.JPG]
[WEB/JPG/PSP02-63.JPG]
[WEB/JPG/PSP02-61.JPG]
[WEB/JPG/PSP02-67.JPG]
[WEB/PNG/HCALCULO.PNG]
[WEB/PNG/IMAGEN.PNG]
[WEB/PNG/PDF.PNG]
[WEB/PNG/CC0.PNG]
[WEB/PNG/PRESENTA.PNG]
[WEB/PNG/CC_BY_ND.PNG]
[WEB/PNG/CC_BY_SA.PNG]
[WEB/JPG/PSP02-65.JPG]
[WEB/PNG/NIVEL1.PNG]
[WEB/XSPF_PLA.HTM]
[WEB/JS/EXE_MEDI.JS]
[WEB/CSS/EXE_MEDI.CSS]
