[backblue.gif]
[fade.gif]
[index.html]
[WEB/ICO/FAVICON.ICO]
[WEB/PNG/ICON_CAS.PNG]
[WEB/JPG/DI06_CON.JPG]
[WEB/JPG/MINISTER.JPG]
[WEB/HTML/INDEX.HTM]
[WEB/JPG/DI06_C-2.JPG]
[WEB/JPG/DI06_C-3.JPG]
[WEB/GIF/ICON_AUT.GIF]
[WEB/HTML/1_FICHER.HTM]
[WEB/JPG/DI06_C-4.JPG]
[WEB/JPG/205101_M.JPG]
[WEB/PNG/ICON_PAR.PNG]
[WEB/JPG/DI06_C-5.JPG]
[WEB/JPG/23821__1.JPG]
[WEB/HTML/11_FORMA.HTM]
[WEB/JPG/DI06_C-6.JPG]
[WEB/HTML/2_HERRAM.HTM]
[WEB/JPG/DI06_C-7.JPG]
[WEB/DELAYED/25823450.DEL.delayed]
[WEB/HTML/21_HERRA.HTM]
[WEB/JPG/DI06_C-8.JPG]
[WEB/JPG/DI06_C-9.JPG]
[WEB/HTML/3_AYUDA_.HTM]
[WEB/JPG/DAM_DI06.JPG]
[WEB/JPG/DAM_DI-2.JPG]
[WEB/JPG/DAM_DI-3.JPG]
[WEB/JPG/DAM_DI-4.JPG]
[WEB/JPG/DAM_DI-5.JPG]
[WEB/HTML/31_USO_D.HTM]
[WEB/JPG/DI06_-10.JPG]
[WEB/JPG/DI06_-11.JPG]
[WEB/HTML/4_TABLAS.HTM]
[WEB/JPG/DI06_-12.JPG]
[WEB/JPG/DI06_-13.JPG]
[WEB/HTML/5_NDICES.HTM]
[WEB/JPG/DI06_-14.JPG]
[WEB/HTML/6_SISTEM.HTM]
[WEB/JPG/H7461_M.JPG]
[WEB/HTML/7_INCORP.HTM]
[WEB/JPG/DI06_-15.JPG]
[WEB/JPG/57765959.JPG]
[WEB/HTML/71_INCOR.HTM]
[WEB/JPG/DI06_-16.JPG]
[WEB/JPG/30410__1.JPG]
[WEB/HTML/8_TIPO_D.HTM]
[WEB/JPG/DI06_-17.JPG]
[WEB/HTML/81_MANUA.HTM]
[WEB/JPG/24604__1.JPG]
[WEB/HTML/82_GUA_D.HTM]
[WEB/HTML/83_GUAS_.HTM]
[WEB/HTML/84_MANUA.HTM]
[WEB/PNG/ICON_DEB.PNG]
[WEB/HTML/85_CONFI.HTM]
[WEB/JPG/DI06_-18.JPG]
[WEB/HTML/86_DESTI.HTM]
[WEB/JPG/DI08_CON.JPG]
[WEB/JPG/1590__37.JPG]
[WEB/HTML/9_CONFEC.HTM]
[WEB/HTML/91_HERRA.HTM]
[WEB/HTML/92_SECUE.HTM]
[WEB/JPG/DI08_C-2.JPG]
[WEB/JPG/26589294.JPG]
[WEB/HTML/10_HERRA.HTM]
[WEB/JPG/DI06_-19.JPG]
[WEB/JPG/PEXELS_P.JPG]
[WEB/HTML/101_SIMU.HTM]
[WEB/GIF/POPUP_BG.GIF]
[WEB/CSS/BASE.CSS]
[WEB/PNG/ICON_CAS.PNG]
[WEB/JPG/DI06_CON.JPG]
[WEB/JPG/MINISTER.JPG]
[WEB/PNG/LUPA.PNG]
[WEB/JPG/DI06_C-3.JPG]
[WEB/JPG/DI06_C-2.JPG]
[WEB/JPG/DI06_C-4.JPG]
[WEB/GIF/PRE_CODE.GIF]
[WEB/PNG/DOCUMENT.PNG]
[WEB/PNG/PDF.PNG]
[WEB/PNG/ICON_PAR.PNG]
[WEB/PNG/HCALCULO.PNG]
[WEB/PNG/DIBUJO.PNG]
[WEB/PNG/PRESENTA.PNG]
[WEB/JPG/DI06_C-5.JPG]
[WEB/PNG/IMAGEN.PNG]
[WEB/PNG/AUDIO.PNG]
[WEB/PNG/VIDEO.PNG]
[WEB/JPG/DI06_C-6.JPG]
[WEB/PNG/PAQUETE.PNG]
[WEB/PNG/BINARIO.PNG]
[WEB/PNG/HTML.PNG]
[WEB/PNG/CC_BY.PNG]
[WEB/JPG/DI06_C-7.JPG]
[WEB/PNG/CC_BY_NC.PNG]
[WEB/PNG/CC_BY_ND.PNG]
[WEB/PNG/CC_BY_SA.PNG]
[WEB/JPG/DI06_C-8.JPG]
[WEB/PNG/CC_BY_-2.PNG]
[WEB/PNG/CC_BY_-3.PNG]
[WEB/PNG/CC0.PNG]
[WEB/PNG/GLOSARIO.PNG]
[WEB/JPG/DI06_C-9.JPG]
[WEB/PNG/POSTIT.PNG]
[WEB/JPG/DAM_DI06.JPG]
[WEB/JPG/DAM_DI-2.JPG]
[WEB/JPG/DAM_DI-5.JPG]
[WEB/JPG/DAM_DI-3.JPG]
[WEB/PNG/ICON_ORI.PNG]
[WEB/JPG/DAM_DI-4.JPG]
[WEB/JPG/DI06_-10.JPG]
[WEB/PNG/ICON_CIT.PNG]
[WEB/PNG/ICON_REC.PNG]
[WEB/PNG/ICON_REF.PNG]
[WEB/PNG/ICON_EJE.PNG]
[WEB/JPG/DI06_-11.JPG]
[WEB/PNG/ICON_GAL.PNG]
[WEB/PNG/ICON_ACT.PNG]
[WEB/PNG/ICON_PRE.PNG]
[WEB/JPG/DI06_-12.JPG]
[WEB/PNG/ICON_OBJ.PNG]
[WEB/PNG/ICON_C-2.PNG]
[WEB/PNG/ICON_REA.PNG]
[WEB/PNG/ICON_R-2.PNG]
[WEB/JPG/DI06_-13.JPG]
[WEB/JPG/DI06_-14.JPG]
[WEB/GIF/ICON_QUE.GIF]
[WEB/JPG/57765959.JPG]
[WEB/JPG/DI06_-15.JPG]
[WEB/PNG/BULLET.PNG]
[WEB/JPG/DI06_-16.JPG]
[WEB/PNG/NIVEL1.PNG]
[WEB/PNG/NIVEL2.PNG]
[WEB/PNG/NIVEL3.PNG]
[WEB/PNG/NIVEL4.PNG]
[WEB/PNG/NIVEL5.PNG]
[WEB/PNG/NIVEL6.PNG]
[WEB/CSS/CONTENT.CSS]
[WEB/JPG/DI06_-17.JPG]
[WEB/GIF/ACTIVE_B.GIF]
[WEB/JPG/DI06_-18.JPG]
[WEB/JPG/DI08_C-2.JPG]
[WEB/JPG/DI08_CON.JPG]
[WEB/PNG/ICONO_ME.PNG]
[WEB/CSS/NAV.CSS]
[WEB/JS/EXE_JQUE.JS]
[WEB/JPG/DI06_-19.JPG]
[WEB/JPG/26589294.JPG]
[WEB/JS/COMMON_I.JS]
[WEB/GIF/PRE_CODE.GIF]
[WEB/PNG/HCALCULO.PNG]
[WEB/JPG/PEXELS_P.JPG]
[WEB/PNG/DOCUMENT.PNG]
[WEB/PNG/AUDIO.PNG]
[WEB/PNG/DIBUJO.PNG]
[WEB/PNG/IMAGEN.PNG]
[WEB/PNG/PAQUETE.PNG]
[WEB/PNG/BINARIO.PNG]
[WEB/PNG/CC_BY_ND.PNG]
[WEB/PNG/CC_BY_NC.PNG]
[WEB/JS/COMMON.JS]
[WEB/JS/_FPD_JS.JS]
[WEB/PNG/HTML.PNG]
[WEB/PNG/CC0.PNG]
[WEB/PNG/CC_BY_-2.PNG]
[WEB/PNG/POSTIT.PNG]
[WEB/PNG/CC_BY_-3.PNG]
[WEB/PNG/ICON_CIT.PNG]
[WEB/PNG/ICON_REC.PNG]
[WEB/PNG/EXE_LIGH.PNG]
[WEB/PNG/ICON_REF.PNG]
[WEB/PNG/EXE_LI-2.PNG]
[WEB/PNG/ICON_GAL.PNG]
[WEB/PNG/EXE_LI-3.PNG]
[WEB/PNG/ICON_ACT.PNG]
[WEB/PNG/ICON_REA.PNG]
[WEB/PNG/ICON_C-2.PNG]
[WEB/PNG/ICON_OBJ.PNG]
[WEB/GIF/ICON_QUE.GIF]
[WEB/PNG/EXE_LI-4.PNG]
[WEB/PNG/EXE_LI-5.PNG]
[WEB/PNG/EXE_LI-6.PNG]
[WEB/PNG/NIVEL1.PNG]
[WEB/GIF/EXE_LIGH.GIF]
[WEB/CSS/EXE_LIGH.CSS]
[WEB/JS/EXE_LIGH.JS]
[WEB/HTML/25823450.HTM]
[WEB/CSS/EXE_HIGH.CSS]
[WEB/JS/EXE_HIGH.JS]
[WEB/PNG/NIVEL2.PNG]
[WEB/PNG/NIVEL4.PNG]
[WEB/GIF/ACTIVE_B.GIF]
[WEB/HTML/XSPF_PLA.HTM]
[WEB/HTML/EXE_MEDI.HTM]
[WEB/HTML/EXE_ME-2.HTM]
[WEB/PNG/NIVEL5.PNG]
[WEB/PNG/ICONO_ME.PNG]
[WEB/PNG/EXE_LI-6.PNG]
[WEB/PNG/EXE_LI-4.PNG]
[WEB/PNG/EXE_LI-5.PNG]
[WEB/GIF/EXE_LIGH.GIF]
[WEB/HTML/INDEX-2.HTM]
