[backblue.gif]
[fade.gif]
[index.html]
[WEB/ICO/FAVICON.ICO]
[WEB/PNG/ICON_CAS.PNG]
[WEB/JPG/EIN_PPAA.JPG]
[WEB/JPG/MINISTER.JPG]
[WEB/HTML/INDEX.HTM]
[WEB/JPG/AD06_CON.JPG]
[WEB/PNG/ICON_CIT.PNG]
[WEB/HTML/1_INTROD.HTM]
[WEB/PNG/ICON_PAR.PNG]
[WEB/JPG/AD06_C-2.JPG]
[WEB/JPG/AD06_C-3.JPG]
[WEB/ODT/AD06_CON.ODT]
[WEB/HTML/11_DOCUM.HTM]
[WEB/JPG/AD06_C-4.JPG]
[WEB/JPG/AD06_C-5.JPG]
[WEB/HTML/12OPCION.HTM]
[WEB/JPG/EIN_JYM_.JPG]
[WEB/JPG/AD06_C-6.JPG]
[WEB/GIF/ICON_AUT.GIF]
[WEB/HTML/2BASES_D.HTM]
[WEB/JPG/AD06_C-7.JPG]
[WEB/HTML/21ESTRAT.HTM]
[WEB/JPG/AD06_C-8.JPG]
[WEB/HTML/22COLECC.HTM]
[WEB/JPG/AD06_C-9.JPG]
[WEB/JPG/AD06_-10.JPG]
[WEB/HTML/23GESTOR.HTM]
[WEB/JPG/CASO_PER.JPG]
[WEB/HTML/3_BASE_D.HTM]
[WEB/PNG/INSTALLE.PNG]
[WEB/PNG/INSTAL-2.PNG]
[WEB/PNG/LAUNCH2.PNG]
[WEB/HTML/31_INSTA.HTM]
[WEB/PNG/INDEX1.PNG]
[WEB/HTML/32_PRIME.HTM]
[WEB/PNG/LOGIN01.PNG]
[WEB/PNG/JAVA_CLI.PNG]
[WEB/HTML/33_JAVA_.HTM]
[WEB/PNG/JAVA_C-2.PNG]
[WEB/GIF/PIC_XPAT.GIF]
[WEB/JPG/XPATH_IM.JPG]
[WEB/JPG/XPATH_-2.JPG]
[WEB/JPG/XPATH_-3.JPG]
[WEB/JPG/XPATH_-4.JPG]
[WEB/JPG/XPATH_-5.JPG]
[WEB/JPG/XPATH_-6.JPG]
[WEB/JPG/XPATH_-7.JPG]
[WEB/JPG/XPATH_-8.JPG]
[WEB/HTML/34_LENGU.HTM]
[WEB/JPG/EIN_PP-2.JPG]
[WEB/JPG/AD06_-11.JPG]
[WEB/HTML/35_EL_LE.HTM]
[WEB/JPG/AD06_-12.JPG]
[WEB/JPG/AD06_-13.JPG]
[WEB/PNG/ICON_DEB.PNG]
[WEB/HTML/351_MODE.HTM]
[WEB/JPG/AD06_-14.JPG]
[WEB/HTML/352_CAMI.HTM]
[WEB/JPG/AD06_-15.JPG]
[WEB/HTML/353_PRIM.HTM]
[WEB/JPG/AD06_-16.JPG]
[WEB/JPG/AD06_-17.JPG]
[WEB/JPG/AD06_-18.JPG]
[WEB/JPG/AD06_-19.JPG]
[WEB/HTML/354_EXPR.HTM]
[WEB/JPG/AD06_-20.JPG]
[WEB/HTML/355_XQUE.HTM]
[WEB/JPG/AD06_-21.JPG]
[WEB/JPG/CASO_P-2.JPG]
[WEB/HTML/36_CONEX.HTM]
[WEB/HTML/361_INTR.HTM]
[WEB/HTML/362_CONS.HTM]
[WEB/HTML/363_CREA.HTM]
[WEB/HTML/37_CONEX.HTM]
[WEB/HTML/371_INTR.HTM]
[WEB/HTML/372_CONE.HTM]
[WEB/HTML/373_EJEC.HTM]
[WEB/HTML/4_BASES_.HTM]
[WEB/PDF/UD5_MONG.PDF]
[WEB/HTML/41_INSTA.HTM]
[WEB/HTML/42_CONEX.HTM]
[WEB/JPG/AD06_-22.JPG]
[WEB/JPG/AD06_-23.JPG]
[WEB/JPG/AD06_-24.JPG]
[WEB/JPG/AD06_-25.JPG]
[WEB/JPG/AD06_-26.JPG]
[WEB/JPG/AD06_-27.JPG]
[WEB/JPG/AD06_-28.JPG]
[WEB/JPG/AD06_-29.JPG]
[WEB/JPG/AD06_-30.JPG]
[WEB/JPG/AD06_-31.JPG]
[WEB/HTML/ANEXO_LI.HTM]
[WEB/HTML/AD06_DES.HTM]
[WEB/PNG/ICON_CAS.PNG]
[WEB/GIF/POPUP_BG.GIF]
[WEB/JPG/EIN_PPAA.JPG]
[WEB/CSS/BASE.CSS]
[WEB/PNG/ICON_PAR.PNG]
[WEB/JPG/MINISTER.JPG]
[WEB/JPG/AD06_C-2.JPG]
[WEB/JPG/AD06_CON.JPG]
[WEB/PNG/LUPA.PNG]
[WEB/JPG/AD06_C-3.JPG]
[WEB/ODT/AD06_CON.ODT]
[WEB/JPG/AD06_C-4.JPG]
[WEB/JPG/EIN_JYM_.JPG]
[WEB/JPG/AD06_C-5.JPG]
[WEB/GIF/PRE_CODE.GIF]
[WEB/JPG/AD06_C-6.JPG]
[WEB/PNG/DOCUMENT.PNG]
[WEB/PNG/PDF.PNG]
[WEB/PNG/HCALCULO.PNG]
[WEB/PNG/DIBUJO.PNG]
[WEB/GIF/ICON_AUT.GIF]
[WEB/PNG/PRESENTA.PNG]
[WEB/PNG/IMAGEN.PNG]
[WEB/PNG/AUDIO.PNG]
[WEB/JPG/AD06_C-7.JPG]
[WEB/PNG/VIDEO.PNG]
[WEB/PNG/PAQUETE.PNG]
[WEB/PNG/BINARIO.PNG]
[WEB/PNG/HTML.PNG]
[WEB/JPG/AD06_C-8.JPG]
[WEB/PNG/CC_BY.PNG]
[WEB/PNG/CC_BY_NC.PNG]
[WEB/PNG/CC_BY_ND.PNG]
[WEB/PNG/CC_BY_SA.PNG]
[WEB/JPG/AD06_C-9.JPG]
[WEB/PNG/CC_BY_-2.PNG]
[WEB/PNG/CC_BY_-3.PNG]
[WEB/PNG/CC0.PNG]
[WEB/JPG/AD06_-10.JPG]
[WEB/PNG/GLOSARIO.PNG]
[WEB/PNG/POSTIT.PNG]
[WEB/PNG/ICON_ORI.PNG]
[WEB/PNG/ICON_REC.PNG]
[WEB/JPG/CASO_PER.JPG]
[WEB/PNG/ICON_REF.PNG]
[WEB/PNG/ICON_EJE.PNG]
[WEB/PNG/ICON_GAL.PNG]
[WEB/PNG/ICON_ACT.PNG]
[WEB/PNG/INSTALLE.PNG]
[WEB/PNG/ICON_PRE.PNG]
[WEB/PNG/INSTAL-2.PNG]
[WEB/PNG/LAUNCH2.PNG]
[WEB/PNG/JAVA_CLI.PNG]
[WEB/PNG/INDEX1.PNG]
[WEB/PNG/ICON_OBJ.PNG]
[WEB/PNG/LOGIN01.PNG]
[WEB/PNG/ICON_C-2.PNG]
[WEB/PNG/JAVA_C-2.PNG]
[WEB/PNG/ICON_REA.PNG]
[WEB/PNG/ICON_R-2.PNG]
[WEB/GIF/ICON_QUE.GIF]
[WEB/GIF/PIC_XPAT.GIF]
[WEB/PNG/BULLET.PNG]
[WEB/PNG/NIVEL1.PNG]
[WEB/PNG/NIVEL2.PNG]
[WEB/PNG/NIVEL3.PNG]
[WEB/JPG/XPATH_IM.JPG]
[WEB/PNG/NIVEL4.PNG]
[WEB/PNG/NIVEL5.PNG]
[WEB/PNG/NIVEL6.PNG]
[WEB/CSS/CONTENT.CSS]
[WEB/JPG/XPATH_-2.JPG]
[WEB/GIF/ACTIVE_B.GIF]
[WEB/JPG/XPATH_-3.JPG]
[WEB/JPG/XPATH_-5.JPG]
[WEB/JPG/XPATH_-6.JPG]
[WEB/JPG/XPATH_-7.JPG]
[WEB/JPG/XPATH_-4.JPG]
[WEB/PNG/ICONO_ME.PNG]
[WEB/CSS/NAV.CSS]
[WEB/JS/EXE_JQUE.JS]
[WEB/JS/COMMON_I.JS]
[WEB/JPG/AD06_-14.JPG]
[WEB/JPG/XPATH_-8.JPG]
[WEB/JPG/EIN_PP-2.JPG]
[WEB/JPG/AD06_-11.JPG]
[WEB/JPG/AD06_-12.JPG]
[WEB/PNG/ICON_DEB.PNG]
[WEB/JPG/AD06_-18.JPG]
[WEB/JPG/AD06_-13.JPG]
[WEB/JPG/AD06_-15.JPG]
[WEB/JPG/AD06_-16.JPG]
[WEB/JPG/AD06_-20.JPG]
[WEB/JPG/AD06_-21.JPG]
[WEB/JPG/AD06_-17.JPG]
[WEB/JPG/AD06_-19.JPG]
[WEB/JPG/AD06_-26.JPG]
[WEB/JS/COMMON.JS]
[WEB/JPG/AD06_-28.JPG]
[WEB/JPG/AD06_-27.JPG]
[WEB/JS/_FPD_JS.JS]
[WEB/PNG/PDF.PNG]
[WEB/PNG/DOCUMENT.PNG]
[WEB/PNG/HCALCULO.PNG]
[WEB/CSS/EXE_HIGH.CSS]
[WEB/JPG/AD06_-24.JPG]
[WEB/JS/EXE_HIGH.JS]
[WEB/JPG/AD06_-30.JPG]
[WEB/JPG/AD06_-29.JPG]
[WEB/HTML/AD06_DES.HTM]
[WEB/JPG/AD06_-25.JPG]
[WEB/JPG/AD06_-23.JPG]
[WEB/PNG/PRESENTA.PNG]
[WEB/PNG/VIDEO.PNG]
[WEB/PNG/IMAGEN.PNG]
[WEB/PNG/PAQUETE.PNG]
[WEB/PNG/CC_BY.PNG]
[WEB/PNG/BINARIO.PNG]
[WEB/PNG/CC_BY_NC.PNG]
[WEB/PNG/CC_BY_ND.PNG]
[WEB/PNG/CC_BY_-2.PNG]
[WEB/PNG/GLOSARIO.PNG]
[WEB/PNG/POSTIT.PNG]
[WEB/PNG/CC_BY_-3.PNG]
[WEB/PNG/ICON_ORI.PNG]
[WEB/PNG/ICON_REC.PNG]
[WEB/HTML/XSPF_PLA.HTM]
[WEB/HTML/EXE_MEDI.HTM]
[WEB/HTML/EXE_ME-2.HTM]
