[backblue.gif]
[fade.gif]
[index.html]
[web/ico/favicon.ico]
[web/png/icon_casopracticofpd.png]
[web/jpg/caso_personajes_24.jpg]
[web/jpg/ministerio-de-educacion-y-formacion-profesional-web.jpg]
[web/html/index.html]
[web/jpg/ad05_cont_r02_bdr-oo-or.jpg]
[web/jpg/ad05_cont_r03_googleearth.jpg]
[web/jpg/ad05_cont_r03_googleearth_miniatura.jpg]
[web/png/icon_parasabermasfpd.png]
[web/html/1_introduccin.html]
[web/jpg/caso_personajes_09.jpg]
[web/jpg/ad05_cont_r04_1_imagencadcam.jpg]
[web/gif/icon_autoevaluacionfpd.gif]
[web/html/2_caractersticas_de_las_bases_de_datos_orientadas_a_objetos.html]
[web/jpg/ad05_cont_r05_ventajabdoo.jpg]
[web/jpg/ad05_cont_r05_ventajabdoo_miniatura.jpg]
[web/png/icon_citasparapensarfpd.png]
[web/html/21_ventajas_e_inconvenientes.html]
[web/jpg/caso_personajes_04.jpg]
[web/jpg/ad05_cont_r07_sgbdoo.jpg]
[web/jpg/ad05_cont_r07_sgbdoo_miniatura.jpg]
[web/html/3_gestores_de_bases_de_datos_orientadas_a_objetos.html]
[web/png/icon_debesconocerfpd.png]
[web/jpg/ad05_cont_r09_objetosimpleestructurado.jpg]
[web/jpg/ad05_cont_r09_objetosimpleestructurado_miniatura.jpg]
[web/html/31_objetos_simples_y_objetos_estructurados.html]
[web/jpg/ad05_cont_r10_zona_informatica.jpg]
[web/html/32_instalacin_del_gestor_de_objetos_db4o.html]
[web/jpg/ein_ppaa_caso_r06_anacuerpo_fot.jpg]
[web/jpg/ad05_cont_r16_consultasdb4o.jpg]
[web/html/4_el_api_de_la_base_de_objetos.html]
[web/jpg/ad05_cont_r13_conexiondb4o.jpg]
[web/jpg/ad05_cont_r13_conexiondb4o_miniatura.jpg]
[web/zip/ad05_cont_r15_crearbdoo_congreso.zip]
[web/html/41_apertura_y_cierre_de_conexiones.html]
[web/zip/ad05_cont_r18_consultarcongreso.zip]
[web/html/42_consultas_a_la_base_de_objetos.html]
[web/jpg/ad05_cont_r20_claseponente.jpg]
[web/jpg/ad05_cont_r20_claseponente_miniatura.jpg]
[web/jpg/ad05_cont_r19_teclado.jpg]
[web/jpg/ad05_cont_r21_actualizarponentes.jpg]
[web/jpg/ad05_cont_r21_actualizarponentes_miniatura.jpg]
[web/jpg/ad05_cont_r22_borrarponentes.jpg]
[web/html/43_actualizacin_de_objetos_simples.html]
[web/jpg/ad05_cont_r24_objetoestructurado.jpg]
[web/jpg/ad05_cont_r24_objetoestructurado_miniatura.jpg]
[web/zip/ad05_cont_r26_actualizarcongresoestructurado.zip]
[web/zip/ad05_cont_r27_eliminacioncascada.zip]
[web/html/44_actualizacin_de_objetos_estructurados.html]
[web/jpg/ein_ppaa_caso_r13_anaparque_fot.jpg]
[web/html/5_el_lenguaje_de_consulta_de_objetos_oql.html]
[web/jpg/ad05_cont_r28_pregunta.jpg]
[web/jpg/ad05_auxr32_01_bodoctorado.jpg]
[web/jpg/ad05_auxr32_01_bodoctorado_miniatura.jpg]
[web/html/51_sintaxis_expresiones_y_operadores.html]
[web/jpg/ad05_cont_r30_estudianteordenador.jpg]
[web/html/52_matisse_un_gestor_de_objetos_que_incorpora_oql.html]
[web/jpg/ad05_cont_r34_manoordenador.jpg]
[web/html/53_ejecucin_de_sentencias_oql.html]
[web/jpg/ad05_cont_r36_programador_01.jpg]
[web/zip/ad05_cont_r37_consultasoql_jdbc_matisse.zip]
[web/html/54_ejecucin_de_sentencias_oql_va_jdbc.html]
[web/jpg/caso_personajes_08.jpg]
[web/jpg/ad05_cont_r39_bdor.jpg]
[web/jpg/ad05_cont_r39_bdor_miniatura.jpg]
[web/html/6__caractersticas_de_las_bases_de_datos_objetorelacionales.html]
[web/html/7_gestores_de_bases_de_datos_objetorelacionales.html]
[web/html/71_tipos_de_objetos.html]
[web/jpg/ad05_cont_r45_tdu.jpg]
[web/jpg/ad05_cont_r45_tdu_miniatura.jpg]
[web/html/72_tablas_de_objetos.html]
[web/html/73_referencias_entre_objetos.html]
[web/html/74_tipos_de_datos_coleccin.html]
[web/html/75_acceso_a_datos.html]
[web/html/8_gestin_de_transacciones_en_las_bdor.html]
[web/html/anexo_i_estndar_odmg93__u_odmg.html]
[web/jpg/ad05_cont_r03_googleearth_anexo.jpg]
[web/jpg/ad05_cont_r04_1_imagencadcam_anexo.jpg]
[web/jpg/ad05_cont_r10_zona_informatica_anexo.jpg]
[web/jpg/ad05_cont_r19_teclado_anexo.jpg]
[web/jpg/ad05_cont_r53_matriz_anexo.jpg]
[web/jpg/ad05_cont_r45_1_jdbc_anexo.jpg]
[web/html/anexo_licencias_de_recursos.html]
[web/html/ad05_descripcion_presentacio_descarga_e_instalacion_db4o.html]
[web/ico/favicon.ico]
[web/gif/popup_bg.gif]
[web/css/base.css]
[web/jpg/ministerio-de-educacion-y-formacion-profesional-web.jpg]
[web/jpg/caso_personajes_24.jpg]
[web/png/icon_casopracticofpd.png]
[web/jpg/ad05_cont_r03_googleearth.jpg]
[web/jpg/ad05_cont_r02_bdr-oo-or.jpg]
[web/jpg/ad05_cont_r03_googleearth_miniatura.jpg]
[web/png/lupa.png]
[web/jpg/caso_personajes_09.jpg]
[web/png/icon_parasabermasfpd.png]
[web/gif/icon_autoevaluacionfpd.gif]
[web/jpg/ad05_cont_r04_1_imagencadcam.jpg]
[web/gif/pre_code_bg.gif]
[web/jpg/ad05_cont_r05_ventajabdoo.jpg]
[web/png/documento.png]
[web/png/pdf.png]
[web/jpg/ad05_cont_r05_ventajabdoo_miniatura.jpg]
[web/png/hcalculo.png]
[web/png/dibujo.png]
[web/png/presentacion.png]
[web/png/imagen.png]
[web/png/icon_citasparapensarfpd.png]
[web/png/audio.png]
[web/jpg/caso_personajes_04.jpg]
[web/jpg/ad05_cont_r07_sgbdoo.jpg]
[web/jpg/ad05_cont_r09_objetosimpleestructurado.jpg]
[web/jpg/ad05_cont_r07_sgbdoo_miniatura.jpg]
[web/png/video.png]
[web/png/icon_debesconocerfpd.png]
[web/jpg/ad05_cont_r09_objetosimpleestructurado_miniatura.jpg]
[web/png/paquete.png]
[web/jpg/ein_ppaa_caso_r06_anacuerpo_fot.jpg]
[web/jpg/ad05_cont_r16_consultasdb4o.jpg]
[web/jpg/ad05_cont_r13_conexiondb4o_miniatura.jpg]
[web/jpg/ad05_cont_r10_zona_informatica.jpg]
[web/jpg/ad05_cont_r13_conexiondb4o.jpg]
[web/png/binario.png]
[web/zip/ad05_cont_r15_crearbdoo_congreso.zip]
[web/png/html.png]
[web/zip/ad05_cont_r18_consultarcongreso.zip]
[web/jpg/ad05_cont_r20_claseponente_miniatura.jpg]
[web/jpg/ad05_cont_r21_actualizarponentes.jpg]
[web/jpg/ad05_cont_r20_claseponente.jpg]
[web/jpg/ad05_cont_r19_teclado.jpg]
[web/png/cc-by.png]
[web/jpg/ad05_cont_r21_actualizarponentes_miniatura.jpg]
[web/png/cc-by-nc.png]
[web/png/cc-by-nd.png]
[web/png/cc-by-sa.png]
[web/png/cc-by-nc-nd.png]
[web/jpg/ad05_cont_r22_borrarponentes.jpg]
[web/png/cc-by-nc-sa.png]
[web/png/cc0.png]
[web/png/glosario.png]
[web/png/postit.png]
[web/jpg/ad05_cont_r24_objetoestructurado.jpg]
[web/png/icon_orientacionesfpd.png]
[web/zip/ad05_cont_r26_actualizarcongresoestructurado.zip]
[web/jpg/ad05_cont_r28_pregunta.jpg]
[web/jpg/ad05_cont_r24_objetoestructurado_miniatura.jpg]
[web/zip/ad05_cont_r27_eliminacioncascada.zip]
[web/png/icon_recomendacionfpd.png]
[web/jpg/ein_ppaa_caso_r13_anaparque_fot.jpg]
[web/jpg/ad05_auxr32_01_bodoctorado.jpg]
[web/png/icon_reflexionfpd.png]
[web/png/icon_ejercicioresueltofpd.png]
[web/png/icon_gallery.png]
[web/png/icon_activity.png]
[web/jpg/ad05_auxr32_01_bodoctorado_miniatura.jpg]
[web/png/icon_preknowledge.png]
[web/png/icon_objectives.png]
[web/png/icon_casestudy.png]
[web/png/icon_reading.png]
[web/jpg/ad05_cont_r30_estudianteordenador.jpg]
[web/png/icon_reflection.png]
[web/gif/icon_question.gif]
[web/png/bullet.png]
[web/png/nivel1.png]
[web/jpg/ad05_cont_r34_manoordenador.jpg]
[web/png/nivel2.png]
[web/png/nivel3.png]
[web/png/nivel4.png]
[web/jpg/ad05_cont_r36_programador_01.jpg]
[web/png/nivel5.png]
[web/png/nivel6.png]
[web/css/content.css]
[web/zip/ad05_cont_r37_consultasoql_jdbc_matisse.zip]
[web/gif/active_bg.gif]
[web/jpg/ad05_cont_r39_bdor.jpg]
[web/jpg/ad05_cont_r39_bdor_miniatura.jpg]
[web/jpg/caso_personajes_08.jpg]
[web/jpg/ad05_cont_r45_tdu.jpg]
[web/jpg/ad05_cont_r45_tdu_miniatura.jpg]
[web/png/icono-menu.png]
[web/css/nav.css]
[web/js/exe_jquery.js]
[web/jpg/ad05_cont_r04_1_imagencadcam_anexo.jpg]
[web/js/common_i18n.js]
[web/jpg/ad05_cont_r10_zona_informatica_anexo.jpg]
[web/jpg/ad05_cont_r53_matriz_anexo.jpg]
[web/jpg/ad05_cont_r19_teclado_anexo.jpg]
[web/png/hcalculo.png]
[web/png/documento.png]
[web/png/dibujo.png]
[web/jpg/ad05_cont_r45_1_jdbc_anexo.jpg]
[web/png/presentacion.png]
[web/png/audio.png]
[web/png/html.png]
[web/png/paquete.png]
[web/png/cc-by-nc.png]
[web/png/cc-by-sa.png]
[web/png/cc-by-nd.png]
[web/png/cc0.png]
[web/png/cc-by-nc-sa.png]
[web/js/common.js]
[web/js/_fpd_js.js]
[web/html/ad05_descripcion_presentacio_descarga_e_instalacion_db4o.html]
[web/png/glosario.png]
[web/png/icon_gallery.png]
[web/ad05_cont_r23_actualizarcongreso.html]
[web/png/icon_reflexionfpd.png]
[web/png/icon_orientacionesfpd.png]
[web/css/exe_highlighter.css]
[web/png/icon_ejercicioresueltofpd.png]
[web/png/icon_objectives.png]
[web/png/icon_preknowledge.png]
[web/js/exe_highlighter.js]
[web/png/icon_casestudy.png]
[web/png/icon_reflection.png]
[web/xspf_player5eca.html]
[web/exe_media.html]
[web/exe_media-2.html]
