[backblue.gif]
[fade.gif]
[index.html]
[WEB/ICO/FAVICON.ICO]
[WEB/PNG/ICON_CAS.PNG]
[WEB/JPG/CASO_PER.JPG]
[WEB/JPG/MINISTER.JPG]
[WEB/HTML/INDEX.HTM]
[WEB/PNG/PSP05_CO.PNG]
[WEB/PNG/PSP05_-2.PNG]
[WEB/PNG/ICON_PAR.PNG]
[WEB/HTML/1_INTROD.HTM]
[WEB/JPG/CASO_P-2.JPG]
[WEB/PNG/PSP05_-3.PNG]
[WEB/PNG/PSP05_-4.PNG]
[WEB/GIF/ICON_AUT.GIF]
[WEB/HTML/2_PROTOC.HTM]
[WEB/PNG/PSP05_-5.PNG]
[WEB/PNG/PSP05_-6.PNG]
[WEB/HTML/21_COMUN.HTM]
[WEB/PNG/PSP05_-7.PNG]
[WEB/PNG/PSP05_-8.PNG]
[WEB/PNG/PSP05_-9.PNG]
[WEB/PNG/PSP05-10.PNG]
[WEB/HTML/22_CONEX.HTM]
[WEB/JPG/PSP05_CO.JPG]
[WEB/JPG/PSP05_-2.JPG]
[WEB/HTML/23_DNS_Y.HTM]
[WEB/JPG/PSP05_-3.JPG]
[WEB/JPG/PSP05_-4.JPG]
[WEB/HTML/24_EL_PR.HTM]
[WEB/PNG/PSP05-11.PNG]
[WEB/PNG/PSP05-12.PNG]
[WEB/HTML/25_LOS_P.HTM]
[WEB/JPG/PSP05_-5.JPG]
[WEB/HTML/26_EL_PR.HTM]
[WEB/JPG/EIN_PPAA.JPG]
[WEB/JPG/PSP05_-6.JPG]
[WEB/JPG/PSP05_-7.JPG]
[WEB/HTML/3_BIBLIO.HTM]
[WEB/PNG/PSP05-13.PNG]
[WEB/PNG/PSP05-14.PNG]
[WEB/HTML/31_OBJET.HTM]
[WEB/JPG/PSP05_-8.JPG]
[WEB/ZIP/PSP05_CO.ZIP]
[WEB/PNG/ICON_CIT.PNG]
[WEB/HTML/32_MTODO.HTM]
[WEB/PNG/PSP05-15.PNG]
[WEB/PNG/PSP05-16.PNG]
[WEB/PNG/ICON_DEB.PNG]
[WEB/HTML/33_PROGR.HTM]
[WEB/JPG/PSP05_-9.JPG]
[WEB/JPG/PSP05-10.JPG]
[WEB/HTML/34_CREAR.HTM]
[WEB/JPG/PSP05-11.JPG]
[WEB/JPG/PSP05-12.JPG]
[WEB/JPG/PSP05-13.JPG]
[WEB/TXT/PSP05_CO.TXT]
[WEB/HTML/35_LEER_.HTM]
[WEB/PNG/PSP05-17.PNG]
[WEB/PNG/PSP05-18.PNG]
[WEB/MP4/PSP05_CO.MP4]
[WEB/HTML/36_TRABA.HTM]
[WEB/JPG/CASO_P-3.JPG]
[WEB/JPG/PSP05-14.JPG]
[WEB/HTML/4_PROGRA.HTM]
[WEB/JPG/PSP05-15.JPG]
[WEB/JPG/PSP05-16.JPG]
[WEB/HTML/41_PROGR.HTM]
[WEB/PNG/PSP05-19.PNG]
[WEB/PNG/PSP05-20.PNG]
[WEB/MP4/PSP05_-2.MP4]
[WEB/HTML/42_BIBLI.HTM]
[WEB/PNG/PSP05-21.PNG]
[WEB/PNG/PSP05-22.PNG]
[WEB/ZIP/PSP05_-2.ZIP]
[WEB/HTML/43_PROGR.HTM]
[WEB/JPG/PSP05-17.JPG]
[WEB/HTML/44_PROGR.HTM]
[WEB/PNG/PSP05-23.PNG]
[WEB/PNG/PSP05-24.PNG]
[WEB/MP4/PSP05_-3.MP4]
[WEB/HTML/45_PROGR.HTM]
[WEB/JPG/CASO_P-4.JPG]
[WEB/JPG/PSP05-18.JPG]
[WEB/HTML/5_PROGRA.HTM]
[WEB/JPG/PSP05-19.JPG]
[WEB/MP4/PSP05_-4.MP4]
[WEB/ZIP/PSP05_-3.ZIP]
[WEB/HTML/51_PROGR.HTM]
[WEB/JPG/PSP05-20.JPG]
[WEB/HTML/52_IMPLE.HTM]
[WEB/JPG/PSP05-21.JPG]
[WEB/JPG/PSP05-22.JPG]
[WEB/JPG/PSP05-23.JPG]
[WEB/TXT/PSP05_-2.TXT]
[WEB/HTML/53_MONIT.HTM]
[WEB/JPG/PSP05-24.JPG]
[WEB/ZIP/PSP05_-4.ZIP]
[WEB/HTML/54_EJEMP.HTM]
[WEB/JPG/PSP05-25.JPG]
[WEB/JPG/PSP05-26.JPG]
[WEB/JPG/PSP05-27.JPG]
[WEB/JPG/PSP05-28.JPG]
[WEB/JPG/PSP05-29.JPG]
[WEB/JPG/PSP05-30.JPG]
[WEB/JPG/PSP05-31.JPG]
[WEB/JPG/PSP05-32.JPG]
[WEB/JPG/PSP05-33.JPG]
[WEB/JPG/PSP05-34.JPG]
[WEB/JPG/PSP05-35.JPG]
[WEB/HTML/ANEXO_LI.HTM]
[WEB/ICO/FAVICON.ICO]
[WEB/GIF/POPUP_BG.GIF]
[WEB/CSS/BASE.CSS]
[WEB/JPG/CASO_PER.JPG]
[WEB/PNG/LUPA.PNG]
[WEB/JPG/MINISTER.JPG]
[WEB/PNG/ICON_CAS.PNG]
[WEB/GIF/PRE_CODE.GIF]
[WEB/PNG/DOCUMENT.PNG]
[WEB/PNG/PDF.PNG]
[WEB/PNG/HCALCULO.PNG]
[WEB/PNG/PSP05_CO.PNG]
[WEB/PNG/PSP05_-2.PNG]
[WEB/PNG/PSP05_-3.PNG]
[WEB/PNG/PSP05_-4.PNG]
[WEB/PNG/ICON_PAR.PNG]
[WEB/PNG/DIBUJO.PNG]
[WEB/JPG/CASO_P-2.JPG]
[WEB/PNG/PRESENTA.PNG]
[WEB/GIF/ICON_AUT.GIF]
[WEB/PNG/IMAGEN.PNG]
[WEB/PNG/AUDIO.PNG]
[WEB/PNG/VIDEO.PNG]
[WEB/PNG/PAQUETE.PNG]
[WEB/PNG/PSP05_-5.PNG]
[WEB/PNG/BINARIO.PNG]
[WEB/PNG/HTML.PNG]
[WEB/PNG/CC_BY.PNG]
[WEB/PNG/CC_BY_NC.PNG]
[WEB/PNG/PSP05_-6.PNG]
[WEB/PNG/CC_BY_ND.PNG]
[WEB/PNG/CC_BY_SA.PNG]
[WEB/PNG/CC_BY_-2.PNG]
[WEB/PNG/CC_BY_-3.PNG]
[WEB/PNG/PSP05_-7.PNG]
[WEB/PNG/CC0.PNG]
[WEB/PNG/GLOSARIO.PNG]
[WEB/PNG/POSTIT.PNG]
[WEB/PNG/ICON_ORI.PNG]
[WEB/PNG/PSP05_-8.PNG]
[WEB/PNG/ICON_REC.PNG]
[WEB/PNG/ICON_REF.PNG]
[WEB/PNG/ICON_EJE.PNG]
[WEB/PNG/ICON_GAL.PNG]
[WEB/PNG/PSP05_-9.PNG]
[WEB/PNG/ICON_ACT.PNG]
[WEB/PNG/ICON_PRE.PNG]
[WEB/PNG/PSP05-10.PNG]
[WEB/JPG/PSP05_-2.JPG]
[WEB/JPG/PSP05_-3.JPG]
[WEB/JPG/PSP05_CO.JPG]
[WEB/PNG/ICON_OBJ.PNG]
[WEB/JPG/PSP05_-4.JPG]
[WEB/PNG/ICON_C-2.PNG]
[WEB/PNG/ICON_REA.PNG]
[WEB/PNG/ICON_R-2.PNG]
[WEB/PNG/PSP05-11.PNG]
[WEB/GIF/ICON_QUE.GIF]
[WEB/JPG/EIN_PPAA.JPG]
[WEB/JPG/PSP05_-6.JPG]
[WEB/PNG/BULLET.PNG]
[WEB/PNG/PSP05-12.PNG]
[WEB/PNG/NIVEL1.PNG]
[WEB/JPG/PSP05_-5.JPG]
[WEB/JPG/PSP05_-7.JPG]
[WEB/PNG/NIVEL2.PNG]
[WEB/PNG/NIVEL3.PNG]
[WEB/PNG/NIVEL4.PNG]
[WEB/PNG/NIVEL5.PNG]
[WEB/PNG/PSP05-13.PNG]
[WEB/PNG/NIVEL6.PNG]
[WEB/CSS/CONTENT.CSS]
[WEB/JPG/PSP05_-8.JPG]
[WEB/ZIP/PSP05_CO.ZIP]
[WEB/PNG/PSP05-15.PNG]
[WEB/PNG/PSP05-14.PNG]
[WEB/PNG/PSP05-16.PNG]
[WEB/PNG/ICON_CIT.PNG]
[WEB/JPG/PSP05_-9.JPG]
[WEB/JPG/PSP05-12.JPG]
[WEB/GIF/ACTIVE_B.GIF]
[WEB/JPG/PSP05-10.JPG]
[WEB/PNG/ICON_DEB.PNG]
[WEB/JPG/PSP05-13.JPG]
[WEB/JPG/PSP05-11.JPG]
[WEB/PNG/ICONO_ME.PNG]
[WEB/CSS/NAV.CSS]
[WEB/JS/EXE_JQUE.JS]
[WEB/JS/COMMON_I.JS]
[WEB/PNG/PSP05-17.PNG]
[WEB/MP4/PSP05_CO.MP4]
[WEB/JPG/CASO_P-3.JPG]
[WEB/TXT/PSP05_CO.TXT]
[WEB/PNG/PSP05-18.PNG]
[WEB/JPG/PSP05-14.JPG]
[WEB/JPG/PSP05-16.JPG]
[WEB/JPG/PSP05-15.JPG]
[WEB/PNG/PSP05-19.PNG]
[WEB/PNG/PSP05-20.PNG]
[WEB/PNG/PSP05-21.PNG]
[WEB/MP4/PSP05_-2.MP4]
[WEB/JS/COMMON.JS]
[WEB/JS/_FPD_JS.JS]
[WEB/CSS/INTERACT.CSS]
[WEB/JS/INTERACT.JS]
[WEB/ZIP/PSP05_-2.ZIP]
[WEB/PSP05_CO.HTM]
[WEB/JPG/PSP05-17.JPG]
[WEB/JPG/CASO_P-4.JPG]
[WEB/MP4/PSP05_-3.MP4]
[WEB/PSP05_-2.HTM]
[WEB/XSPF_PLA.HTM]
[WEB/JPG/PSP05-18.JPG]
[WEB/JS/EXE_MEDI.JS]
[WEB/JPG/PSP05-19.JPG]
[WEB/CSS/EXE_MEDI.CSS]
