[backblue.gif]
[fade.gif]
[index.html]
[WEB/ICO/FAVICON.ICO]
[WEB/PNG/ICON_CAS.PNG]
[WEB/JPG/PMDM12_C.JPG]
[WEB/JPG/MINISTER.JPG]
[WEB/JPG/ICO_NV.JPG]
[WEB/HTML/INDEX.HTM]
[WEB/JPG/PMDM12-2.JPG]
[WEB/HTML/1_GEOLOC.HTM]
[WEB/PNG/ICON_DEB.PNG]
[WEB/HTML/11_TIPOS.HTM]
[WEB/HTML/12_TIPOS.HTM]
[WEB/PNG/PMDM12_C.PNG]
[WEB/GIF/ICON_AUT.GIF]
[WEB/HTML/13_SOLIC.HTM]
[WEB/JPG/PMDM12-3.JPG]
[WEB/HTML/2_MAPAS_.HTM]
[WEB/PNG/P1201_IM.PNG]
[WEB/PNG/P1201_-2.PNG]
[WEB/PNG/P1201_-3.PNG]
[WEB/PNG/P1201_-4.PNG]
[WEB/PNG/P1201_-5.PNG]
[WEB/PNG/P1201_-6.PNG]
[WEB/PNG/P1201_-7.PNG]
[WEB/PNG/ICON_PAR.PNG]
[WEB/HTML/21_EJERC.HTM]
[WEB/HTML/PMDM12_D.HTM]
[WEB/JPG/PMDM12_C.JPG]
[WEB/JPG/ICO_NV.JPG]
[WEB/PNG/ICON_CAS.PNG]
[WEB/ICO/FAVICON.ICO]
[WEB/JPG/MINISTER.JPG]
[WEB/PNG/ICON_DEB.PNG]
[WEB/PNG/P1201_-3.PNG]
[WEB/PNG/P1201_-2.PNG]
[WEB/GIF/ICON_AUT.GIF]
[WEB/GIF/POPUP_BG.GIF]
[WEB/CSS/BASE.CSS]
[WEB/PNG/P1201_-7.PNG]
[WEB/PNG/P1201_-5.PNG]
[WEB/GIF/POPUP_BG.GIF]
[WEB/PNG/LUPA.PNG]
[WEB/GIF/PRE_CODE.GIF]
[WEB/PNG/DOCUMENT.PNG]
[WEB/PNG/PDF.PNG]
[WEB/PNG/HCALCULO.PNG]
[WEB/PNG/DIBUJO.PNG]
[WEB/PNG/PRESENTA.PNG]
[WEB/PNG/IMAGEN.PNG]
[WEB/PNG/AUDIO.PNG]
[WEB/PNG/VIDEO.PNG]
[WEB/PNG/PAQUETE.PNG]
[WEB/PNG/BINARIO.PNG]
[WEB/PNG/HTML.PNG]
[WEB/PNG/CC_BY.PNG]
[WEB/PNG/CC_BY_NC.PNG]
[WEB/PNG/CC_BY_ND.PNG]
[WEB/PNG/CC_BY_SA.PNG]
[WEB/PNG/CC_BY_-2.PNG]
[WEB/PNG/CC_BY_-3.PNG]
[WEB/PNG/CC0.PNG]
[WEB/PNG/GLOSARIO.PNG]
[WEB/PNG/POSTIT.PNG]
[WEB/PNG/ICON_ORI.PNG]
[WEB/PNG/ICON_CIT.PNG]
[WEB/PNG/ICON_REC.PNG]
[WEB/PNG/ICON_REF.PNG]
[WEB/PNG/ICON_EJE.PNG]
[WEB/PNG/ICON_GAL.PNG]
[WEB/PNG/ICON_ACT.PNG]
[WEB/PNG/ICON_PRE.PNG]
[WEB/PNG/ICON_OBJ.PNG]
[WEB/PNG/ICON_C-2.PNG]
[WEB/PNG/ICON_REA.PNG]
[WEB/PNG/ICON_R-2.PNG]
[WEB/GIF/ICON_QUE.GIF]
[WEB/PNG/BULLET.PNG]
[WEB/PNG/NIVEL1.PNG]
[WEB/PNG/NIVEL2.PNG]
[WEB/PNG/NIVEL3.PNG]
[WEB/PNG/NIVEL4.PNG]
[WEB/PNG/NIVEL5.PNG]
[WEB/PNG/NIVEL6.PNG]
[WEB/CSS/CONTENT.CSS]
[WEB/GIF/ACTIVE_B.GIF]
[WEB/PNG/ICONO_ME.PNG]
[WEB/CSS/NAV.CSS]
[WEB/JS/EXE_JQUE.JS]
[WEB/JS/COMMON_I.JS]
[WEB/JS/COMMON.JS]
[WEB/JS/_FPD_JS.JS]
[WEB/CSS/EXE_EFFE.CSS]
[WEB/CSS/EXE_HIGH.CSS]
[WEB/JS/EXE_EFFE.JS]
[WEB/JS/EXE_HIGH.JS]
[WEB/PNG/EXE_LIGH.PNG]
[WEB/PNG/EXE_LI-2.PNG]
[WEB/PNG/EXE_LI-3.PNG]
[WEB/PNG/EXE_LI-4.PNG]
[WEB/PNG/EXE_LI-5.PNG]
[WEB/PNG/EXE_LI-6.PNG]
[WEB/GIF/EXE_LIGH.GIF]
[WEB/CSS/EXE_LIGH.CSS]
[WEB/JS/EXE_LIGH.JS]
[WEB/HTML/PMDM12_D.HTM]
[WEB/HTML/XSPF_PLA.HTM]
[WEB/HTML/EXE_MEDI.HTM]
[WEB/HTML/EXE_ME-2.HTM]
[WEB/HTML/INDEX-2.HTM]
