[backblue.gif]
[fade.gif]
[index.html]
[WEB/ICO/FAVICON.ICO]
[WEB/PNG/ICON_CAS.PNG]
[WEB/JPG/MESA_REU.JPG]
[WEB/JPG/MINISTER.JPG]
[WEB/HTML/INDEX.HTM]
[WEB/JPG/MESA_R-2.JPG]
[WEB/JPG/BUSINESS.JPG]
[WEB/PNG/ICON_PAR.PNG]
[WEB/HTML/1_ORGANI.HTM]
[WEB/JPG/SGE03_CO.JPG]
[WEB/PNG/PANTALLA.PNG]
[WEB/PNG/ICON_DEB.PNG]
[WEB/GIF/ICON_AUT.GIF]
[WEB/HTML/11_TABLA.HTM]
[WEB/PNG/SGE03_CO.PNG]
[WEB/HTML/12_CONSU.HTM]
[WEB/FILE_PGA.HTM]
[WEB/JPG/PERSONAS.JPG]
[WEB/JPG/SGE03_-2.JPG]
[WEB/PNG/PANTAL-2.PNG]
[WEB/HTML/2_VISUAL.HTM]
[WEB/PNG/PANTAL-3.PNG]
[WEB/HTML/21_INTER.HTM]
[WEB/PNG/PANTAL-4.PNG]
[WEB/HTML/22_DEFIN.HTM]
[WEB/PNG/PANTAL-5.PNG]
[WEB/HTML/23_MENS.HTM]
[WEB/PNG/ICON_CIT.PNG]
[WEB/PNG/PANTAL-6.PNG]
[WEB/HTML/24_BSQUE.HTM]
[WEB/JPG/PILA_PAP.JPG]
[WEB/HTML/25_INFOR.HTM]
[WEB/JPG/GENERICA.JPG]
[WEB/JPG/SGE03_-3.JPG]
[WEB/PNG/PANTAL-7.PNG]
[WEB/HTML/3_TRATAM.HTM]
[WEB/JPG/SGE03_-4.JPG]
[WEB/HTML/31_CLCUL.HTM]
[WEB/JPG/SERVIDOR.JPG]
[WEB/HTML/32_PROCE.HTM]
[WEB/PNG/ICON_EJE.PNG]
[WEB/JPG/PERSON-2.JPG]
[WEB/HTML/4_EXTRAC.HTM]
[WEB/JPG/SGE03_-5.JPG]
[WEB/HTML/41_IMPOR.HTM]
[WEB/JPG/SGE03_-6.JPG]
[WEB/JPG/ADMINIST.JPG]
[WEB/HTML/5_EVALUA.HTM]
[WEB/PNG/SGE03_-2.PNG]
[WEB/HTML/51_MONIT.HTM]
[WEB/PNG/SGE03_-3.PNG]
[WEB/PNG/SGE03_-4.PNG]
[WEB/PNG/SGE03_-5.PNG]
[WEB/HTML/52_AUDIT.HTM]
[WEB/PNG/PANTAL-8.PNG]
[WEB/HTML/53_INCID.HTM]
[WEB/ICO/FAVICON.ICO]
[WEB/GIF/POPUP_BG.GIF]
[WEB/CSS/BASE.CSS]
[WEB/JPG/MESA_REU.JPG]
[WEB/PNG/LUPA.PNG]
[WEB/PNG/ICON_CAS.PNG]
[WEB/JPG/MINISTER.JPG]
[WEB/GIF/PRE_CODE.GIF]
[WEB/PNG/DOCUMENT.PNG]
[WEB/PNG/PDF.PNG]
[WEB/JPG/MESA_R-2.JPG]
[WEB/JPG/BUSINESS.JPG]
[WEB/PNG/HCALCULO.PNG]
[WEB/PNG/DIBUJO.PNG]
[WEB/PNG/PRESENTA.PNG]
[WEB/PNG/ICON_PAR.PNG]
[WEB/PNG/IMAGEN.PNG]
[WEB/PNG/AUDIO.PNG]
[WEB/PNG/VIDEO.PNG]
[WEB/PNG/PAQUETE.PNG]
[WEB/JPG/SGE03_CO.JPG]
[WEB/PNG/PANTALLA.PNG]
[WEB/GIF/ICON_AUT.GIF]
[WEB/PNG/SGE03_CO.PNG]
[WEB/JPG/SGE03_-2.JPG]
[WEB/PNG/BINARIO.PNG]
[WEB/JPG/PERSONAS.JPG]
[WEB/PNG/ICON_DEB.PNG]
[WEB/PNG/PANTAL-2.PNG]
[WEB/PNG/HTML.PNG]
[WEB/PNG/CC_BY.PNG]
[WEB/PNG/CC_BY_NC.PNG]
[WEB/PNG/CC_BY_ND.PNG]
[WEB/PNG/CC_BY_SA.PNG]
[WEB/PNG/PANTAL-3.PNG]
[WEB/PNG/CC_BY_-2.PNG]
[WEB/PNG/PANTAL-4.PNG]
[WEB/PNG/PANTAL-5.PNG]
[WEB/JPG/PILA_PAP.JPG]
[WEB/PNG/ICON_CIT.PNG]
[WEB/PNG/CC_BY_-3.PNG]
[WEB/PNG/PANTAL-6.PNG]
[WEB/JPG/GENERICA.JPG]
[WEB/PNG/CC0.PNG]
[WEB/PNG/GLOSARIO.PNG]
[WEB/PNG/POSTIT.PNG]
[WEB/PNG/ICON_ORI.PNG]
[WEB/JPG/SGE03_-3.JPG]
[WEB/PNG/ICON_REC.PNG]
[WEB/PNG/PANTAL-7.PNG]
[WEB/JPG/SGE03_-4.JPG]
[WEB/PNG/ICON_EJE.PNG]
[WEB/JPG/SERVIDOR.JPG]
[WEB/PNG/ICON_REF.PNG]
[WEB/JPG/PERSON-2.JPG]
[WEB/PNG/ICON_GAL.PNG]
[WEB/PNG/ICON_ACT.PNG]
[WEB/PNG/ICON_PRE.PNG]
[WEB/PNG/ICON_OBJ.PNG]
[WEB/JPG/SGE03_-5.JPG]
[WEB/PNG/ICON_C-2.PNG]
[WEB/PNG/ICON_REA.PNG]
[WEB/PNG/ICON_R-2.PNG]
[WEB/GIF/ICON_QUE.GIF]
[WEB/JPG/SGE03_-6.JPG]
[WEB/PNG/BULLET.PNG]
[WEB/PNG/NIVEL1.PNG]
[WEB/PNG/NIVEL2.PNG]
[WEB/PNG/NIVEL3.PNG]
[WEB/JPG/ADMINIST.JPG]
[WEB/PNG/NIVEL4.PNG]
[WEB/PNG/NIVEL5.PNG]
[WEB/PNG/NIVEL6.PNG]
[WEB/CSS/CONTENT.CSS]
[WEB/PNG/SGE03_-2.PNG]
[WEB/PNG/SGE03_-3.PNG]
[WEB/PNG/SGE03_-4.PNG]
[WEB/GIF/POPUP_BG.GIF]
[WEB/GIF/ACTIVE_B.GIF]
[WEB/PNG/SGE03_-5.PNG]
[WEB/GIF/PRE_CODE.GIF]
[WEB/PNG/PANTAL-8.PNG]
[WEB/PNG/ICONO_ME.PNG]
[WEB/CSS/NAV.CSS]
[WEB/JS/EXE_JQUE.JS]
[WEB/JS/COMMON_I.JS]
[WEB/PNG/DOCUMENT.PNG]
[WEB/PNG/HCALCULO.PNG]
[WEB/PNG/IMAGEN.PNG]
[WEB/PNG/AUDIO.PNG]
[WEB/PNG/VIDEO.PNG]
[WEB/PNG/DIBUJO.PNG]
[WEB/PNG/HTML.PNG]
[WEB/PNG/BINARIO.PNG]
[WEB/PNG/CC_BY.PNG]
[WEB/PNG/CC_BY_NC.PNG]
[WEB/PNG/CC0.PNG]
[WEB/PNG/CC_BY_ND.PNG]
[WEB/PNG/CC_BY_-2.PNG]
[WEB/PNG/GLOSARIO.PNG]
[WEB/PNG/POSTIT.PNG]
[WEB/JS/COMMON.JS]
[WEB/JS/_FPD_JS.JS]
[WEB/FILE_PGA.HTM]
[WEB/PNG/ICON_ACT.PNG]
[WEB/PNG/ICON_REC.PNG]
[WEB/PNG/ICON_GAL.PNG]
[WEB/PNG/ICON_PRE.PNG]
[WEB/PNG/ICON_C-2.PNG]
[WEB/PNG/BULLET.PNG]
[WEB/PNG/ICON_REA.PNG]
[WEB/PNG/ICON_R-2.PNG]
[WEB/PNG/NIVEL1.PNG]
[WEB/XSPF_PLA.HTM]
[WEB/EXE_MEDI.HTM]
[WEB/EXE_ME-2.HTM]
