[backblue.gif]
[fade.gif]
[index.html]
[web/ico/favicon.ico]
[web/png/icon_casopracticofpd.png]
[web/jpeg/ad04_cont_r01_ada.jpeg]
[web/jpg/ministerio-de-educacion-y-formacion-profesional-web.jpg]
[web/html/index.html]
[web/jpg/ad04_cont_r02_maria.jpg]
[web/jpeg/ad04_cont_r03_esquemaorm.jpeg]
[web/jpeg/ad04_cont_r03_esquemaorm_miniatura.jpeg]
[web/png/icon_parasabermasfpd.png]
[web/html/1_concepto_de_mapeo_objetorelacional.html]
[web/jpeg/ad04_cont_r04_programador_01.jpeg]
[web/gif/icon_autoevaluacionfpd.gif]
[web/html/2_herramientas_orm_caractersticas_y_herramientas_ms_utilizadas.html]
[web/jpeg/ad04_cont_r07_antonio.jpeg]
[web/jpg/ad04_cont_r08_hibernate.jpg]
[web/jpg/ad04_cont_r08_hibernate_miniatura.jpg]
[web/html/21_caractersticas.html]
[web/jpg/ad04_cont_r09_administracion_de_sistemas_01.jpeg.jpg]
[web/jpg/ad04_cont_r10_logohibernate.jpg]
[web/jpg/ad04_cont_r11_logoibatis.jpg]
[web/html/22_herramientas_orm_ms_utilizadas.html]
[web/png/ad04_cont_r29_arquitecturahibernate.png]
[web/html/3_arquitectura_de_hibernate.html]
[web/jpeg/ad04_cont_r12_servicios_de_internet_02.jpeg]
[web/pdf/ad4_instalacion_hibernate.pdf]
[web/jpeg/ad04_cont_r14_pluginhibernate.jpeg]
[web/jpeg/ad04_cont_r14_pluginhibernate_miniatura.jpeg]
[web/html/4_instalacin_y_configuracin_de_hibernate.html]
[web/jpeg/ad04_cont_r15_juan.jpeg]
[web/jpeg/ad04_cont_r16_plugins.jpeg]
[web/jpeg/ad04_cont_r16_plugins_miniatura.jpeg]
[web/html/5_ficheros_de_configuracin_y_mapeo_estructura_y_propiedades.html]
[web/jpeg/ad04_cont_r17_ana.jpeg]
[web/jpeg/ad04_cont_r18_config.jpeg]
[web/jpeg/ad04_cont_r18_config_miniatura.jpeg]
[web/html/51_ficheros_de_configuracin_propiedades.html]
[web/jpg/ad04_cont_r20_soporte_informatico_01.jpg]
[web/jpeg/ad04_cont_r21_mapeo.jpeg]
[web/jpeg/ad04_cont_r21_mapeo_miniatura.jpeg]
[web/html/52_ficheros_de_mapeo_estructura_elementos_y_propiedades.html]
[web/html/6_mapeo_de_colecciones_relaciones_y_herencia.html]
[web/jpg/ad04_cont_r22_configura.jpg]
[web/html/7_clases_persistentes.html]
[web/jpeg/ad04_cont_r05_servicios_de_internet_01.jpeg]
[web/jpg/ad04_cont_r30_estados_de_un_objeto.jpg]
[web/html/8_sesiones_estados_de_un_objeto.html]
[web/jpg/ad04_cont_r23_mapping.jpg]
[web/jpg/ad04_cont_r23_mapping_miniatura.jpg]
[web/html/9_carga_almacenamiento_y_modificacin_de_objetos.html]
[web/jpg/ad04_cont_r24_usuaria.jpg]
[web/html/91_almacenamiento_y_modificando_de_objetos_persistentes.html]
[web/jpg/ad04_cont_r25_consulta.jpg]
[web/html/10_consultas_sql.html]
[web/jpg/ad04_cont_r26_libreriahibernate.jpg]
[web/jpg/ad04_cont_r26_libreriahibernate_miniatura.jpg]
[web/html/11_lenguajes_propios_de_la_herramienta_orm_hql.html]
[web/jpg/ad04_cont_r26a_consultahql_miniatura.jpg]
[web/png/ad04_cont_r31_modelo_datos_hql.png]
[web/html/111_sintaxis_del_lenguaje_hql.html]
[web/html/112_consultas_por_criterios.html]
[web/jpg/ad04_cont_r28_transaccion.jpg]
[web/html/12_gestin_de_transacciones.html]
[web/jpg/ad04_cont_r08_hibernate_anexo.jpg]
[web/jpg/ad04_cont_r10_logohibernate_anexo.jpg]
[web/jpg/ad04_cont_r11_logoibatis_anexo.jpg]
[web/jpeg/ad04_cont_r14_pluginhibernate_anexo.jpeg]
[web/jpeg/ad04_cont_r16_plugins_anexo.jpeg]
[web/jpeg/ad04_cont_r18_config_anexo.jpeg]
[web/jpg/ad04_cont_r26_libreriahibernate_anexo.jpg]
[web/jpg/ad04_cont_r26a_consultahql_anexo.jpg]
[web/jpeg/ad04_cont_r21_mapeo_anexo.jpeg]
[web/jpeg/ad04_cont_r19_propiedades_anexo.jpeg]
[web/jpg/ad04_cont_r23_mapping_anexo.jpg]
[web/html/anexo_licencias_de_recursos.html]
[web/html/ad04_descripcion_video_uso_de_la_persistencia_en_hibernate.html]
[web/gif/popup_bg.gif]
[web/css/base.css]
[web/ico/favicon.ico]
[web/png/icon_casopracticofpd.png]
[web/png/lupa.png]
[web/jpeg/ad04_cont_r01_ada.jpeg]
[web/jpg/ministerio-de-educacion-y-formacion-profesional-web.jpg]
[web/gif/pre_code_bg.gif]
[web/png/documento.png]
[web/png/pdf.png]
[web/jpeg/ad04_cont_r03_esquemaorm.jpeg]
[web/png/hcalculo.png]
[web/png/dibujo.png]
[web/png/presentacion.png]
[web/jpeg/ad04_cont_r03_esquemaorm_miniatura.jpeg]
[web/png/imagen.png]
[web/png/audio.png]
[web/png/video.png]
[web/png/paquete.png]
[web/jpeg/ad04_cont_r04_programador_01.jpeg]
[web/png/binario.png]
[web/png/html.png]
[web/png/cc-by.png]
[web/png/cc-by-nc.png]
[web/gif/icon_autoevaluacionfpd.gif]
[web/png/cc-by-nd.png]
[web/png/cc-by-sa.png]
[web/png/cc-by-nc-nd.png]
[web/png/cc-by-nc-sa.png]
[web/jpeg/ad04_cont_r07_antonio.jpeg]
[web/jpg/ad04_cont_r08_hibernate.jpg]
[web/jpg/ad04_cont_r09_administracion_de_sistemas_01.jpeg.jpg]
[web/jpg/ad04_cont_r11_logoibatis.jpg]
[web/png/cc0.png]
[web/jpg/ad04_cont_r08_hibernate_miniatura.jpg]
[web/png/glosario.png]
[web/jpg/ad04_cont_r10_logohibernate.jpg]
[web/png/ad04_cont_r29_arquitecturahibernate.png]
[web/png/postit.png]
[web/png/icon_orientacionesfpd.png]
[web/png/icon_debesconocerfpd.png]
[web/png/icon_citasparapensarfpd.png]
[web/jpeg/ad04_cont_r12_servicios_de_internet_02.jpeg]
[web/png/icon_recomendacionfpd.png]
[web/png/icon_reflexionfpd.png]
[web/png/icon_ejercicioresueltofpd.png]
[web/png/icon_gallery.png]
[web/pdf/ad4_instalacion_hibernate.pdf]
[web/jpeg/ad04_cont_r14_pluginhibernate.jpeg]
[web/jpeg/ad04_cont_r14_pluginhibernate_miniatura.jpeg]
[web/jpeg/ad04_cont_r16_plugins_miniatura.jpeg]
[web/jpeg/ad04_cont_r17_ana.jpeg]
[web/png/icon_activity.png]
[web/jpeg/ad04_cont_r15_juan.jpeg]
[web/jpeg/ad04_cont_r16_plugins.jpeg]
[web/jpeg/ad04_cont_r18_config.jpeg]
[web/jpeg/ad04_cont_r18_config_miniatura.jpeg]
[web/png/icon_preknowledge.png]
[web/png/icon_objectives.png]
[web/png/icon_casestudy.png]
[web/png/icon_reading.png]
[web/png/icon_reflection.png]
[web/jpg/ad04_cont_r20_soporte_informatico_01.jpg]
[web/jpeg/ad04_cont_r21_mapeo.jpeg]
[web/jpeg/ad04_cont_r21_mapeo_miniatura.jpeg]
[web/jpg/ad04_cont_r30_estados_de_un_objeto.jpg]
[web/gif/icon_question.gif]
[web/jpg/ad04_cont_r22_configura.jpg]
[web/jpg/ad04_cont_r23_mapping.jpg]
[web/png/bullet.png]
[web/jpeg/ad04_cont_r05_servicios_de_internet_01.jpeg]
[web/png/nivel1.png]
[web/png/nivel2.png]
[web/png/nivel3.png]
[web/png/nivel4.png]
[web/jpg/ad04_cont_r23_mapping_miniatura.jpg]
[web/png/nivel5.png]
[web/jpg/ad04_cont_r25_consulta.jpg]
[web/png/ad04_cont_r31_modelo_datos_hql.png]
[web/jpg/ad04_cont_r24_usuaria.jpg]
[web/jpg/ad04_cont_r26a_consultahql_miniatura.jpg]
[web/png/nivel6.png]
[web/jpg/ad04_cont_r26_libreriahibernate_miniatura.jpg]
[web/css/content.css]
[web/jpg/ad04_cont_r28_transaccion.jpg]
[web/gif/active_bg.gif]
[web/jpg/ad04_cont_r10_logohibernate_anexo.jpg]
[web/jpg/ad04_cont_r11_logoibatis_anexo.jpg]
[web/png/icono-menu.png]
[web/css/nav.css]
[web/js/exe_jquery.js]
[web/js/common_i18n.js]
[web/jpeg/ad04_cont_r14_pluginhibernate_anexo.jpeg]
[web/jpeg/ad04_cont_r18_config_anexo.jpeg]
[web/jpg/ad04_cont_r26a_consultahql_anexo.jpg]
[web/jpg/ad04_cont_r23_mapping_anexo.jpg]
[web/jpg/ad04_cont_r26_libreriahibernate_anexo.jpg]
[web/jpeg/ad04_cont_r19_propiedades_anexo.jpeg]
[web/png/dibujo.png]
[web/png/documento.png]
[web/png/hcalculo.png]
[web/gif/pre_code_bg.gif]
[web/png/imagen.png]
[web/png/audio.png]
[web/png/binario.png]
[web/png/html.png]
[web/png/video.png]
[web/js/common.js]
[web/js/_fpd_js.js]
[web/css/exe_highlighter.css]
[web/png/cc-by.png]
[web/png/cc-by-nd.png]
[web/js/exe_highlighter.js]
[web/png/cc0.png]
[web/png/cc-by-sa.png]
[web/png/cc-by-nc-nd.png]
[web/png/postit.png]
[web/html/ad04_descripcion_video_uso_de_la_persistencia_en_hibernate.html]
[web/png/icon_orientacionesfpd.png]
[web/png/icon_debesconocerfpd.png]
[web/png/icon_recomendacionfpd.png]
[web/png/icon_reflexionfpd.png]
[web/png/icon_activity.png]
[web/png/icon_ejercicioresueltofpd.png]
[web/png/icon_objectives.png]
[web/png/icon_preknowledge.png]
[web/png/icon_reading.png]
[web/png/icon_casestudy.png]
[web/xspf_player5eca.html]
[web/exe_media.html]
[web/exe_media-2.html]
