[backblue.gif]
[fade.gif]
[index.html]
[web/ico/favicon.ico]
[web/png/icon_casopracticofpd.png]
[web/jpg/sge02_cont_r01_caso_libros.jpg]
[web/jpg/ministerio-de-educacion-y-formacion-profesional-web.jpg]
[web/html/index.html]
[web/jpg/bola_del_mundo_con_dos_manos.jpg]
[web/png/icon_parasabermasfpd.png]
[web/html/1_introduccin.html]
[web/jpg/sge02_cont_r03_tiposlicencia.jpg]
[web/jpg/sge02_cont_r03_tiposlicencia_miniatura.jpg]
[web/png/icon_reflexionfpd.png]
[web/html/11_tipos_de_licencia.html]
[web/png/sge02_cont_r04_gnu_logo.png]
[web/file_the_gnu_logo.html]
[web/gif/icon_autoevaluacionfpd.gif]
[web/html/12_el_software_libre_en_el_mercado_de_los_erps.html]
[web/png/openbravo_producto_instalado.png]
[web/png/pagina_web_odoo.png]
[web/html/13_erps_de_software_libre.html]
[web/jpg/sge02_cont_r07_caso_webinar.jpg]
[web/html/2_instalacin_y_configuracin_del_sistema_erpcrm.html]
[web/png/captura_de_pantalla_synaptic_dolibarr.png]
[web/jpg/sge02_cont_r09_cliente_servidor.jpg]
[web/jpg/sge02_cont_r09_cliente_servidor_miniatura.jpg]
[web/png/icon_recomendacionfpd.png]
[web/html/21_tipos_de_instalacin_monopuesto_clienteservidor.html]
[web/file_cliente-servidor.html]
[web/jpg/sge02_cont_r10_instalaciones.jpg]
[web/html/22_procesos_de_instalacin_y_servicios_de_acceso_al_sistema.html]
[web/png/icon_debesconocerfpd.png]
[web/jpg/sge02_cont_r14_configuracion.jpg]
[web/png/imagen_odoo_interfaz_web.png]
[web/html/23_parmetros_de_configuracin_descripcin_tipologa_y_uso.html]
[web/jpg/sge02_cont_r15_servidores.jpg]
[web/html/24_configuracin_del_servidor_y_de_la_base_de_datos.html]
[web/png/pantalla_inicial_al_acceder_a_odoo_via_web.png]
[web/html/25_servicio_de_acceso_desde_el_cliente_va_web.html]
[web/png/icon_citasparapensarfpd.png]
[web/html/26_actualizacin_del_sistema_erpcrm.html]
[web/jpg/sge02_cont_r22_caso_saladereuniones.jpg]
[web/jpg/sge02_cont_r23_conexion.jpg]
[web/html/3_tipos_de_mdulos_caractersticas_funcionales_descripcin_e_interconexin.html]
[web/jpg/sge02_cont_r24_modules.jpg]
[web/jpg/sge02_cont_r24_modules_miniatura.jpg]
[web/html/31_mdulo_base.html]
[web/png/sge02_cont_r25_contabilidad.png]
[web/png/sge02_cont_r25_contabilidad_miniatura.png]
[web/html/32_gestin_contable_y_financiera.html]
[web/jpg/pallets-europallet-warehouse-wood.jpg]
[web/html/33_compras_ventas_y_almacn.html]
[web/jpg/sge02_cont_r27_dolar.jpg]
[web/html/34_facturacin.html]
[web/jpg/sge02_cont_r28_rrhh.jpg]
[web/html/35_gestin_de_personal.html]
[web/jpg/sge02_cont_r29_crm.jpg]
[web/html/36_gestin_de_las_relaciones_con_el_cliente.html]
[web/jpg/sge02_cont_r30_moneda.jpg]
[web/png/pantalla_inicial_interfaz_web_crear_instancia_bd_localizacion.png]
[web/png/pantallazo_de_odoo_para_buscar_modelo_localizacion_del_pais.png]
[web/html/37_introduccin_a_la_instalacin_y_configuracin_de_mdulos.html]
[web/jpg/bu001838.jpg]
[web/jpg/sge02_cont_r33_remoto.jpg]
[web/html/4_asistencia_tcnica_remota_en_el_sistema_erpcrm.html]
[web/jpg/sge02_cont_r34_bye.jpg]
[web/html/41_instalacin_y_configuracin_en_servidores_ubuntu.html]
[web/jpg/sge02_cont_r36_logowindows.jpg]
[web/html/42_instalacin_y_configuracin_en_servidores_windows.html]
[web/jpg/sge02_cont_r40_caso_personajes_05.jpg]
[web/html/5_herramientas_para_la_programacin_de_sistemas_erpcrm.html]
[web/jpg/sge02_cont_r41_programming.jpg]
[web/html/index1.html]
[web/ico/favicon.ico]
[web/gif/popup_bg.gif]
[web/css/base.css]
[web/jpg/sge02_cont_r01_caso_libros.jpg]
[web/png/lupa.png]
[web/png/icon_casopracticofpd.png]
[web/jpg/ministerio-de-educacion-y-formacion-profesional-web.jpg]
[web/gif/pre_code_bg.gif]
[web/png/documento.png]
[web/png/pdf.png]
[web/jpg/bola_del_mundo_con_dos_manos.jpg]
[web/png/hcalculo.png]
[web/png/icon_parasabermasfpd.png]
[web/jpg/sge02_cont_r03_tiposlicencia.jpg]
[web/png/sge02_cont_r04_gnu_logo.png]
[web/jpg/sge02_cont_r03_tiposlicencia_miniatura.jpg]
[web/png/icon_reflexionfpd.png]
[web/png/dibujo.png]
[web/gif/icon_autoevaluacionfpd.gif]
[web/png/presentacion.png]
[web/png/imagen.png]
[web/png/audio.png]
[web/png/video.png]
[web/png/openbravo_producto_instalado.png]
[web/png/paquete.png]
[web/png/binario.png]
[web/png/html.png]
[web/png/cc-by.png]
[web/png/pagina_web_odoo.png]
[web/png/cc-by-nc.png]
[web/png/cc-by-nd.png]
[web/png/cc-by-sa.png]
[web/png/cc-by-nc-nd.png]
[web/jpg/sge02_cont_r07_caso_webinar.jpg]
[web/png/cc-by-nc-sa.png]
[web/png/cc0.png]
[web/png/glosario.png]
[web/png/captura_de_pantalla_synaptic_dolibarr.png]
[web/png/postit.png]
[web/png/icon_orientacionesfpd.png]
[web/png/icon_ejercicioresueltofpd.png]
[web/png/icon_gallery.png]
[web/jpg/sge02_cont_r09_cliente_servidor.jpg]
[web/png/icon_activity.png]
[web/png/icon_preknowledge.png]
[web/png/icon_objectives.png]
[web/png/icon_casestudy.png]
[web/jpg/sge02_cont_r09_cliente_servidor_miniatura.jpg]
[web/png/icon_reading.png]
[web/png/icon_reflection.png]
[web/gif/icon_question.gif]
[web/png/bullet.png]
[web/png/icon_recomendacionfpd.png]
[web/jpg/sge02_cont_r10_instalaciones.jpg]
[web/png/icon_debesconocerfpd.png]
[web/jpg/sge02_cont_r15_servidores.jpg]
[web/png/nivel1.png]
[web/jpg/sge02_cont_r14_configuracion.jpg]
[web/png/pantalla_inicial_al_acceder_a_odoo_via_web.png]
[web/png/imagen_odoo_interfaz_web.png]
[web/png/nivel2.png]
[web/png/nivel3.png]
[web/png/nivel4.png]
[web/png/nivel5.png]
[web/png/nivel6.png]
[web/css/content.css]
[web/jpg/sge02_cont_r22_caso_saladereuniones.jpg]
[web/gif/active_bg.gif]
[web/jpg/sge02_cont_r23_conexion.jpg]
[web/jpg/sge02_cont_r24_modules.jpg]
[web/png/icono-menu.png]
[web/css/nav.css]
[web/js/exe_jquery.js]
[web/jpg/sge02_cont_r24_modules_miniatura.jpg]
[web/js/common_i18n.js]
[web/png/sge02_cont_r25_contabilidad.png]
[web/jpg/pallets-europallet-warehouse-wood.jpg]
[web/jpg/sge02_cont_r27_dolar.jpg]
[web/jpg/sge02_cont_r29_crm.jpg]
[web/jpg/sge02_cont_r28_rrhh.jpg]
[web/jpg/sge02_cont_r30_moneda.jpg]
[web/png/pantalla_inicial_interfaz_web_crear_instancia_bd_localizacion.png]
[web/png/sge02_cont_r25_contabilidad_miniatura.png]
[web/png/pantallazo_de_odoo_para_buscar_modelo_localizacion_del_pais.png]
[web/jpg/bu001838.jpg]
[web/jpg/sge02_cont_r33_remoto.jpg]
[web/jpg/sge02_cont_r36_logowindows.jpg]
[web/jpg/sge02_cont_r34_bye.jpg]
[web/jpg/sge02_cont_r41_programming.jpg]
[web/jpg/sge02_cont_r40_caso_personajes_05.jpg]
[web/js/common.js]
[web/js/_fpd_js.js]
[web/file_the_gnu_logo.html]
[web/png/documento.png]
[web/file_cliente-servidor.html]
[web/gif/pre_code_bg.gif]
[web/png/hcalculo.png]
[web/png/imagen.png]
[web/png/presentacion.png]
[web/png/paquete.png]
[web/png/audio.png]
[web/png/binario.png]
[web/html/index1.html]
[web/png/html.png]
[web/png/cc-by-nc.png]
[web/png/cc-by-nd.png]
[web/png/cc-by-sa.png]
[web/png/cc0.png]
[web/png/cc-by-nc-sa.png]
[web/png/postit.png]
[web/png/icon_orientacionesfpd.png]
[web/png/icon_activity.png]
[web/xspf_player5eca.html]
[web/exe_media.html]
[web/exe_media-2.html]
