[backblue.gif]
[fade.gif]
[index.html]
[WEB/ICO/FAVICON.ICO]
[WEB/PNG/ICON_CAS.PNG]
[WEB/JPG/DI01_CON.JPG]
[WEB/JPG/DI01_C-2.JPG]
[WEB/JPG/DI01_C-3.JPG]
[WEB/JPG/DI01_C-4.JPG]
[WEB/JPG/MINISTER.JPG]
[WEB/HTML/INDEX.HTM]
[WEB/JPG/DAM_DI01.JPG]
[WEB/PNG/ICON_PAR.PNG]
[WEB/GIF/ICON_AUT.GIF]
[WEB/HTML/1_ELABOR.HTM]
[WEB/JPG/DI01_C-5.JPG]
[WEB/JPG/DIO01_CO.JPG]
[WEB/HTML/2_COMPON.HTM]
[WEB/PNG/ICON_REF.PNG]
[WEB/HTML/21_BIBLI.HTM]
[WEB/HTML/3_HERRAM.HTM]
[WEB/JPG/DIO1_CON.JPG]
[WEB/PDF/DI01_CON.PDF]
[WEB/JPG/DIO1_C-2.JPG]
[WEB/HTML/31_NETBE.HTM]
[WEB/JPG/DI01_C-6.JPG]
[WEB/JPG/DI01_C-7.JPG]
[WEB/JPG/DI01_C-8.JPG]
[WEB/PNG/ICON_DEB.PNG]
[WEB/PDF/DI01_C-2.PDF]
[WEB/HTML/4_CONTEN.HTM]
[WEB/JPG/DIO1_C-3.JPG]
[WEB/JPG/CODE_COD.JPG]
[WEB/HTML/41_CONTE.HTM]
[WEB/HTML/5_COMPON.HTM]
[WEB/JPG/DIO01_-2.JPG]
[WEB/HTML/51_AADIR.HTM]
[WEB/PNG/ICON_EJE.PNG]
[WEB/JPG/DIO01_-3.JPG]
[WEB/HTML/52_MODIF.HTM]
[WEB/JPG/DIO01_-4.JPG]
[WEB/JPG/DIO01_-5.JPG]
[WEB/HTML/53_AADIR.HTM]
[WEB/JPG/DI01_C-9.JPG]
[WEB/ZIP/APLICACI.ZIP]
[WEB/HTML/54_UBICA.HTM]
[WEB/JPG/DIO01_-6.JPG]
[WEB/HTML/55_ENLAC.HTM]
[WEB/ZIP/BDAGENDA.ZIP]
[WEB/JPG/DIO01_-7.JPG]
[WEB/JPG/DIO01_-8.JPG]
[WEB/ZIP/DAM_DI01.ZIP]
[WEB/ZIP/DAM_DI-2.ZIP]
[WEB/HTML/551_FORM.HTM]
[WEB/HTML/6_ASOCIA.HTM]
[WEB/JPG/DI01_-10.JPG]
[WEB/HTML/7_DILOGO.HTM]
[WEB/PNG/DI01_CON.PNG]
[WEB/HTML/71_DILOG.HTM]
[WEB/JPG/DI01_-11.JPG]
[WEB/JPG/DI01_-12.JPG]
[WEB/HTML/72_DILOG.HTM]
[WEB/JPG/DI01_-13.JPG]
[WEB/JPG/DI01_-14.JPG]
[WEB/HTML/8_EDICIN.HTM]
[WEB/JPG/DI01_-15.JPG]
[WEB/HTML/9_CLASES.HTM]
[WEB/JPG/DI01_-16.JPG]
[WEB/JPG/DI01_-17.JPG]
[WEB/HTML/91_CLASE.HTM]
[WEB/JPG/DI01_-18.JPG]
[WEB/HTML/92_PROPI.HTM]
[WEB/HTML/93_MTODO.HTM]
[WEB/HTML/10_EVENT.HTM]
[WEB/HTML/101_ESCU.HTM]
[WEB/JPG/DI01_AUX.JPG]
[WEB/HTML/ANEXO_I_.HTM]
[WEB/ICO/FAVICON.ICO]
[WEB/GIF/POPUP_BG.GIF]
[WEB/CSS/BASE.CSS]
[WEB/JPG/DI01_CON.JPG]
[WEB/PNG/LUPA.PNG]
[WEB/PNG/ICON_CAS.PNG]
[WEB/JPG/DI01_C-2.JPG]
[WEB/GIF/PRE_CODE.GIF]
[WEB/JPG/DI01_C-3.JPG]
[WEB/PNG/DOCUMENT.PNG]
[WEB/PNG/PDF.PNG]
[WEB/PNG/HCALCULO.PNG]
[WEB/PNG/DIBUJO.PNG]
[WEB/JPG/DI01_C-4.JPG]
[WEB/PNG/PRESENTA.PNG]
[WEB/PNG/IMAGEN.PNG]
[WEB/PNG/AUDIO.PNG]
[WEB/PNG/VIDEO.PNG]
[WEB/JPG/MINISTER.JPG]
[WEB/PNG/PAQUETE.PNG]
[WEB/PNG/BINARIO.PNG]
[WEB/PNG/HTML.PNG]
[WEB/PNG/CC_BY.PNG]
[WEB/JPG/DAM_DI01.JPG]
[WEB/PNG/CC_BY_NC.PNG]
[WEB/PNG/CC_BY_ND.PNG]
[WEB/PNG/CC_BY_SA.PNG]
[WEB/PNG/ICON_PAR.PNG]
[WEB/PNG/CC_BY_-2.PNG]
[WEB/PNG/CC_BY_-3.PNG]
[WEB/PNG/CC0.PNG]
[WEB/PNG/GLOSARIO.PNG]
[WEB/PNG/POSTIT.PNG]
[WEB/GIF/ICON_AUT.GIF]
[WEB/PNG/ICON_ORI.PNG]
[WEB/PNG/ICON_CIT.PNG]
[WEB/PNG/ICON_REC.PNG]
[WEB/JPG/DI01_C-5.JPG]
[WEB/PNG/ICON_GAL.PNG]
[WEB/PNG/ICON_ACT.PNG]
[WEB/PNG/ICON_PRE.PNG]
[WEB/PNG/ICON_OBJ.PNG]
[WEB/JPG/DIO01_CO.JPG]
[WEB/PNG/ICON_C-2.PNG]
[WEB/PDF/DI01_CON.PDF]
[WEB/JPG/DI01_C-6.JPG]
[WEB/JPG/DI01_C-7.JPG]
[WEB/JPG/DIO1_CON.JPG]
[WEB/JPG/DIO1_C-2.JPG]
[WEB/PNG/ICON_REA.PNG]
[WEB/JPG/DI01_C-8.JPG]
[WEB/PNG/ICON_R-2.PNG]
[WEB/GIF/ICON_QUE.GIF]
[WEB/PNG/BULLET.PNG]
[WEB/PNG/NIVEL1.PNG]
[WEB/PDF/DI01_C-2.PDF]
[WEB/PNG/NIVEL2.PNG]
[WEB/JPG/CODE_COD.JPG]
[WEB/JPG/DIO1_C-3.JPG]
[WEB/JPG/DIO01_-2.JPG]
[WEB/JPG/DIO01_-3.JPG]
[WEB/PNG/ICON_EJE.PNG]
[WEB/PNG/NIVEL3.PNG]
[WEB/JPG/DIO01_-5.JPG]
[WEB/PNG/NIVEL4.PNG]
[WEB/PNG/NIVEL5.PNG]
[WEB/PNG/NIVEL6.PNG]
[WEB/CSS/CONTENT.CSS]
[WEB/JPG/DI01_C-9.JPG]
[WEB/ZIP/APLICACI.ZIP]
[WEB/JPG/DIO01_-6.JPG]
[WEB/JPG/DIO01_-7.JPG]
[WEB/ZIP/DAM_DI01.ZIP]
[WEB/GIF/ACTIVE_B.GIF]
[WEB/ZIP/BDAGENDA.ZIP]
[WEB/JPG/DIO01_-8.JPG]
[WEB/ZIP/DAM_DI-2.ZIP]
[WEB/PNG/ICONO_ME.PNG]
[WEB/JPG/DI01_-10.JPG]
[WEB/CSS/NAV.CSS]
[WEB/PNG/DI01_CON.PNG]
[WEB/JS/EXE_JQUE.JS]
[WEB/JPG/DI01_-11.JPG]
[WEB/JS/COMMON_I.JS]
[WEB/JPG/DI01_-12.JPG]
[WEB/JPG/DI01_-14.JPG]
[WEB/JPG/DI01_-13.JPG]
[WEB/JPG/DI01_-18.JPG]
[WEB/JPG/DI01_-15.JPG]
[WEB/JPG/DI01_-17.JPG]
[WEB/JPG/DI01_-16.JPG]
[WEB/JPG/DI01_AUX.JPG]
[WEB/PNG/PDF.PNG]
[WEB/PNG/DOCUMENT.PNG]
[WEB/PNG/HCALCULO.PNG]
[WEB/PNG/PRESENTA.PNG]
[WEB/PNG/IMAGEN.PNG]
[WEB/PNG/AUDIO.PNG]
[WEB/PNG/BINARIO.PNG]
[WEB/JS/COMMON.JS]
[WEB/JS/_FPD_JS.JS]
[WEB/PNG/PAQUETE.PNG]
[WEB/PNG/HTML.PNG]
[WEB/PNG/CC_BY_NC.PNG]
[WEB/PNG/CC_BY_ND.PNG]
[WEB/PNG/CC_BY_-2.PNG]
[WEB/PNG/CC_BY_-3.PNG]
[WEB/PNG/CC0.PNG]
[WEB/PNG/EXE_LIGH.PNG]
[WEB/PNG/CC_BY_SA.PNG]
[WEB/PNG/GLOSARIO.PNG]
[WEB/PNG/EXE_LI-2.PNG]
[WEB/PNG/EXE_LI-3.PNG]
[WEB/PNG/ICON_ORI.PNG]
[WEB/PNG/EXE_LI-4.PNG]
[WEB/PNG/EXE_LI-5.PNG]
[WEB/PNG/EXE_LI-6.PNG]
[WEB/GIF/EXE_LIGH.GIF]
[WEB/CSS/EXE_LIGH.CSS]
[WEB/JS/EXE_LIGH.JS]
[WEB/PNG/BULLET.PNG]
[WEB/PNG/ICON_ACT.PNG]
[WEB/PNG/ICON_CIT.PNG]
[WEB/GIF/ICON_QUE.GIF]
[WEB/PNG/ICON_GAL.PNG]
[WEB/PNG/ICON_C-2.PNG]
[WEB/PNG/ICON_PRE.PNG]
[WEB/PNG/ICON_R-2.PNG]
[WEB/PNG/NIVEL2.PNG]
[WEB/PNG/NIVEL4.PNG]
[WEB/PNG/NIVEL5.PNG]
[WEB/PNG/NIVEL6.PNG]
[WEB/XSPF_PLA.HTM]
[WEB/EXE_MEDI.HTM]
[WEB/EXE_ME-2.HTM]
[WEB/GIF/ACTIVE_B.GIF]
[WEB/PNG/EXE_LI-2.PNG]
[WEB/PNG/EXE_LI-4.PNG]
[WEB/PNG/EXE_LI-5.PNG]
[WEB/PNG/EXE_LI-6.PNG]
[WEB/INDEX.HTM]
