[backblue.gif]
[fade.gif]
[index.html]
[EAD_MUR/PLUGINFI_PHP/1432373/MOD_RESO/CONTENT/1/DAM_PMDM/FAVICON.ICO]
[EAD_MUR/PLUGINFI_PHP/1432373/MOD_RESO/CONTENT/1/DAM_PMDM/ICON_CAS.PNG]
[EAD_MUR/PLUGINFI_PHP/1432373/MOD_RESO/CONTENT/1/DAM_PMDM/PMDM02_J.JPG]
[EAD_MUR/PLUGINFI_PHP/1432373/MOD_RESO/CONTENT/1/DAM_PMDM/MINISTER.JPG]
[EAD_MUR/PLUGINFI_PHP/1432373/MOD_RESO/CONTENT/1/DAM_PMDM/ICO_NV.JPG]
[EAD_MUR/PLUGINFI_PHP/1432373/MOD_RESO/CONTENT/1/DAM_PMDM/INDEX.HTM]
[EAD_MUR/PLUGINFI_PHP/1432373/MOD_RESO/CONTENT/1/DAM_PMDM/PMDM02_E.JPG]
[EAD_MUR/PLUGINFI_PHP/1432373/MOD_RESO/CONTENT/1/DAM_PMDM/PMDM02_C.JPG]
[EAD_MUR/PLUGINFI_PHP/1432373/MOD_RESO/CONTENT/1/DAM_PMDM/ICON_DEB.PNG]
[EAD_MUR/PLUGINFI_PHP/1432373/MOD_RESO/CONTENT/1/DAM_PMDM/1_MDULOS.HTM]
[EAD_MUR/PLUGINFI_PHP/1432373/MOD_RESO/CONTENT/1/DAM_PMDM/PMDM02-2.JPG]
[EAD_MUR/PLUGINFI_PHP/1432373/MOD_RESO/CONTENT/1/DAM_PMDM/PMDM02-3.JPG]
[EAD_MUR/PLUGINFI_PHP/1432373/MOD_RESO/CONTENT/1/DAM_PMDM/ICON_REC.PNG]
[EAD_MUR/PLUGINFI_PHP/1432373/MOD_RESO/CONTENT/1/DAM_PMDM/2_INTEGR.HTM]
[EAD_MUR/PLUGINFI_PHP/1432373/MOD_RESO/CONTENT/1/DAM_PMDM/PMDM02-4.JPG]
[EAD_MUR/PLUGINFI_PHP/1432373/MOD_RESO/CONTENT/1/DAM_PMDM/PMDM02-5.JPG]
[EAD_MUR/PLUGINFI_PHP/1432373/MOD_RESO/CONTENT/1/DAM_PMDM/PMDM02-6.JPG]
[EAD_MUR/PLUGINFI_PHP/1432373/MOD_RESO/CONTENT/1/DAM_PMDM/PMDM02-7.JPG]
[EAD_MUR/PLUGINFI_PHP/1432373/MOD_RESO/CONTENT/1/DAM_PMDM/PMDM02-8.JPG]
[EAD_MUR/PLUGINFI_PHP/1432373/MOD_RESO/CONTENT/1/DAM_PMDM/PMDM02-9.JPG]
[EAD_MUR/PLUGINFI_PHP/1432373/MOD_RESO/CONTENT/1/DAM_PMDM/PMDM0-10.JPG]
[EAD_MUR/PLUGINFI_PHP/1432373/MOD_RESO/CONTENT/1/DAM_PMDM/ICON_PAR.PNG]
[EAD_MUR/PLUGINFI_PHP/1432373/MOD_RESO/CONTENT/1/DAM_PMDM/21_CREAC.HTM]
[EAD_MUR/PLUGINFI_PHP/1432373/MOD_RESO/CONTENT/1/DAM_PMDM/PMDM0-11.JPG]
[EAD_MUR/PLUGINFI_PHP/1432373/MOD_RESO/CONTENT/1/DAM_PMDM/22_ESCRI.HTM]
[EAD_MUR/PLUGINFI_PHP/1432373/MOD_RESO/CONTENT/1/DAM_PMDM/ICON_EJE.PNG]
[EAD_MUR/PLUGINFI_PHP/1432373/MOD_RESO/CONTENT/1/DAM_PMDM/PMDM0-12.JPG]
[EAD_MUR/PLUGINFI_PHP/1432373/MOD_RESO/CONTENT/1/DAM_PMDM/PMDM0-13.JPG]
[EAD_MUR/PLUGINFI_PHP/1432373/MOD_RESO/CONTENT/1/DAM_PMDM/221_MAIN.HTM]
[EAD_MUR/PLUGINFI_PHP/1432373/MOD_RESO/CONTENT/1/DAM_PMDM/PMDM0-14.JPG]
[EAD_MUR/PLUGINFI_PHP/1432373/MOD_RESO/CONTENT/1/DAM_PMDM/222_ACTI.HTM]
[EAD_MUR/PLUGINFI_PHP/1432373/MOD_RESO/CONTENT/1/DAM_PMDM/PMDM0-15.JPG]
[EAD_MUR/PLUGINFI_PHP/1432373/MOD_RESO/CONTENT/1/DAM_PMDM/23_COMPI.HTM]
[EAD_MUR/PLUGINFI_PHP/1432373/MOD_RESO/CONTENT/1/DAM_PMDM/PMDM0-16.JPG]
[EAD_MUR/PLUGINFI_PHP/1432373/MOD_RESO/CONTENT/1/DAM_PMDM/24_EMULA.HTM]
[EAD_MUR/PLUGINFI_PHP/1432373/MOD_RESO/CONTENT/1/DAM_PMDM/25_INSTA.HTM]
[EAD_MUR/PLUGINFI_PHP/1432373/MOD_RESO/CONTENT/1/DAM_PMDM/PMDM0-17.JPG]
[EAD_MUR/PLUGINFI_PHP/1432373/MOD_RESO/CONTENT/1/DAM_PMDM/3_GESTIN.HTM]
[EAD_MUR/PLUGINFI_PHP/1432373/MOD_RESO/CONTENT/1/DAM_PMDM/PMDM0-18.JPG]
[EAD_MUR/PLUGINFI_PHP/1432373/MOD_RESO/CONTENT/1/DAM_PMDM/31_EL_CI.HTM]
[EAD_MUR/PLUGINFI_PHP/1432373/MOD_RESO/CONTENT/1/DAM_PMDM/PMDM02_C.PNG]
[EAD_MUR/PLUGINFI_PHP/1432373/MOD_RESO/CONTENT/1/DAM_PMDM/32_MODEL.HTM]
[EAD_MUR/PLUGINFI_PHP/1432373/MOD_RESO/CONTENT/1/DAM_PMDM/PMDM02_D.HTM]
[EAD_MUR/PLUGINFI_PHP/1432373/MOD_RESO/CONTENT/1/DAM_PMDM/FAVICON.ICO]
[EAD_MUR/PLUGINFI_PHP/1432373/MOD_RESO/CONTENT/1/DAM_PMDM/PMDM02_J.JPG]
[EAD_MUR/PLUGINFI_PHP/1432373/MOD_RESO/CONTENT/1/DAM_PMDM/PMDM02_C.JPG]
[EAD_MUR/PLUGINFI_PHP/1432373/MOD_RESO/CONTENT/1/DAM_PMDM/PMDM02-2.JPG]
[EAD_MUR/PLUGINFI_PHP/1432373/MOD_RESO/CONTENT/1/DAM_PMDM/POPUP_BG.GIF]
[EAD_MUR/PLUGINFI_PHP/1432373/MOD_RESO/CONTENT/1/DAM_PMDM/BASE.CSS]
[EAD_MUR/PLUGINFI_PHP/1432373/MOD_RESO/CONTENT/1/DAM_PMDM/MINISTER.JPG]
[EAD_MUR/PLUGINFI_PHP/1432373/MOD_RESO/CONTENT/1/DAM_PMDM/ICO_NV.JPG]
[EAD_MUR/PLUGINFI_PHP/1432373/MOD_RESO/CONTENT/1/DAM_PMDM/ICON_CAS.PNG]
[EAD_MUR/PLUGINFI_PHP/1432373/MOD_RESO/CONTENT/1/DAM_PMDM/ICON_DEB.PNG]
[EAD_MUR/PLUGINFI_PHP/1432373/MOD_RESO/CONTENT/1/DAM_PMDM/ICON_REC.PNG]
[EAD_MUR/PLUGINFI_PHP/1432373/MOD_RESO/CONTENT/1/DAM_PMDM/LUPA.PNG]
[EAD_MUR/PLUGINFI_PHP/1432373/MOD_RESO/CONTENT/1/DAM_PMDM/PMDM02-8.JPG]
[EAD_MUR/PLUGINFI_PHP/1432373/MOD_RESO/CONTENT/1/DAM_PMDM/PRE_CODE.GIF]
[EAD_MUR/PLUGINFI_PHP/1432373/MOD_RESO/CONTENT/1/DAM_PMDM/PMDM02-6.JPG]
[EAD_MUR/PLUGINFI_PHP/1432373/MOD_RESO/CONTENT/1/DAM_PMDM/PMDM0-12.JPG]
[EAD_MUR/PLUGINFI_PHP/1432373/MOD_RESO/CONTENT/1/DAM_PMDM/DOCUMENT.PNG]
[EAD_MUR/PLUGINFI_PHP/1432373/MOD_RESO/CONTENT/1/DAM_PMDM/ICON_PAR.PNG]
[EAD_MUR/PLUGINFI_PHP/1432373/MOD_RESO/CONTENT/1/DAM_PMDM/ICON_EJE.PNG]
[EAD_MUR/PLUGINFI_PHP/1432373/MOD_RESO/CONTENT/1/DAM_PMDM/PMDM0-13.JPG]
[EAD_MUR/PLUGINFI_PHP/1432373/MOD_RESO/CONTENT/1/DAM_PMDM/PMDM0-16.JPG]
[EAD_MUR/PLUGINFI_PHP/1432373/MOD_RESO/CONTENT/1/DAM_PMDM/PDF.PNG]
[EAD_MUR/PLUGINFI_PHP/1432373/MOD_RESO/CONTENT/1/DAM_PMDM/POPUP_BG.GIF]
[EAD_MUR/PLUGINFI_PHP/1432373/MOD_RESO/CONTENT/1/DAM_PMDM/PMDM02_C.PNG]
[EAD_MUR/PLUGINFI_PHP/1432373/MOD_RESO/CONTENT/1/DAM_PMDM/LUPA.PNG]
[EAD_MUR/PLUGINFI_PHP/1432373/MOD_RESO/CONTENT/1/DAM_PMDM/HCALCULO.PNG]
[EAD_MUR/PLUGINFI_PHP/1432373/MOD_RESO/CONTENT/1/DAM_PMDM/DIBUJO.PNG]
[EAD_MUR/PLUGINFI_PHP/1432373/MOD_RESO/CONTENT/1/DAM_PMDM/PRESENTA.PNG]
[EAD_MUR/PLUGINFI_PHP/1432373/MOD_RESO/CONTENT/1/DAM_PMDM/IMAGEN.PNG]
[EAD_MUR/PLUGINFI_PHP/1432373/MOD_RESO/CONTENT/1/DAM_PMDM/AUDIO.PNG]
[EAD_MUR/PLUGINFI_PHP/1432373/MOD_RESO/CONTENT/1/DAM_PMDM/VIDEO.PNG]
[EAD_MUR/PLUGINFI_PHP/1432373/MOD_RESO/CONTENT/1/DAM_PMDM/PAQUETE.PNG]
[EAD_MUR/PLUGINFI_PHP/1432373/MOD_RESO/CONTENT/1/DAM_PMDM/BINARIO.PNG]
[EAD_MUR/PLUGINFI_PHP/1432373/MOD_RESO/CONTENT/1/DAM_PMDM/HTML.PNG]
[EAD_MUR/PLUGINFI_PHP/1432373/MOD_RESO/CONTENT/1/DAM_PMDM/CC_BY.PNG]
[EAD_MUR/PLUGINFI_PHP/1432373/MOD_RESO/CONTENT/1/DAM_PMDM/CC_BY_NC.PNG]
[EAD_MUR/PLUGINFI_PHP/1432373/MOD_RESO/CONTENT/1/DAM_PMDM/CC_BY_ND.PNG]
[EAD_MUR/PLUGINFI_PHP/1432373/MOD_RESO/CONTENT/1/DAM_PMDM/CC_BY_SA.PNG]
[EAD_MUR/PLUGINFI_PHP/1432373/MOD_RESO/CONTENT/1/DAM_PMDM/CC_BY_-2.PNG]
[EAD_MUR/PLUGINFI_PHP/1432373/MOD_RESO/CONTENT/1/DAM_PMDM/CC_BY_-3.PNG]
[EAD_MUR/PLUGINFI_PHP/1432373/MOD_RESO/CONTENT/1/DAM_PMDM/CC0.PNG]
[EAD_MUR/PLUGINFI_PHP/1432373/MOD_RESO/CONTENT/1/DAM_PMDM/GLOSARIO.PNG]
[EAD_MUR/PLUGINFI_PHP/1432373/MOD_RESO/CONTENT/1/DAM_PMDM/POSTIT.PNG]
[EAD_MUR/PLUGINFI_PHP/1432373/MOD_RESO/CONTENT/1/DAM_PMDM/ICON_ORI.PNG]
[EAD_MUR/PLUGINFI_PHP/1432373/MOD_RESO/CONTENT/1/DAM_PMDM/ICON_CIT.PNG]
[EAD_MUR/PLUGINFI_PHP/1432373/MOD_RESO/CONTENT/1/DAM_PMDM/ICON_REF.PNG]
[EAD_MUR/PLUGINFI_PHP/1432373/MOD_RESO/CONTENT/1/DAM_PMDM/ICON_GAL.PNG]
[EAD_MUR/PLUGINFI_PHP/1432373/MOD_RESO/CONTENT/1/DAM_PMDM/ICON_ACT.PNG]
[EAD_MUR/PLUGINFI_PHP/1432373/MOD_RESO/CONTENT/1/DAM_PMDM/ICON_PRE.PNG]
[EAD_MUR/PLUGINFI_PHP/1432373/MOD_RESO/CONTENT/1/DAM_PMDM/ICON_OBJ.PNG]
[EAD_MUR/PLUGINFI_PHP/1432373/MOD_RESO/CONTENT/1/DAM_PMDM/ICON_C-2.PNG]
[EAD_MUR/PLUGINFI_PHP/1432373/MOD_RESO/CONTENT/1/DAM_PMDM/ICON_REA.PNG]
[EAD_MUR/PLUGINFI_PHP/1432373/MOD_RESO/CONTENT/1/DAM_PMDM/ICON_R-2.PNG]
[EAD_MUR/PLUGINFI_PHP/1432373/MOD_RESO/CONTENT/1/DAM_PMDM/ICON_QUE.GIF]
[EAD_MUR/PLUGINFI_PHP/1432373/MOD_RESO/CONTENT/1/DAM_PMDM/BULLET.PNG]
[EAD_MUR/PLUGINFI_PHP/1432373/MOD_RESO/CONTENT/1/DAM_PMDM/NIVEL1.PNG]
[EAD_MUR/PLUGINFI_PHP/1432373/MOD_RESO/CONTENT/1/DAM_PMDM/NIVEL2.PNG]
[EAD_MUR/PLUGINFI_PHP/1432373/MOD_RESO/CONTENT/1/DAM_PMDM/NIVEL3.PNG]
[EAD_MUR/PLUGINFI_PHP/1432373/MOD_RESO/CONTENT/1/DAM_PMDM/NIVEL4.PNG]
[EAD_MUR/PLUGINFI_PHP/1432373/MOD_RESO/CONTENT/1/DAM_PMDM/NIVEL5.PNG]
[EAD_MUR/PLUGINFI_PHP/1432373/MOD_RESO/CONTENT/1/DAM_PMDM/NIVEL6.PNG]
[EAD_MUR/PLUGINFI_PHP/1432373/MOD_RESO/CONTENT/1/DAM_PMDM/CONTENT.CSS]
[EAD_MUR/PLUGINFI_PHP/1432373/MOD_RESO/CONTENT/1/DAM_PMDM/ACTIVE_B.GIF]
[EAD_MUR/PLUGINFI_PHP/1432373/MOD_RESO/CONTENT/1/DAM_PMDM/ICONO_ME.PNG]
[EAD_MUR/PLUGINFI_PHP/1432373/MOD_RESO/CONTENT/1/DAM_PMDM/NAV.CSS]
[EAD_MUR/PLUGINFI_PHP/1432373/MOD_RESO/CONTENT/1/DAM_PMDM/EXE_JQUE.JS]
[EAD_MUR/PLUGINFI_PHP/1432373/MOD_RESO/CONTENT/1/DAM_PMDM/COMMON_I.JS]
[EAD_MUR/PLUGINFI_PHP/1432373/MOD_RESO/CONTENT/1/DAM_PMDM/COMMON.JS]
[EAD_MUR/PLUGINFI_PHP/1432373/MOD_RESO/CONTENT/1/DAM_PMDM/_FPD_JS.JS]
[EAD_MUR/PLUGINFI_PHP/1432373/MOD_RESO/CONTENT/1/DAM_PMDM/EXE_LIGH.PNG]
[EAD_MUR/PLUGINFI_PHP/1432373/MOD_RESO/CONTENT/1/DAM_PMDM/EXE_LI-2.PNG]
[EAD_MUR/PLUGINFI_PHP/1432373/MOD_RESO/CONTENT/1/DAM_PMDM/EXE_LI-3.PNG]
[EAD_MUR/PLUGINFI_PHP/1432373/MOD_RESO/CONTENT/1/DAM_PMDM/EXE_LI-4.PNG]
[EAD_MUR/PLUGINFI_PHP/1432373/MOD_RESO/CONTENT/1/DAM_PMDM/EXE_LI-5.PNG]
[EAD_MUR/PLUGINFI_PHP/1432373/MOD_RESO/CONTENT/1/DAM_PMDM/EXE_LI-6.PNG]
[EAD_MUR/PLUGINFI_PHP/1432373/MOD_RESO/CONTENT/1/DAM_PMDM/EXE_LIGH.GIF]
[EAD_MUR/PLUGINFI_PHP/1432373/MOD_RESO/CONTENT/1/DAM_PMDM/EXE_LIGH.CSS]
[EAD_MUR/PLUGINFI_PHP/1432373/MOD_RESO/CONTENT/1/DAM_PMDM/EXE_LIGH.JS]
[EAD_MUR/PLUGINFI_PHP/1432373/MOD_RESO/CONTENT/1/DAM_PMDM/EXE_EFFE.CSS]
[EAD_MUR/PLUGINFI_PHP/1432373/MOD_RESO/CONTENT/1/DAM_PMDM/EXE_EFFE.JS]
[EAD_MUR/PLUGINFI_PHP/1432373/MOD_RESO/CONTENT/1/DAM_PMDM/PMDM02_D.HTM]
[EAD_MUR/PLUGINFI_PHP/1432373/MOD_RESO/CONTENT/1/DAM_PMDM/EXE_HIGH.CSS]
[EAD_MUR/PLUGINFI_PHP/1432373/MOD_RESO/CONTENT/1/DAM_PMDM/EXE_HIGH.JS]
[EAD_MUR/PLUGINFI_PHP/1432373/MOD_RESO/CONTENT/1/DAM_PMDM/XSPF_PLA.HTM]
[EAD_MUR/PLUGINFI_PHP/1432373/MOD_RESO/CONTENT/1/DAM_PMDM/EXE_MEDI.HTM]
[EAD_MUR/PLUGINFI_PHP/1432373/MOD_RESO/CONTENT/1/DAM_PMDM/EXE_ME-2.HTM]
[EAD_MUR/PLUGINFI_PHP/1432373/MOD_RESO/CONTENT/1/DAM_PMDM/YOUTU_BE/INDEX.HTM]
