[backblue.gif]
[fade.gif]
[index.html]
[WEB/ICO/FAVICON.ICO]
[WEB/PNG/ICON_CAS.PNG]
[WEB/JPG/CASO_PER.JPG]
[WEB/JPG/MINISTER.JPG]
[WEB/HTML/INDEX.HTM]
[WEB/JPG/PERSONAS.JPG]
[WEB/HTML/1_INTROD.HTM]
[WEB/GIF/ICON_AUT.GIF]
[WEB/JPG/HOMBRENE.JPG]
[WEB/HTML/11_TIPOS.HTM]
[WEB/JPG/MANOSEST.JPG]
[WEB/HTML/2_SELECC.HTM]
[WEB/JPG/RASCACIE.JPG]
[WEB/JPG/GENTETRA.JPG]
[WEB/PNG/ICON_CIT.PNG]
[WEB/HTML/21_ANLIS.HTM]
[WEB/JPG/SGE04_CO.JPG]
[WEB/PNG/ICON_DEB.PNG]
[WEB/FILE_BAZ.HTM]
[WEB/HTML/22_CARGA.HTM]
[WEB/JPG/PUESTOST.JPG]
[WEB/HTML/3_IMPLAN.HTM]
[WEB/JPG/RELOJRAS.JPG]
[WEB/JPG/VARIAS_P.JPG]
[WEB/HTML/31_CONSU.HTM]
[WEB/PNG/PANTALLA.PNG]
[WEB/HTML/32_CREAR.HTM]
[WEB/PNG/XML_LOGO.PNG]
[WEB/JPG/SGE04_-2.JPG]
[WEB/JPG/SGE04_-3.JPG]
[WEB/HTML/33_CREAC.HTM]
[WEB/PNG/SGE04_CO.PNG]
[WEB/HTML/34_CREAC.HTM]
[WEB/JPG/SGE04_-4.JPG]
[WEB/JPG/SGE04_-5.JPG]
[WEB/HTML/35_MANEJ.HTM]
[WEB/JPG/SGE04_-6.JPG]
[WEB/PNG/ICON_PAR.PNG]
[WEB/HTML/36_EXPOR.HTM]
[WEB/JPG/PARTEDEU.JPG]
[WEB/HTML/37_TRASP.HTM]
[WEB/JPG/PERSON-2.JPG]
[WEB/HTML/38_PLANI.HTM]
[WEB/JPG/CASO_P-2.JPG]
[WEB/JPG/BU004265.JPG]
[WEB/HTML/4_CONFIG.HTM]
[WEB/JPG/HOMBRECO.JPG]
[WEB/PNG/PANTAL-2.PNG]
[WEB/PNG/PANTAL-3.PNG]
[WEB/HTML/41_CONTR.HTM]
[WEB/JPG/MANOYRAT.JPG]
[WEB/HTML/42_CAMBI.HTM]
[WEB/JPG/BOTONDAT.JPG]
[WEB/HTML/43_REALI.HTM]
[WEB/JPG/REUNIONO.JPG]
[WEB/JPG/PERSON-3.JPG]
[WEB/HTML/5_PUESTA.HTM]
[WEB/JPG/ARBOLCRE.JPG]
[WEB/HTML/51_FACTO.HTM]
[WEB/HTML/INDEX1.HTM]
[WEB/ICO/FAVICON.ICO]
[WEB/GIF/POPUP_BG.GIF]
[WEB/CSS/BASE.CSS]
[WEB/PNG/ICON_CAS.PNG]
[WEB/PNG/LUPA.PNG]
[WEB/JPG/CASO_PER.JPG]
[WEB/JPG/MINISTER.JPG]
[WEB/GIF/PRE_CODE.GIF]
[WEB/JPG/PERSONAS.JPG]
[WEB/PNG/DOCUMENT.PNG]
[WEB/PNG/PDF.PNG]
[WEB/PNG/HCALCULO.PNG]
[WEB/GIF/ICON_AUT.GIF]
[WEB/PNG/DIBUJO.PNG]
[WEB/PNG/PRESENTA.PNG]
[WEB/PNG/IMAGEN.PNG]
[WEB/JPG/HOMBRENE.JPG]
[WEB/PNG/AUDIO.PNG]
[WEB/PNG/VIDEO.PNG]
[WEB/PNG/PAQUETE.PNG]
[WEB/PNG/BINARIO.PNG]
[WEB/JPG/MANOSEST.JPG]
[WEB/PNG/HTML.PNG]
[WEB/JPG/RASCACIE.JPG]
[WEB/JPG/SGE04_CO.JPG]
[WEB/JPG/PUESTOST.JPG]
[WEB/JPG/GENTETRA.JPG]
[WEB/PNG/CC_BY.PNG]
[WEB/PNG/ICON_DEB.PNG]
[WEB/JPG/RELOJRAS.JPG]
[WEB/PNG/CC_BY_NC.PNG]
[WEB/PNG/CC_BY_ND.PNG]
[WEB/PNG/CC_BY_SA.PNG]
[WEB/PNG/CC_BY_-2.PNG]
[WEB/JPG/VARIAS_P.JPG]
[WEB/PNG/CC_BY_-3.PNG]
[WEB/PNG/CC0.PNG]
[WEB/PNG/GLOSARIO.PNG]
[WEB/PNG/POSTIT.PNG]
[WEB/PNG/PANTALLA.PNG]
[WEB/PNG/ICON_ORI.PNG]
[WEB/PNG/ICON_REC.PNG]
[WEB/PNG/ICON_REF.PNG]
[WEB/PNG/ICON_EJE.PNG]
[WEB/PNG/XML_LOGO.PNG]
[WEB/PNG/ICON_GAL.PNG]
[WEB/PNG/ICON_ACT.PNG]
[WEB/PNG/ICON_PRE.PNG]
[WEB/PNG/ICON_OBJ.PNG]
[WEB/JPG/SGE04_-2.JPG]
[WEB/PNG/ICON_C-2.PNG]
[WEB/PNG/ICON_REA.PNG]
[WEB/PNG/ICON_R-2.PNG]
[WEB/GIF/ICON_QUE.GIF]
[WEB/JPG/SGE04_-3.JPG]
[WEB/PNG/BULLET.PNG]
[WEB/PNG/NIVEL1.PNG]
[WEB/PNG/NIVEL2.PNG]
[WEB/PNG/SGE04_CO.PNG]
[WEB/PNG/NIVEL3.PNG]
[WEB/JPG/SGE04_-4.JPG]
[WEB/JPG/SGE04_-5.JPG]
[WEB/JPG/PARTEDEU.JPG]
[WEB/JPG/SGE04_-6.JPG]
[WEB/PNG/NIVEL4.PNG]
[WEB/PNG/ICON_PAR.PNG]
[WEB/PNG/NIVEL5.PNG]
[WEB/JPG/PERSON-2.JPG]
[WEB/PNG/NIVEL6.PNG]
[WEB/CSS/CONTENT.CSS]
[WEB/JPG/CASO_P-2.JPG]
[WEB/JPG/BU004265.JPG]
[WEB/PNG/PANTAL-2.PNG]
[WEB/JPG/MANOYRAT.JPG]
[WEB/JPG/HOMBRECO.JPG]
[WEB/PNG/PANTAL-3.PNG]
[WEB/JPG/BOTONDAT.JPG]
[WEB/JPG/REUNIONO.JPG]
[WEB/JPG/ARBOLCRE.JPG]
[WEB/GIF/ACTIVE_B.GIF]
[WEB/JPG/PERSON-3.JPG]
[WEB/GIF/POPUP_BG.GIF]
[WEB/PNG/ICONO_ME.PNG]
[WEB/CSS/NAV.CSS]
[WEB/JS/EXE_JQUE.JS]
[WEB/JS/COMMON_I.JS]
[WEB/PNG/DOCUMENT.PNG]
[WEB/PNG/PDF.PNG]
[WEB/PNG/DIBUJO.PNG]
[WEB/PNG/AUDIO.PNG]
[WEB/PNG/PRESENTA.PNG]
[WEB/PNG/VIDEO.PNG]
[WEB/PNG/HTML.PNG]
[WEB/PNG/CC_BY.PNG]
[WEB/PNG/IMAGEN.PNG]
[WEB/PNG/PAQUETE.PNG]
[WEB/PNG/CC_BY_NC.PNG]
[WEB/PNG/CC_BY_ND.PNG]
[WEB/PNG/CC_BY_SA.PNG]
[WEB/PNG/CC0.PNG]
[WEB/PNG/CC_BY_-3.PNG]
[WEB/JS/COMMON.JS]
[WEB/JS/_FPD_JS.JS]
[WEB/FILE_BAZ.HTM]
[WEB/HTML/INDEX1.HTM]
[WEB/PNG/GLOSARIO.PNG]
[WEB/PNG/POSTIT.PNG]
[WEB/PNG/ICON_REC.PNG]
[WEB/PNG/ICON_GAL.PNG]
[WEB/PNG/ICON_REF.PNG]
[WEB/PNG/ICON_ORI.PNG]
[WEB/PNG/ICON_ACT.PNG]
[WEB/PNG/ICON_PRE.PNG]
[WEB/PNG/ICON_C-2.PNG]
[WEB/XSPF_PLA.HTM]
[WEB/EXE_MEDI.HTM]
[WEB/EXE_ME-2.HTM]
