[backblue.gif]
[fade.gif]
[index.html]
[web/ico/favicon.ico]
[web/png/icon_casopracticofpd.png]
[web/jpg/caso_personajes_24.jpg]
[web/jpg/ministerio-de-educacion-y-formacion-profesional-web.jpg]
[web/html/index.html]
[web/jpg/ad01_cont_r02_basedatos.jpg]
[web/gif/icon_autoevaluacionfpd.gif]
[web/png/icon_parasabermasfpd.png]
[web/html/1_introduccin.html]
[web/jpg/ein_ppaa_caso_r13_anaparque_fot.jpg]
[web/jpg/ad01_cont_r04_esquema.jpg]
[web/html/2_acceso_a_datos.html]
[web/jpg/ad01_cont_r04_esquema_miniatura.jpg]
[web/jpg/ad01_cont_r05_estrategia.jpg]
[web/html/21_qu_estrategia_o_mtodo_de_acceso_a_datos_usar.html]
[web/jpg/caso_personajes_26.jpg]
[web/jpg/ad01_cont_r06_ficheros.jpg]
[web/jpg/ad01_cont_r06_ficheros_miniatura.jpg]
[web/png/icon_reflexionfpd.png]
[web/html/3_ficheros.html]
[web/jpg/ad01_cont_r07_monitor.jpg]
[web/html/31_uso_ficheros_en_la_actualidad.html]
[web/jpg/caso_personajes_04.jpg]
[web/jpg/ad01_cont_r08_lejasyordenador.jpg]
[web/png/icon_citasparapensarfpd.png]
[web/html/4_bases_de_datos.html]
[web/png/ad01_cont_r09_esquemabd.png]
[web/html/41_introduccin.html]
[web/jpg/ad01_cont_r09_esquemabd_miniatura.jpg]
[web/jpg/ad01_cont_r10_tabla.jpg]
[web/jpg/ad01_cont_r10_tabla_miniatura.jpg]
[web/html/42_bases_de_datos_relacionales.html]
[web/jpg/ad01_cont_r11_objetos.jpg]
[web/jpg/ad01_cont_r11_objetos_miniatura.jpg]
[web/pdf/ad01_cont_r12_manifiesto.pdf]
[web/html/43_bases_de_datos_orientadas_a_objetos_i.html]
[web/jpg/ad01_cont_r12_01_caracbdo.jpg]
[web/html/431_bases_de_datos_orientadas_a_objetos_ii.html]
[web/jpg/ad01_cont_r13_clave.jpg]
[web/html/44_comparativa_entre_bases_de_datos_relacionales_y_orientadas_a_objetos.html]
[web/jpg/ad01_cont_r14_tierra.jpg]
[web/html/441_desventajas_de_las_bases_de_datos_orientadas_a_objetos_frente_a__las_relacionales.html]
[web/jpg/ad01_cont_r15_sqlplus.jpg]
[web/jpg/ad01_cont_r15_sqlplus_miniatura.jpg]
[web/html/45_bases_de_datos_objetorelacionales.html]
[web/jpg/caso_personajes_08.jpg]
[web/png/ad01_cont_r17_piladriver.png]
[web/html/5_acceso_a_bases_de_datos_mediante_conectores.html]
[web/jpg/ad01_cont_r17_piladriver_miniatura.jpg]
[web/jpg/ein_jym_caso_mariaordenador_fot.jpg]
[web/png/ad01_cont_r19_bd.png]
[web/html/6_mapeo_objeto_relacional_orm.html]
[web/png/ad01_cont_r20_capas1.png]
[web/png/ad01_cont_r20_capas1_miniatura.png]
[web/png/icon_debesconocerfpd.png]
[web/html/61_capa_de_persistencia_y_framework_de_mapeo.html]
[web/jpg/ein_jym_caso_mariaordenadortelefono_fot.jpg]
[web/png/ad01_cont_r22_xml.png]
[web/jpg/ad01_cont_r22_xml_miniatura.jpg]
[web/html/7_bases_de_datos_xml.html]
[web/jpg/ad01_cont_r24_mujerenordenador.jpg]
[web/html/8_desarrollo_de_componentes.html]
[web/jpg/ad01_cont_r25_cafe.jpg]
[web/html/81_definicin_de_componente.html]
[web/jpg/ad01_cont_r26_tazacafe.jpg]
[web/pdf/ad01_cont_r27_caracjb.pdf]
[web/html/82_javabeans.html]
[web/html/9_herramientas_de_trabajo_necesarias_para_el_mdulo.html]
[web/html/91_netbeans.html]
[web/html/92_eclipse.html]
[web/html/93_plugin_de_hibernate.html]
[web/html/94_jdbc.html]
[web/html/95_sistemas_gestores_de_bases_de_datos_relacionalesseccin.html]
[web/html/96_bases_de_datos_orientadas_a_documentos.html]
[web/jpg/ad01_cont_r02_basedatos_anexo.jpg]
[web/jpg/ad01_cont_r06_ficheros_anexo.jpg]
[web/jpg/ad01_cont_r13_clave_anexo.jpg]
[web/jpg/ad01_cont_r14_tierra_anexo.jpg]
[web/jpg/ad01_cont_r15_sqlplus_anexo.jpg]
[web/jpg/ad01_cont_r19_bd_anexo.jpg]
[web/jpg/ad01_cont_r24_mujerenordenador_anexo.jpg]
[web/jpg/ad01_cont_r26_tazacafe_anexo.jpg]
[web/html/anexo_licencias_de_recursos.html]
[web/html/ad01_descripcion_video_spectrum2.html]
[web/html/ad01_descripcion_video_software_libre.html]
[web/html/ad01_descripcion_presentacion_resumen_manifiesto.html]
[web/html/ad01_descripcion_presentacion_caracteristicas_javabeans.html]
[web/gif/popup_bg.gif]
[web/css/base.css]
[web/ico/favicon.ico]
[web/png/icon_casopracticofpd.png]
[web/jpg/caso_personajes_24.jpg]
[web/png/lupa.png]
[web/jpg/ministerio-de-educacion-y-formacion-profesional-web.jpg]
[web/png/icon_parasabermasfpd.png]
[web/jpg/ad01_cont_r04_esquema.jpg]
[web/jpg/ein_ppaa_caso_r13_anaparque_fot.jpg]
[web/gif/pre_code_bg.gif]
[web/jpg/ad01_cont_r04_esquema_miniatura.jpg]
[web/png/documento.png]
[web/png/pdf.png]
[web/png/hcalculo.png]
[web/png/dibujo.png]
[web/jpg/ad01_cont_r05_estrategia.jpg]
[web/png/presentacion.png]
[web/png/imagen.png]
[web/png/audio.png]
[web/jpg/caso_personajes_26.jpg]
[web/png/video.png]
[web/png/paquete.png]
[web/png/binario.png]
[web/png/html.png]
[web/jpg/ad01_cont_r06_ficheros.jpg]
[web/png/icon_reflexionfpd.png]
[web/jpg/ad01_cont_r07_monitor.jpg]
[web/jpg/ad01_cont_r08_lejasyordenador.jpg]
[web/jpg/ad01_cont_r09_esquemabd_miniatura.jpg]
[web/png/cc-by.png]
[web/png/ad01_cont_r09_esquemabd.png]
[web/png/cc-by-nc.png]
[web/png/cc-by-nd.png]
[web/jpg/ad01_cont_r10_tabla.jpg]
[web/jpg/ad01_cont_r10_tabla_miniatura.jpg]
[web/jpg/ad01_cont_r11_objetos.jpg]
[web/jpg/ad01_cont_r15_sqlplus.jpg]
[web/png/cc-by-sa.png]
[web/pdf/ad01_cont_r12_manifiesto.pdf]
[web/png/cc-by-nc-nd.png]
[web/jpg/ad01_cont_r11_objetos_miniatura.jpg]
[web/jpg/ad01_cont_r15_sqlplus_miniatura.jpg]
[web/png/cc-by-nc-sa.png]
[web/png/cc0.png]
[web/png/glosario.png]
[web/png/postit.png]
[web/png/ad01_cont_r17_piladriver.png]
[web/png/icon_orientacionesfpd.png]
[web/png/icon_recomendacionfpd.png]
[web/png/icon_ejercicioresueltofpd.png]
[web/jpg/ad01_cont_r17_piladriver_miniatura.jpg]
[web/png/icon_gallery.png]
[web/png/icon_activity.png]
[web/png/icon_preknowledge.png]
[web/png/icon_objectives.png]
[web/png/ad01_cont_r19_bd.png]
[web/png/icon_casestudy.png]
[web/png/ad01_cont_r20_capas1_miniatura.png]
[web/png/ad01_cont_r22_xml.png]
[web/png/icon_debesconocerfpd.png]
[web/png/icon_reading.png]
[web/png/ad01_cont_r20_capas1.png]
[web/jpg/ad01_cont_r22_xml_miniatura.jpg]
[web/png/icon_reflection.png]
[web/gif/icon_question.gif]
[web/png/bullet.png]
[web/png/nivel1.png]
[web/jpg/ad01_cont_r25_cafe.jpg]
[web/jpg/ad01_cont_r26_tazacafe.jpg]
[web/pdf/ad01_cont_r27_caracjb.pdf]
[web/jpg/ad01_cont_r13_clave_anexo.jpg]
[web/jpg/ad01_cont_r14_tierra_anexo.jpg]
[web/png/nivel2.png]
[web/jpg/ad01_cont_r06_ficheros_anexo.jpg]
[web/png/nivel3.png]
[web/jpg/ad01_cont_r15_sqlplus_anexo.jpg]
[web/png/nivel4.png]
[web/png/nivel5.png]
[web/png/nivel6.png]
[web/css/content.css]
[web/jpg/ad01_cont_r19_bd_anexo.jpg]
[web/jpg/ad01_cont_r24_mujerenordenador_anexo.jpg]
[web/jpg/ad01_cont_r26_tazacafe_anexo.jpg]
[web/png/hcalculo.png]
[web/gif/active_bg.gif]
[web/png/documento.png]
[web/png/presentacion.png]
[web/png/pdf.png]
[web/png/icono-menu.png]
[web/css/nav.css]
[web/js/exe_jquery.js]
[web/js/common_i18n.js]
[web/png/imagen.png]
[web/png/video.png]
[web/png/binario.png]
[web/png/cc-by.png]
[web/png/paquete.png]
[web/png/html.png]
[web/png/cc0.png]
[web/png/cc-by-nc.png]
[web/png/cc-by-sa.png]
[web/png/glosario.png]
[web/png/cc-by-nc-sa.png]
[web/png/icon_orientacionesfpd.png]
[web/png/icon_gallery.png]
[web/png/icon_activity.png]
[web/png/icon_recomendacionfpd.png]
[web/js/common.js]
[web/js/_fpd_js.js]
[web/html/ad01_descripcion_video_spectrum2.html]
[web/png/bullet.png]
[web/png/icon_casestudy.png]
[web/png/icon_preknowledge.png]
[web/gif/icon_question.gif]
[web/png/icon_reflection.png]
[web/png/nivel2.png]
[web/png/nivel1.png]
[web/html/ad01_descripcion_video_software_libre.html]
[web/png/nivel4.png]
[web/html/ad01_descripcion_presentacion_resumen_manifiesto.html]
[web/css/exe_highlighter.css]
[web/js/exe_highlighter.js]
[web/png/nivel5.png]
[web/png/nivel6.png]
[web/gif/active_bg.gif]
[web/png/icono-menu.png]
[web/html/ad01_descripcion_presentacion_caracteristicas_javabeans.html]
[web/xspf_player5eca.html]
[web/exe_media.html]
[web/exe_media-2.html]
