[backblue.gif]
[fade.gif]
[index.html]
[web/ico/favicon.ico]
[web/png/icon_casopracticofpd.png]
[web/png/sge01_cont_r01_ada.png]
[web/jpg/ministerio-de-educacion-y-formacion-profesional-web.1.jpg]
[web/html/index.html]
[web/png/sge01_cont_r02_maria.png]
[web/jpg/sge01_cont_r03_empresas.jpg]
[web/jpg/8141__43_m_1.jpg]
[web/png/icon_parasabermasfpd.png]
[web/html/1_introduccin_a_la_gestin_empresarial.html]
[web/jpg/sge01_cont_r04_sala_ordenadores.jpg]
[web/jpg/h7558_m.jpg]
[web/gif/icon_autoevaluacionfpd.gif]
[web/html/11_evolucin_de_la_informtica_de_gestin_empresarial.html]
[web/jpg/gestor(a)_de__proyectos_01.jpg.jpg]
[web/html/12_organizacin_de_una_empresa_y_sus_relaciones_externas.html]
[web/png/icon_citasparapensarfpd.png]
[web/jpg/sge01_cont_r06_biblioteca.jpg]
[web/jpg/24609__150_m_3.jpg]
[web/png/sge01_cont_r07__arquitectura_erp.png]
[web/png/sge01_cont_r07__arquitectura_erp_miniatura.png]
[web/html/2_erpcrm.html]
[web/jpeg/sge01_cont_r08_evolucionerp.jpeg]
[web/jpg/sge01_cont_r08_evolucionerp_miniatura.jpg]
[web/html/21_revisin_de_erp_actuales.html]
[web/png/icon_debesconocerfpd.png]
[web/jpeg/sge01_cont_r09_caracteristicaserp.jpeg]
[web/html/22_caractersticas_de_los_erp.html]
[web/jpg/sge01_cont_r09_caracteristicaserp_miniatura.jpg]
[web/jpg/sge01_cont_r10_introduccion_de_datos.jpg]
[web/jpg/179384_m_1.jpg]
[web/html/23_ventajas_e_inconvenientes_de_los_erp.html]
[web/jpg/sge01_cont_r11_comercios.jpg]
[web/jpg/175053_m_1.jpg]
[web/html/24_concepto_crm.html]
[web/jpeg/sge01_cont_r12_monitores.jpeg]
[web/jpg/181085_m_1.jpg]
[web/html/25_revisin_de_crm_actuales.html]
[web/jpg/sge01_cont_r13_puesto_trabajo.jpg]
[web/jpg/27932__114_m_1.jpg]
[web/html/26_caractersticas_de_los_crm.html]
[web/jpg/sge01_cont_r14_centro_comercial.jpg]
[web/jpg/sge01_cont_r14_centro_comercial_miniatura.jpg]
[web/jpg/17861__109_m_1.jpg]
[web/html/27_ventajas__e_inconvenientes__de_los_crm.html]
[web/jpg/sge01_cont_r15_analista.jpg]
[web/jpg/h46_m.jpg]
[web/html/28_requisitos_de_los_sistemas__erpcrm.html]
[web/jpg/sge01_cont_r16_notas.jpg]
[web/jpg/181086_m_1.jpg]
[web/png/sge01_cont_r17_base_datos.png]
[web/png/sge01_cont_r17_base_datos_miniatura.png]
[web/html/3_arquitectura_de_un_sistema_erpcrm.html]
[web/jpg/sge01_cont_r18_cliente_servidor.jpg]
[web/jpg/sge01_cont_r18_cliente_servidor_miniatura.jpg]
[web/html/31_estructura_funcional_en_un_sistema_erp.html]
[web/jpg/sge01_cont_r19_extensiones_erp.jpg]
[web/jpg/sge01_cont_r19_extensiones_erp_miniatura.jpg]
[web/html/32_extensiones_referentes_al_sistema_erp.html]
[web/jpg/sge01_cont_r20_portatil.jpg]
[web/jpg/sge01_cont_r20_portatil_miniatura.jpg]
[web/jpg/20248__54_m_9.jpg]
[web/jpeg/sge01_cont_r21_windows_linux.jpeg]
[web/html/4_software_compatible_configuracin.html]
[web/html/41_sistemas_operativos_libres_o_propietarios.html]
[web/jpg/sge01_cont_r23_diagrama.jpg]
[web/html/42_sistemas_gestores_de_bases_de_datos.html]
[web/jpg/sge01_cont_r24_servidores.jpg]
[web/jpg/sge01_cont_r24_servidores_miniatura.jpg]
[web/html/43_configuracin_de_la_plataforma.html]
[web/html/44_verificacin_de_la_instalacin_y_configuracin_de_los_sistemas_operativos_y_de_gestin_de_datos.html]
[web/html/index1.1.html]
[web/ico/favicon.ico]
[web/gif/popup_bg.gif]
[web/css/base.css]
[web/jpg/ministerio-de-educacion-y-formacion-profesional-web.1.jpg]
[web/png/sge01_cont_r01_ada.png]
[web/png/icon_casopracticofpd.png]
[web/jpg/sge01_cont_r03_empresas.jpg]
[web/png/sge01_cont_r02_maria.png]
[web/png/lupa.png]
[web/jpg/sge01_cont_r04_sala_ordenadores.jpg]
[web/gif/pre_code_bg.gif]
[web/png/documento.png]
[web/png/pdf.png]
[web/png/hcalculo.png]
[web/png/dibujo.png]
[web/gif/icon_autoevaluacionfpd.gif]
[web/jpg/gestor(a)_de__proyectos_01.jpg.jpg]
[web/png/icon_citasparapensarfpd.png]
[web/png/presentacion.png]
[web/jpg/sge01_cont_r06_biblioteca.jpg]
[web/png/imagen.png]
[web/png/sge01_cont_r07__arquitectura_erp.png]
[web/png/audio.png]
[web/png/video.png]
[web/png/paquete.png]
[web/png/binario.png]
[web/png/sge01_cont_r07__arquitectura_erp_miniatura.png]
[web/png/html.png]
[web/png/cc-by.png]
[web/png/cc-by-nc.png]
[web/png/cc-by-nd.png]
[web/jpeg/sge01_cont_r08_evolucionerp.jpeg]
[web/png/cc-by-sa.png]
[web/png/icon_debesconocerfpd.png]
[web/jpeg/sge01_cont_r09_caracteristicaserp.jpeg]
[web/jpg/sge01_cont_r09_caracteristicaserp_miniatura.jpg]
[web/jpg/sge01_cont_r11_comercios.jpg]
[web/jpg/sge01_cont_r08_evolucionerp_miniatura.jpg]
[web/jpg/sge01_cont_r10_introduccion_de_datos.jpg]
[web/png/cc-by-nc-nd.png]
[web/png/cc-by-nc-sa.png]
[web/png/cc0.png]
[web/png/glosario.png]
[web/png/postit.png]
[web/jpeg/sge01_cont_r12_monitores.jpeg]
[web/png/icon_orientacionesfpd.png]
[web/png/icon_recomendacionfpd.png]
[web/png/icon_reflexionfpd.png]
[web/png/icon_ejercicioresueltofpd.png]
[web/png/icon_gallery.png]
[web/png/icon_activity.png]
[web/png/icon_preknowledge.png]
[web/png/icon_objectives.png]
[web/jpg/sge01_cont_r13_puesto_trabajo.jpg]
[web/png/icon_casestudy.png]
[web/png/icon_reading.png]
[web/png/icon_reflection.png]
[web/gif/icon_question.gif]
[web/png/bullet.png]
[web/png/nivel1.png]
[web/png/nivel2.png]
[web/png/nivel3.png]
[web/png/nivel4.png]
[web/jpg/sge01_cont_r14_centro_comercial.jpg]
[web/png/nivel5.png]
[web/png/nivel6.png]
[web/css/content.css]
[web/jpg/sge01_cont_r14_centro_comercial_miniatura.jpg]
[web/gif/active_bg.gif]
[web/jpg/sge01_cont_r15_analista.jpg]
[web/png/icono-menu.png]
[web/css/nav.css]
[web/js/exe_jquery.js]
[web/js/common_i18n.js]
[web/jpg/sge01_cont_r16_notas.jpg]
[web/png/sge01_cont_r17_base_datos.png]
[web/jpg/sge01_cont_r18_cliente_servidor_miniatura.jpg]
[web/png/sge01_cont_r17_base_datos_miniatura.png]
[web/jpg/sge01_cont_r18_cliente_servidor.jpg]
[web/jpg/sge01_cont_r19_extensiones_erp.jpg]
[web/jpg/sge01_cont_r20_portatil_miniatura.jpg]
[web/jpg/sge01_cont_r19_extensiones_erp_miniatura.jpg]
[web/jpeg/sge01_cont_r21_windows_linux.jpeg]
[web/jpg/sge01_cont_r20_portatil.jpg]
[web/jpg/sge01_cont_r24_servidores.jpg]
[web/jpg/sge01_cont_r24_servidores_miniatura.jpg]
[web/jpg/sge01_cont_r23_diagrama.jpg]
[web/js/common.js]
[web/js/_fpd_js.js]
[web/html/index1.1.html]
[web/gif/pre_code_bg.gif]
[web/png/documento.png]
[web/png/pdf.png]
[web/png/video.png]
[web/png/audio.png]
[web/png/presentacion.png]
[web/png/hcalculo.png]
[web/png/paquete.png]
[web/png/cc-by.png]
[web/png/html.png]
[web/xspf_player5eca.html]
[web/exe_media.html]
[web/exe_media-2.html]
