[backblue.gif]
[fade.gif]
[index.html]
[WEB/HTML/INDEX.HTM]
[WEB/JPG/PMDM01_J.JPG]
[WEB/JPG/PMDM01_C.JPG]
[WEB/HTML/1_PRIMER.HTM]
[WEB/PNG/ICON_PAR.PNG]
[WEB/JPG/PMDM01-2.JPG]
[WEB/JPG/29909__7.JPG]
[WEB/JPG/PMDM01-3.JPG]
[WEB/HTML/11_INTRO.HTM]
[WEB/JPG/PMDM01-4.JPG]
[WEB/HTML/12_LIMIT.HTM]
[WEB/JPG/PMDM01-5.JPG]
[WEB/GIF/PMDM01_C.GIF]
[WEB/JPG/198245_A.JPG]
[WEB/HTML/13_TECNO.HTM]
[WEB/JPG/PMDM01-6.JPG]
[WEB/JPG/PMDM01-7.JPG]
[WEB/JPG/PMDM01-8.JPG]
[WEB/HTML/131_HARD.HTM]
[WEB/JPG/PMDM01-9.JPG]
[WEB/HTML/2_SISTEM.HTM]
[WEB/PNG/PMDM01_C.PNG]
[WEB/FILE_AND.HTM]
[WEB/JPG/PMDM0-10.JPG]
[WEB/JPG/PMDM0-11.JPG]
[WEB/HTML/21_ANDRO.HTM]
[WEB/JPG/PMDM0-12.JPG]
[WEB/HTML/22_IOS.HTM]
[WEB/JPG/PMDM0-13.JPG]
[WEB/HTML/23_WINDO.HTM]
[WEB/JPG/PMDM01_M.JPG]
[WEB/JPG/PMDM0-14.JPG]
[WEB/PNG/PMDM01-2.PNG]
[WEB/PNG/PMDM01-3.PNG]
[WEB/HTML/3_PLATAF.HTM]
[WEB/JPG/PMDM0-15.JPG]
[WEB/HTML/31_ELECC.HTM]
[WEB/FILE_GIT.HTM]
[WEB/JPG/PMDM0-16.JPG]
[WEB/HTML/32_LA_PL.HTM]
[WEB/PNG/ICON_DEB.PNG]
[WEB/PNG/PMDM01-4.PNG]
[WEB/HTML/33_EL_EN.HTM]
[WEB/JPG/PMDM0-17.JPG]
[WEB/HTML/34_MAQUI.HTM]
[WEB/HTML/PMDM01_L.HTM]
[WEB/JPG/PMDM01_A.JPG]
[WEB/JPG/MINISTER.JPG]
[WEB/JPG/PMDM01_J.JPG]
[WEB/JPG/PMDM01_C.JPG]
[WEB/ICO/FAVICON.ICO]
[WEB/PNG/ICON_CAS.PNG]
[WEB/JPG/ICO_NV.JPG]
[WEB/PNG/ICON_PAR.PNG]
[WEB/JPG/PMDM01-2.JPG]
[WEB/JPG/PMDM01-3.JPG]
[WEB/GIF/POPUP_BG.GIF]
[WEB/CSS/BASE.CSS]
[WEB/JPG/PMDM01-6.JPG]
[WEB/PNG/PMDM01_C.PNG]
[WEB/JPG/PMDM01-7.JPG]
[WEB/JPG/PMDM01-5.JPG]
[WEB/JPG/PMDM01-9.JPG]
[WEB/JPG/PMDM01-4.JPG]
[WEB/GIF/PMDM01_C.GIF]
[WEB/JPG/PMDM0-13.JPG]
[WEB/JPG/PMDM01_M.JPG]
[WEB/JPG/PMDM0-14.JPG]
[WEB/PNG/PMDM01-3.PNG]
[WEB/JPG/PMDM0-16.JPG]
[WEB/PNG/PMDM01-4.PNG]
[WEB/PNG/ICON_DEB.PNG]
[WEB/GIF/POPUP_BG.GIF]
[WEB/PNG/PMDM01-2.PNG]
[WEB/JPG/PMDM0-15.JPG]
[WEB/JPG/PMDM0-17.JPG]
[WEB/GIF/PRE_CODE.GIF]
[WEB/PNG/DOCUMENT.PNG]
[WEB/PNG/PDF.PNG]
[WEB/PNG/HCALCULO.PNG]
[WEB/PNG/DIBUJO.PNG]
[WEB/PNG/PRESENTA.PNG]
[WEB/PNG/IMAGEN.PNG]
[WEB/PNG/AUDIO.PNG]
[WEB/PNG/VIDEO.PNG]
[WEB/PNG/PAQUETE.PNG]
[WEB/PNG/BINARIO.PNG]
[WEB/PNG/HTML.PNG]
[WEB/PNG/CC_BY.PNG]
[WEB/PNG/CC_BY_NC.PNG]
[WEB/PNG/CC_BY_ND.PNG]
[WEB/PNG/CC_BY_SA.PNG]
[WEB/PNG/CC_BY_-2.PNG]
[WEB/PNG/CC_BY_-3.PNG]
[WEB/PNG/CC0.PNG]
[WEB/PNG/GLOSARIO.PNG]
[WEB/PNG/POSTIT.PNG]
[WEB/PNG/ICON_ORI.PNG]
[WEB/PNG/ICON_CIT.PNG]
[WEB/PNG/ICON_REC.PNG]
[WEB/PNG/ICON_REF.PNG]
[WEB/PNG/ICON_EJE.PNG]
[WEB/PNG/ICON_GAL.PNG]
[WEB/PNG/ICON_ACT.PNG]
[WEB/PNG/ICON_PRE.PNG]
[WEB/PNG/ICON_OBJ.PNG]
[WEB/PNG/ICON_C-2.PNG]
[WEB/PNG/ICON_REA.PNG]
[WEB/PNG/ICON_R-2.PNG]
[WEB/GIF/ICON_QUE.GIF]
[WEB/PNG/BULLET.PNG]
[WEB/PNG/NIVEL1.PNG]
[WEB/PNG/NIVEL2.PNG]
[WEB/PNG/NIVEL3.PNG]
[WEB/PNG/NIVEL4.PNG]
[WEB/PNG/NIVEL5.PNG]
[WEB/PNG/NIVEL6.PNG]
[WEB/CSS/CONTENT.CSS]
[WEB/GIF/ACTIVE_B.GIF]
[WEB/PNG/ICONO_ME.PNG]
[WEB/CSS/NAV.CSS]
[WEB/JS/EXE_JQUE.JS]
[WEB/JS/COMMON_I.JS]
[WEB/JS/COMMON.JS]
[WEB/JS/_FPD_JS.JS]
[WEB/HTML/PMDM01_L.HTM]
[WEB/CSS/EXE_LIGH.CSS]
[WEB/CSS/EXE_EFFE.CSS]
[WEB/JS/EXE_LIGH.JS]
[WEB/JS/EXE_EFFE.JS]
[WEB/FILE_AND.HTM]
[WEB/FILE_GIT.HTM]
[WEB/XSPF_PLA.HTM]
[WEB/EXE_MEDI.HTM]
[WEB/EXE_ME-2.HTM]
[WEB/PNG/LUPA.PNG]
